C:\Users\91705>cd\

C:\>xampp\mysql\bin\mysql -h localhost -u root
Welcome to the MariaDB monitor.  Commands end with ; or \g.
Your MariaDB connection id is 8
Server version: 10.4.28-MariaDB mariadb.org binary distribution

Copyright (c) 2000, 2018, Oracle, MariaDB Corporation Ab and others.

Type 'help;' or '\h' for help. Type '\c' to clear the current input statement.

MariaDB [(none)]> use hr;
Database changed
MariaDB [hr]> select first name department id from customer where last name='de haan';
ERROR 1064 (42000): You have an error in your SQL syntax; check the manual that corresponds to your MariaDB server version for the right syntax to use near 'department id from customer where last name='de haan'' at line 1
MariaDB [hr]> select first_name,department_id from employees where last_name='de haan';
+------------+---------------+
| first_name | department_id |
+------------+---------------+
| Lex        |            90 |
+------------+---------------+
1 row in set (0.096 sec)

MariaDB [hr]> select *from departments where department_name='sales';
+---------------+-----------------+------------+-------------+
| department_id | department_name | manager_id | location_id |
+---------------+-----------------+------------+-------------+
|            80 | Sales           |        145 |        2500 |
+---------------+-----------------+------------+-------------+
1 row in set (0.010 sec)

MariaDB [hr]> select first_name,last_name,department_id,salary from employees where salary>9700;
+------------+-----------+---------------+----------+
| first_name | last_name | department_id | salary   |
+------------+-----------+---------------+----------+
| Steven     | King      |            90 | 24000.00 |
| Neena      | Kochhar   |            90 | 17000.00 |
| Lex        | De Haan   |            90 | 17000.00 |
| Nancy      | Greenberg |           100 | 12000.00 |
| Den        | Raphaely  |            30 | 11000.00 |
| John       | Russell   |            80 | 14000.00 |
| Karen      | Partners  |            80 | 13500.00 |
| Alberto    | Errazuriz |            80 | 12000.00 |
| Gerald     | Cambrault |            80 | 11000.00 |
| Eleni      | Zlotkey   |            80 | 10500.00 |
| Peter      | Tucker    |            80 | 10000.00 |
| Janette    | King      |            80 | 10000.00 |
| Clara      | Vishney   |            80 | 10500.00 |
| Lisa       | Ozer      |            80 | 11500.00 |
| Harrison   | Bloom     |            80 | 10000.00 |
| Ellen      | Abel      |            80 | 11000.00 |
| Michael    | Hartstein |            20 | 13000.00 |
| Hermann    | Baer      |            70 | 10000.00 |
| Shelley    | Higgins   |           110 | 12000.00 |
+------------+-----------+---------------+----------+
19 rows in set (0.000 sec)

MariaDB [hr]> select *from employees where hire_date<'1992-01-01';
+-------------+------------+-----------+----------+--------------+------------+---------+----------+----------------+------------+---------------+
| employee_id | first_name | last_name | email    | phone_number | hire_date  | job_id  | salary   | commission_pct | manager_id | department_id |
+-------------+------------+-----------+----------+--------------+------------+---------+----------+----------------+------------+---------------+
|         100 | Steven     | King      | SKING    | 515.123.4567 | 1987-06-17 | AD_PRES | 24000.00 |           NULL |       NULL |            90 |
|         101 | Neena      | Kochhar   | NKOCHHAR | 515.123.4568 | 1989-09-21 | AD_VP   | 17000.00 |           NULL |        100 |            90 |
|         103 | Alexander  | Hunold    | AHUNOLD  | 590.423.4567 | 1990-01-03 | IT_PROG |  9000.00 |           NULL |        102 |            60 |
|         104 | Bruce      | Ernst     | BERNST   | 590.423.4568 | 1991-05-21 | IT_PROG |  6000.00 |           NULL |        103 |            60 |
|         200 | Jennifer   | Whalen    | JWHALEN  | 515.123.4444 | 1987-09-17 | AD_ASST |  4400.00 |           NULL |        101 |            10 |
+-------------+------------+-----------+----------+--------------+------------+---------+----------+----------------+------------+---------------+
5 rows in set (0.001 sec)

MariaDB [hr]> select employee_id,first_name,job_id,department_id from employees where department_id in(20,60,80);
+-------------+-------------+---------+---------------+
| employee_id | first_name  | job_id  | department_id |
+-------------+-------------+---------+---------------+
|         103 | Alexander   | IT_PROG |            60 |
|         104 | Bruce       | IT_PROG |            60 |
|         105 | David       | IT_PROG |            60 |
|         106 | Valli       | IT_PROG |            60 |
|         107 | Diana       | IT_PROG |            60 |
|         145 | John        | SA_MAN  |            80 |
|         146 | Karen       | SA_MAN  |            80 |
|         147 | Alberto     | SA_MAN  |            80 |
|         148 | Gerald      | SA_MAN  |            80 |
|         149 | Eleni       | SA_MAN  |            80 |
|         150 | Peter       | SA_REP  |            80 |
|         151 | David       | SA_REP  |            80 |
|         152 | Peter       | SA_REP  |            80 |
|         153 | Christopher | SA_REP  |            80 |
|         154 | Nanette     | SA_REP  |            80 |
|         155 | Oliver      | SA_REP  |            80 |
|         156 | Janette     | SA_REP  |            80 |
|         157 | Patrick     | SA_REP  |            80 |
|         158 | Allan       | SA_REP  |            80 |
|         159 | Lindsey     | SA_REP  |            80 |
|         160 | Louise      | SA_REP  |            80 |
|         161 | Sarath      | SA_REP  |            80 |
|         162 | Clara       | SA_REP  |            80 |
|         163 | Danielle    | SA_REP  |            80 |
|         164 | Mattea      | SA_REP  |            80 |
|         165 | David       | SA_REP  |            80 |
|         166 | Sundar      | SA_REP  |            80 |
|         167 | Amit        | SA_REP  |            80 |
|         168 | Lisa        | SA_REP  |            80 |
|         169 | Harrison    | SA_REP  |            80 |
|         170 | Tayler      | SA_REP  |            80 |
|         171 | William     | SA_REP  |            80 |
|         172 | Elizabeth   | SA_REP  |            80 |
|         173 | Sundita     | SA_REP  |            80 |
|         174 | Ellen       | SA_REP  |            80 |
|         175 | Alyssa      | SA_REP  |            80 |
|         176 | Jonathon    | SA_REP  |            80 |
|         177 | Jack        | SA_REP  |            80 |
|         179 | Charles     | SA_REP  |            80 |
|         201 | Michael     | MK_MAN  |            20 |
|         202 | Pat         | MK_REP  |            20 |
+-------------+-------------+---------+---------------+
41 rows in set (0.001 sec)

MariaDB [hr]> select employee_id,first_name,job_id,department_id from employees where department_id=(20,60,80);
ERROR 4078 (HY000): Illegal parameter data types int and row for operation '='
MariaDB [hr]> select employee_id,first_name,job_id,department_id from employees where department_id not in(20,60,80);
+-------------+-------------+------------+---------------+
| employee_id | first_name  | job_id     | department_id |
+-------------+-------------+------------+---------------+
|         100 | Steven      | AD_PRES    |            90 |
|         101 | Neena       | AD_VP      |            90 |
|         102 | Lex         | AD_VP      |            90 |
|         108 | Nancy       | FI_MGR     |           100 |
|         109 | Daniel      | FI_ACCOUNT |           100 |
|         110 | John        | FI_ACCOUNT |           100 |
|         111 | Ismael      | FI_ACCOUNT |           100 |
|         112 | Jose Manuel | FI_ACCOUNT |           100 |
|         113 | Luis        | FI_ACCOUNT |           100 |
|         114 | Den         | PU_MAN     |            30 |
|         115 | Alexander   | PU_CLERK   |            30 |
|         116 | Shelli      | PU_CLERK   |            30 |
|         117 | Sigal       | PU_CLERK   |            30 |
|         118 | Guy         | PU_CLERK   |            30 |
|         119 | Karen       | PU_CLERK   |            30 |
|         120 | Matthew     | ST_MAN     |            50 |
|         121 | Adam        | ST_MAN     |            50 |
|         122 | Payam       | ST_MAN     |            50 |
|         123 | Shanta      | ST_MAN     |            50 |
|         124 | Kevin       | ST_MAN     |            50 |
|         125 | Julia       | ST_CLERK   |            50 |
|         126 | Irene       | ST_CLERK   |            50 |
|         127 | James       | ST_CLERK   |            50 |
|         128 | Steven      | ST_CLERK   |            50 |
|         129 | Laura       | ST_CLERK   |            50 |
|         130 | Mozhe       | ST_CLERK   |            50 |
|         131 | James       | ST_CLERK   |            50 |
|         132 | TJ          | ST_CLERK   |            50 |
|         133 | Jason       | ST_CLERK   |            50 |
|         134 | Michael     | ST_CLERK   |            50 |
|         135 | Ki          | ST_CLERK   |            50 |
|         136 | Hazel       | ST_CLERK   |            50 |
|         137 | Renske      | ST_CLERK   |            50 |
|         138 | Stephen     | ST_CLERK   |            50 |
|         139 | John        | ST_CLERK   |            50 |
|         140 | Joshua      | ST_CLERK   |            50 |
|         141 | Trenna      | ST_CLERK   |            50 |
|         142 | Curtis      | ST_CLERK   |            50 |
|         143 | Randall     | ST_CLERK   |            50 |
|         144 | Peter       | ST_CLERK   |            50 |
|         180 | Winston     | SH_CLERK   |            50 |
|         181 | Jean        | SH_CLERK   |            50 |
|         182 | Martha      | SH_CLERK   |            50 |
|         183 | Girard      | SH_CLERK   |            50 |
|         184 | Nandita     | SH_CLERK   |            50 |
|         185 | Alexis      | SH_CLERK   |            50 |
|         186 | Julia       | SH_CLERK   |            50 |
|         187 | Anthony     | SH_CLERK   |            50 |
|         188 | Kelly       | SH_CLERK   |            50 |
|         189 | Jennifer    | SH_CLERK   |            50 |
|         190 | Timothy     | SH_CLERK   |            50 |
|         191 | Randall     | SH_CLERK   |            50 |
|         192 | Sarah       | SH_CLERK   |            50 |
|         193 | Britney     | SH_CLERK   |            50 |
|         194 | Samuel      | SH_CLERK   |            50 |
|         195 | Vance       | SH_CLERK   |            50 |
|         196 | Alana       | SH_CLERK   |            50 |
|         197 | Kevin       | SH_CLERK   |            50 |
|         198 | Donald      | SH_CLERK   |            50 |
|         199 | Douglas     | SH_CLERK   |            50 |
|         200 | Jennifer    | AD_ASST    |            10 |
|         203 | Susan       | HR_REP     |            40 |
|         204 | Hermann     | PR_REP     |            70 |
|         205 | Shelley     | AC_MGR     |           110 |
|         206 | William     | AC_ACCOUNT |           110 |
+-------------+-------------+------------+---------------+ select last_name,phone_number,salary,manager_id from employees where manager_id in(100,102,103);
+-----------+--------------------+----------+------------+
| last_name | phone_number       | salary   | manager_id |
+-----------+--------------------+----------+------------+
| Kochhar   | 515.123.4568       | 17000.00 |        100 |
| De Haan   | 515.123.4569       | 17000.00 |        100 |
| Hunold    | 590.423.4567       |  9000.00 |        102 |
| Ernst     | 590.423.4568       |  6000.00 |        103 |
| Austin    | 590.423.4569       |  4800.00 |        103 |
| Pataballa | 590.423.4560       |  4800.00 |        103 |
| Lorentz   | 590.423.5567       |  4200.00 |        103 |
| Raphaely  | 515.127.4561       | 11000.00 |        100 |
| Weiss     | 650.123.1234       |  8000.00 |        100 |
| Fripp     | 650.123.2234       |  8200.00 |        100 |
| Kaufling  | 650.123.3234       |  7900.00 |        100 |
| Vollman   | 650.123.4234       |  6500.00 |        100 |
| Mourgos   | 650.123.5234       |  5800.00 |        100 |
| Russell   | 011.44.1344.429268 | 14000.00 |        100 |
| Partners  | 011.44.1344.467268 | 13500.00 |        100 |
| Errazuriz | 011.44.1344.429278 | 12000.00 |        100 |
| Cambrault | 011.44.1344.619268 | 11000.00 |        100 |
| Zlotkey   | 011.44.1344.429018 | 10500.00 |        100 |
| Hartstein | 515.123.5555       | 13000.00 |        100 |
+-----------+--------------------+----------+------------+
19 rows in set (0.010 sec)

MariaDB [hr]> select first_name,salary from employees where first_name like '%a';
+------------+----------+
| first_name | salary   |
+------------+----------+
| Neena      | 17000.00 |
| Diana      |  4200.00 |
| Shanta     |  6500.00 |
| Julia      |  3200.00 |
| Laura      |  3300.00 |
| Joshua     |  2500.00 |
| Trenna     |  3500.00 |
| Clara      | 10500.00 |
| Mattea     |  7200.00 |
| Lisa       | 11500.00 |
| Sundita    |  6100.00 |
| Alyssa     |  8800.00 |
| Martha     |  2500.00 |
| Nandita    |  4200.00 |
| Julia      |  3400.00 |
| Alana      |  3100.00 |
+------------+----------+
16 rows in set (0.001 sec)

MariaDB [hr]> select last_name,department_id from employees where last_name
like '_i%';
+-------------+---------------+
| last_name   | department_id |
+-------------+---------------+
| King        |            90 |
| Himuro      |            30 |
| Mikkilineni |            50 |
| Bissot      |            50 |
| King        |            80 |
| Vishney     |            80 |
| Livingston  |            80 |
| Dilly       |            50 |
| Higgins     |           110 |
| Gietz       |           110 |
+-------------+---------------+
10 rows in set (0.001 sec)

MariaDB [hr]> select *from employees where last_name like'%l%' or last_name
like'%j%' or last_name like'%h%' order by salary desc;
+-------------+-------------+-------------+----------+--------------------+------------+------------+----------+----------------+------------+---------------+
| employee_id | first_name  | last_name   | email    | phone_number       | hire_date  | job_id     | salary   | commission_pct | manager_id | department_id |
+-------------+-------------+-------------+----------+--------------------+------------+------------+----------+----------------+------------+---------------+
|         101 | Neena       | Kochhar     | NKOCHHAR | 515.123.4568       | 1989-09-21 | AD_VP      | 17000.00 |           NULL |        100 |
  90 |
|         102 | Lex         | De Haan     | LDEHAAN  | 515.123.4569       | 1993-01-13 | AD_VP      | 17000.00 |           NULL |        100 |
  90 |
|         145 | John        | Russell     | JRUSSEL  | 011.44.1344.429268 | 1996-10-01 | SA_MAN     | 14000.00 |           0.40 |        100 |
  80 |
|         201 | Michael     | Hartstein   | MHARTSTE | 515.123.5555       | 1996-02-17 | MK_MAN     | 13000.00 |           NULL |        100 |
  20 |
|         205 | Shelley     | Higgins     | SHIGGINS | 515.123.8080       | 1994-06-07 | AC_MGR     | 12000.00 |           NULL |        101 |
 110 |
|         174 | Ellen       | Abel        | EABEL    | 011.44.1644.429267 | 1996-05-11 | SA_REP     | 11000.00 |           0.30 |        149 |
  80 |
|         148 | Gerald      | Cambrault   | GCAMBRAU | 011.44.1344.619268 | 1999-10-15 | SA_MAN     | 11000.00 |           0.30 |        100 |
  80 |
|         114 | Den         | Raphaely    | DRAPHEAL | 515.127.4561       | 1994-12-07 | PU_MAN     | 11000.00 |           NULL |        100 |
  30 |
|         162 | Clara       | Vishney     | CVISHNEY | 011.44.1346.129268 | 1997-11-11 | SA_REP     | 10500.00 |           0.25 |        147 |
  80 |
|         149 | Eleni       | Zlotkey     | EZLOTKEY | 011.44.1344.429018 | 2000-01-29 | SA_MAN     | 10500.00 |           0.20 |        100 |
  80 |
|         169 | Harrison    | Bloom       | HBLOOM   | 011.44.1343.829268 | 1998-03-23 | SA_REP     | 10000.00 |           0.20 |        148 |
  80 |
|         157 | Patrick     | Sully       | PSULLY   | 011.44.1345.929268 | 1996-03-04 | SA_REP     |  9500.00 |           0.35 |        146 |
  80 |
|         103 | Alexander   | Hunold      | AHUNOLD  | 590.423.4567       | 1990-01-03 | IT_PROG    |  9000.00 |           NULL |        102 |
  60 |
|         152 | Peter       | Hall        | PHALL    | 011.44.1344.478968 | 1997-08-20 | SA_REP     |  9000.00 |           0.25 |        145 |
  80 |
|         175 | Alyssa      | Hutton      | AHUTTON  | 011.44.1644.429266 | 1997-03-19 | SA_REP     |  8800.00 |           0.25 |        149 |
  80 |
|         176 | Jonathon    | Taylor      | JTAYLOR  | 011.44.1644.429265 | 1998-03-24 | SA_REP     |  8600.00 |           0.20 |        149 |
  80 |
|         177 | Jack        | Livingston  | JLIVINGS | 011.44.1644.429264 | 1998-04-23 | SA_REP     |  8400.00 |           0.20 |        149 |
  80 |
|         110 | John        | Chen        | JCHEN    | 515.124.4269       | 1997-09-28 | FI_ACCOUNT |  8200.00 |           NULL |        108 |
 100 |
|         153 | Christopher | Olsen       | COLSEN   | 011.44.1344.498718 | 1998-03-30 | SA_REP     |  8000.00 |           0.20 |        145 |
  80 |
|         159 | Lindsey     | Smith       | LSMITH   | 011.44.1345.729268 | 1997-03-10 | SA_REP     |  8000.00 |           0.30 |        146 |
  80 |
|         122 | Payam       | Kaufling    | PKAUFLIN | 650.123.3234       | 1995-05-01 | ST_MAN     |  7900.00 |           NULL |        100 |
  50 |
|         154 | Nanette     | Cambrault   | NCAMBRAU | 011.44.1344.987668 | 1998-12-09 | SA_REP     |  7500.00 |           0.20 |        145 |
  80 |
|         171 | William     | Smith       | WSMITH   | 011.44.1343.629268 | 1999-02-23 | SA_REP     |  7400.00 |           0.15 |        148 |
  80 |
|         161 | Sarath      | Sewall      | SSEWALL  | 011.44.1345.529268 | 1998-11-03 | SA_REP     |  7000.00 |           0.25 |        146 |
  80 |
|         155 | Oliver      | Tuvault     | OTUVAULT | 011.44.1344.486508 | 1999-11-23 | SA_REP     |  7000.00 |           0.15 |        145 |
  80 |
|         165 | David       | Lee         | DLEE     | 011.44.1346.529268 | 2000-02-23 | SA_REP     |  6800.00 |           0.10 |        147 |
  80 |
|         123 | Shanta      | Vollman     | SVOLLMAN | 650.123.4234       | 1997-10-10 | ST_MAN     |  6500.00 |           NULL |        100 |
  50 |
|         179 | Charles     | Johnson     | CJOHNSON | 011.44.1644.429262 | 2000-01-04 | SA_REP     |  6200.00 |           0.10 |        149 |
  80 |
|         106 | Valli       | Pataballa   | VPATABAL | 590.423.4560       | 1998-02-05 | IT_PROG    |  4800.00 |           NULL |        103 |
  60 |
|         200 | Jennifer    | Whalen      | JWHALEN  | 515.123.4444       | 1987-09-17 | AD_ASST    |  4400.00 |           NULL |        101 |
  10 |
|         184 | Nandita     | Sarchand    | NSARCHAN | 650.509.1876       | 1996-01-27 | SH_CLERK   |  4200.00 |           NULL |        121 |
  50 |
|         107 | Diana       | Lorentz     | DLORENTZ | 590.423.5567       | 1999-02-07 | IT_PROG    |  4200.00 |           NULL |        103 |
  60 |
|         185 | Alexis      | Bull        | ABULL    | 650.509.2876       | 1997-02-20 | SH_CLERK   |  4100.00 |           NULL |        121 |
  50 |
|         192 | Sarah       | Bell        | SBELL    | 650.501.1876       | 1996-02-04 | SH_CLERK   |  4000.00 |           NULL |        123 |
  50 |
|         188 | Kelly       | Chung       | KCHUNG   | 650.505.1876       | 1997-06-14 | SH_CLERK   |  3800.00 |           NULL |        122 |
  50 |
|         189 | Jennifer    | Dilly       | JDILLY   | 650.505.2876       | 1997-08-13 | SH_CLERK   |  3600.00 |           NULL |        122 |
  50 |
|         137 | Renske      | Ladwig      | RLADWIG  | 650.121.1234       | 1995-07-14 | ST_CLERK   |  3600.00 |           NULL |        123 |
  50 |
|         141 | Trenna      | Rajs        | TRAJS    | 650.121.8009       | 1995-10-17 | ST_CLERK   |  3500.00 |           NULL |        124 |
  50 |
|         186 | Julia       | Dellinger   | JDELLING | 650.509.3876       | 1998-06-24 | SH_CLERK   |  3400.00 |           NULL |        121 |
  50 |
|         133 | Jason       | Mallin      | JMALLIN  | 650.127.1934       | 1996-06-14 | ST_CLERK   |  3300.00 |           NULL |        122 |
  50 |
|         180 | Winston     | Taylor      | WTAYLOR  | 650.507.9876       | 1998-01-24 | SH_CLERK   |  3200.00 |           NULL |        120 |
  50 |
|         138 | Stephen     | Stiles      | SSTILES  | 650.121.2034       | 1997-10-26 | ST_CLERK   |  3200.00 |           NULL |        123 |
  50 |
|         196 | Alana       | Walsh       | AWALSH   | 650.507.9811       | 1998-04-24 | SH_CLERK   |  3100.00 |           NULL |        124 |
  50 |
|         181 | Jean        | Fleaur      | JFLEAUR  | 650.507.9877       | 1998-02-23 | SH_CLERK   |  3100.00 |           NULL |        120 |
  50 |
|         115 | Alexander   | Khoo        | AKHOO    | 515.127.4562       | 1995-05-18 | PU_CLERK   |  3100.00 |           NULL |        114 |
  30 |
|         195 | Vance       | Jones       | VJONES   | 650.501.4876       | 1999-03-17 | SH_CLERK   |  2800.00 |           NULL |        123 |
  50 |
|         126 | Irene       | Mikkilineni | IMIKKILI | 650.124.1224       | 1998-09-28 | ST_CLERK   |  2700.00 |           NULL |        120 |
  50 |
|         198 | Donald      | OConnell    | DOCONNEL | 650.507.9833       | 1999-06-21 | SH_CLERK   |  2600.00 |           NULL |        124 |
  50 |
|         118 | Guy         | Himuro      | GHIMURO  | 515.127.4565       | 1998-11-15 | PU_CLERK   |  2600.00 |           NULL |        114 |
  30 |
|         119 | Karen       | Colmenares  | KCOLMENA | 515.127.4566       | 1999-08-10 | PU_CLERK   |  2500.00 |           NULL |        114 |
  30 |
|         140 | Joshua      | Patel       | JPATEL   | 650.121.1834       | 1998-04-06 | ST_CLERK   |  2500.00 |           NULL |        123 |
  50 |
|         131 | James       | Marlow      | JAMRLOW  | 650.124.7234       | 1997-02-16 | ST_CLERK   |  2500.00 |           NULL |        121 |
  50 |
|         182 | Martha      | Sullivan    | MSULLIVA | 650.507.9878       | 1999-06-21 | SH_CLERK   |  2500.00 |           NULL |        120 |
  50 |
|         127 | James       | Landry      | JLANDRY  | 650.124.1334       | 1999-01-14 | ST_CLERK   |  2400.00 |           NULL |        120 |            50 |
|         136 | Hazel       | Philtanker  | HPHILTAN | 650.127.1634       | 2000-02-06 | ST_CLERK   |  2200.00 |           NULL |        122 |
  50 |
|         128 | Steven      | Markle      | SMARKLE  | 650.124.1434       | 2000-03-08 | ST_CLERK   |  2200.00 |           NULte,salary,department_id from employees where first_name not like '%a' order by depart
|         132 | TJ          | Olson       | TJOLSON  | 650.124.8234       | 1999-04-10 | ST_CLERK   |  2100.00 |           NULL |        121 |
  50 |
+-------------+-------------+-------------+----------+--------------------+------------+------------+----------+----------------+------------+---------------+
57 rows in set (0.001 sec)

MariaDB [hr]> select *from first_name,hire_date,salary,department_id from employees where first_name not like'A%' order by department_id;
ERROR 1064 (42000): You have an error in your SQL syntax; check the manual that corresponds to your MariaDB server version for the right syntax to use near 'from employees where first_name not like'A%' order by department_id' at line 1
MariaDB [hr]> select first_name,hire_date,salary,department_id from employee
s where first_name not like'A%' order by department_id;
+-------------+------------+----------+---------------+
| first_name  | hire_date  | salary   | department_id |
+-------------+------------+----------+---------------+
| Kimberely   | 1999-05-24 |  7000.00 |          NULL |
| Jennifer    | 1987-09-17 |  4400.00 |            10 |
| Pat         | 1997-08-17 |  6000.00 |            20 |
| Michael     | 1996-02-17 | 13000.00 |            20 |
| Karen       | 1999-08-10 |  2500.00 |            30 |
| Guy         | 1998-11-15 |  2600.00 |            30 |
| Sigal       | 1997-07-24 |  2800.00 |            30 |
| Den         | 1994-12-07 | 11000.00 |            30 |
| Shelli      | 1997-12-24 |  2900.00 |            30 |
| Susan       | 1994-06-07 |  6500.00 |            40 |
| Samuel      | 1998-07-01 |  3200.00 |            50 |
| Peter       | 1998-07-09 |  2500.00 |            50 |
| Randall     | 1998-03-15 |  2600.00 |            50 |
| Curtis      | 1997-01-29 |  3100.00 |            50 |
| Trenna      | 1995-10-17 |  3500.00 |            50 |
| Joshua      | 1998-04-06 |  2500.00 |            50 |
| John        | 1998-02-12 |  2700.00 |            50 |
| Stephen     | 1997-10-26 |  3200.00 |            50 |
| Renske      | 1995-07-14 |  3600.00 |            50 |
| Sarah       | 1996-02-04 |  4000.00 |            50 |
| Randall     | 1999-12-19 |  2500.00 |            50 |
| Timothy     | 1998-07-11 |  2900.00 |            50 |
| Martha      | 1999-06-21 |  2500.00 |            50 |
| Girard      | 2000-02-03 |  2800.00 |            50 |
| Nandita     | 1996-01-27 |  4200.00 |            50 |
| Jean        | 1998-02-23 |  3100.00 |            50 |
| Winston     | 1998-01-24 |  3200.00 |            50 |
| Kelly       | 1997-06-14 |  3800.00 |            50 |
| Britney     | 1997-03-03 |  3900.00 |            50 |
| Julia       | 1998-06-24 |  3400.00 |            50 |
| Jennifer    | 1997-08-13 |  3600.00 |            50 |
| Hazel       | 2000-02-06 |  2200.00 |            50 |
| Ki          | 1999-12-12 |  2400.00 |            50 |
| Michael     | 1998-08-26 |  2900.00 |            50 |
| Douglas     | 2000-01-13 |  2600.00 |            50 |
| Donald      | 1999-06-21 |  2600.00 |            50 |
| Kevin       | 1998-05-23 |  3000.00 |            50 |
| James       | 1999-01-14 |  2400.00 |            50 |
| Matthew     | 1996-07-18 |  8000.00 |            50 |
| Payam       | 1995-05-01 |  7900.00 |            50 |
| Shanta      | 1997-10-10 |  6500.00 |            50 |
| Kevin       | 1999-11-16 |  5800.00 |            50 |
| Julia       | 1997-07-16 |  3200.00 |            50 |
| Irene       | 1998-09-28 |  2700.00 |            50 |
| Jason       | 1996-06-14 |  3300.00 |            50 |
| TJ          | 1999-04-10 |  2100.00 |            50 |
| James       | 1997-02-16 |  2500.00 |            50 |
| Mozhe       | 1997-10-30 |  2800.00 |            50 |
| Laura       | 1997-08-20 |  3300.00 |            50 |
| Steven      | 2000-03-08 |  2200.00 |            50 |
| Vance       | 1999-03-17 |  2800.00 |            50 |
| Bruce       | 1991-05-21 |  6000.00 |            60 |
| David       | 1997-06-25 |  4800.00 |            60 |
| Valli       | 1998-02-05 |  4800.00 |            60 |
| Diana       | 1999-02-07 |  4200.00 |            60 |
| Hermann     | 1994-06-07 | 10000.00 |            70 |
| William     | 1999-02-23 |  7400.00 |            80 |
| Elizabeth   | 1999-03-24 |  7300.00 |            80 |
| Sundita     | 2000-04-21 |  6100.00 |            80 |
| Ellen       | 1996-05-11 | 11000.00 |            80 |
| Jonathon    | 1998-03-24 |  8600.00 |            80 |
| Jack        | 1998-04-23 |  8400.00 |            80 |
| Tayler      | 1998-01-24 |  9600.00 |            80 |
| Harrison    | 1998-03-23 | 10000.00 |            80 |
| Lisa        | 1997-03-11 | 11500.00 |            80 |
| Christopher | 1998-03-30 |  8000.00 |            80 |
| Peter       | 1997-08-20 |  9000.00 |            80 |
| David       | 1997-03-24 |  9500.00 |            80 |
| Peter       | 1997-01-30 | 10000.00 |            80 |
| Eleni       | 2000-01-29 | 10500.00 |            80 |
| Gerald      | 1999-10-15 | 11000.00 |            80 |
| Karen       | 1997-01-05 | 13500.00 |            80 |
| John        | 1996-10-01 | 14000.00 |            80 |
| Charles     | 2000-01-04 |  6200.00 |            80 |
| Nanette     | 1998-12-09 |  7500.00 |            80 |
| Oliver      | 1999-11-23 |  7000.00 |            80 |
| Janette     | 1996-01-30 | 10000.00 |            80 |
| Sundar      | 2000-03-24 |  6400.00 |            80 |
| David       | 2000-02-23 |  6800.00 |            80 |
| Mattea      | 2000-01-24 |  7200.00 |            80 |
| Danielle    | 1999-03-19 |  9500.00 |            80 |
| Clara       | 1997-11-11 | 10500.00 |            80 |
| Sarath      | 1998-11-03 |  7000.00 |            80 |
| Louise      | 1997-12-15 |  7500.00 |            80 |
| Lindsey     | 1997-03-10 |  8000.00 |            80 |
| Patrick     | 1996-03-04 |  9500.00 |            80 |
| Steven      | 1987-06-17 | 24000.00 |            90 |
| Neena       | 1989-09-21 | 17000.00 |            90 |
| Lex         | 1993-01-13 | 17000.00 |            90 |
| Nancy       | 1994-08-17 | 12000.00 |           100 |
| Daniel      | 1994-08-16 |  9000.00 |           100 |
| John        | 1997-09-28 |  8200.00 |           100 |
| Ismael      | 1997-09-30 |  7700.00 |           100 |
| Jose Manuel | 1998-03-07 |  7800.00 |           100 |
| Luis        | 1999-12-07 |  6900.00 |           100 |
| Shelley     | 1994-06-07 | 12000.00 |           110 |
| William     | 1994-06-07 |  8300.00 |           110 |
+-------------+------------+----------+---------------+
97 rows in set (0.001 sec)

MariaDB [hr]> select *from employees where department_id is null;
+-------------+------------+-----------+--------+--------------------+------------+--------+---------+----------------+------------+---------------+
| employee_id | first_name | last_name | email  | phone_number       | hire_date  | job_id | salary  | commission_pct | manager_id | department_id |
+-------------+------------+-----------+--------+--------------------+------------+--------+---------+----------------+------------+---------------+
|         178 | Kimberely  | Grant     | KGRANT | 011.44.1644.429263 | 1999-05-24 | SA_REP | 7000.00 |           0.15 |        149 |          NULL |
+-------------+------------+-----------+--------+--------------------+------------+--------+---------+----------------+------------+---------------+
1 row in set (0.000 sec)

MariaDB [hr]> select concat(first_name,'',last_name) as full_name,salary fro
m employees where salary not between 7000 and 15000 order by full_name;
+------------------+----------+
| full_name        | salary   |
+------------------+----------+
| AlanaWalsh       |  3100.00 |
| AlexanderKhoo    |  3100.00 |
| AlexisBull       |  4100.00 |
| AmitBanda        |  6200.00 |
| AnthonyCabrio    |  3000.00 |
| BritneyEverett   |  3900.00 |
| BruceErnst       |  6000.00 |
| CharlesJohnson   |  6200.00 |
| CurtisDavies     |  3100.00 |
| DavidAustin      |  4800.00 |
| DavidLee         |  6800.00 |
| DianaLorentz     |  4200.00 |
| DonaldOConnell   |  2600.00 |
| DouglasGrant     |  2600.00 |
| GirardGeoni      |  2800.00 |
| GuyHimuro        |  2600.00 |
| HazelPhiltanker  |  2200.00 |
| IreneMikkilineni |  2700.00 |
| JamesLandry      |  2400.00 |
| JamesMarlow      |  2500.00 |
| JasonMallin      |  3300.00 |
| JeanFleaur       |  3100.00 |
| JenniferDilly    |  3600.00 |
| JenniferWhalen   |  4400.00 |
| JohnSeo          |  2700.00 |
| JoshuaPatel      |  2500.00 |
| JuliaDellinger   |  3400.00 |
| JuliaNayer       |  3200.00 |
| KarenColmenares  |  2500.00 |
| KellyChung       |  3800.00 |
| KevinFeeney      |  3000.00 |
| KevinMourgos     |  5800.00 |
| KiGee            |  2400.00 |
| LauraBissot      |  3300.00 |
| LexDe Haan       | 17000.00 |
| LuisPopp         |  6900.00 |
| MarthaSullivan   |  2500.00 |
| MichaelRogers    |  2900.00 |
| MozheAtkinson    |  2800.00 |
| NanditaSarchand  |  4200.00 |
| NeenaKochhar     | 17000.00 |
| PatFay           |  6000.00 |
| PeterVargas      |  2500.00 |
| RandallMatos     |  2600.00 |
| RandallPerkins   |  2500.00 |
| RenskeLadwig     |  3600.00 |
| SamuelMcCain     |  3200.00 |
| SarahBell        |  4000.00 |
| ShantaVollman    |  6500.00 |
| ShelliBaida      |  2900.00 |
| SigalTobias      |  2800.00 |
| StephenStiles    |  3200.00 |
| StevenKing       | 24000.00 |
| StevenMarkle     |  2200.00 |
| SundarAnde       |  6400.00 |
| SunditaKumar     |  6100.00 |
| SusanMavris      |  6500.00 |
| TimothyGates     |  2900.00 |
| TJOlson          |  2100.00 |
| TrennaRajs       |  3500.00 |
| ValliPataballa   |  4800.00 |
| VanceJones       |  2800.00 |
| WinstonTaylor    |  3200.00 |
+------------------+----------+
63 rows in set (0.001 sec)

MariaDB [hr]> select concat(first_name,'',last_name)as full_name,concat(phone_number,'-',email)as concats,salary as SAL from employees where salary betw
een 5000 and 10000;
+------------------+-----------------------------+----------+
| full_name        | concats                     | SAL      |
+------------------+-----------------------------+----------+
| AlexanderHunold  | 590.423.4567-AHUNOLD        |  9000.00 |
| BruceErnst       | 590.423.4568-BERNST         |  6000.00 |
| DanielFaviet     | 515.124.4169-DFAVIET        |  9000.00 |
| JohnChen         | 515.124.4269-JCHEN          |  8200.00 |
| IsmaelSciarra    | 515.124.4369-ISCIARRA       |  7700.00 |
| Jose ManuelUrman | 515.124.4469-JMURMAN        |  7800.00 |
| LuisPopp         | 515.124.4567-LPOPP          |  6900.00 |
| MatthewWeiss     | 650.123.1234-MWEISS         |  8000.00 |
| AdamFripp        | 650.123.2234-AFRIPP         |  8200.00 |
| PayamKaufling    | 650.123.3234-PKAUFLIN       |  7900.00 |
| ShantaVollman    | 650.123.4234-SVOLLMAN       |  6500.00 |
| KevinMourgos     | 650.123.5234-KMOURGOS       |  5800.00 |
| PeterTucker      | 011.44.1344.129268-PTUCKER  | 10000.00 |
| DavidBernstein   | 011.44.1344.345268-DBERNSTE |  9500.00 |
| PeterHall        | 011.44.1344.478968-PHALL    |  9000.00 |
| ChristopherOlsen | 011.44.1344.498718-COLSEN   |  8000.00 |
| NanetteCambrault | 011.44.1344.987668-NCAMBRAU |  7500.00 |
| OliverTuvault    | 011.44.1344.486508-OTUVAULT |  7000.00 |
| JanetteKing      | 011.44.1345.429268-JKING    | 10000.00 |
| PatrickSully     | 011.44.1345.929268-PSULLY   |  9500.00 |
| AllanMcEwen      | 011.44.1345.829268-AMCEWEN  |  9000.00 |
| LindseySmith     | 011.44.1345.729268-LSMITH   |  8000.00 |
| LouiseDoran      | 011.44.1345.629268-LDORAN   |  7500.00 |
| SarathSewall     | 011.44.1345.529268-SSEWALL  |  7000.00 |
| DanielleGreene   | 011.44.1346.229268-DGREENE  |  9500.00 |
| MatteaMarvins    | 011.44.1346.329268-MMARVINS |  7200.00 |
| DavidLee         | 011.44.1346.529268-DLEE     |  6800.00 |
| SundarAnde       | 011.44.1346.629268-SANDE    |  6400.00 |
| AmitBanda        | 011.44.1346.729268-ABANDA   |  6200.00 |
| HarrisonBloom    | 011.44.1343.829268-HBLOOM   | 10000.00 |
| TaylerFox        | 011.44.1343.729268-TFOX     |  9600.00 |
| WilliamSmith     | 011.44.1343.629268-WSMITH   |  7400.00 |
| ElizabethBates   | 011.44.1343.529268-EBATES   |  7300.00 |
| SunditaKumar     | 011.44.1343.329268-SKUMAR   |  6100.00 |
| AlyssaHutton     | 011.44.1644.429266-AHUTTON  |  8800.00 |
| JonathonTaylor   | 011.44.1644.429265-JTAYLOR  |  8600.00 |
| JackLivingston   | 011.44.1644.429264-JLIVINGS |  8400.00 |
| KimberelyGrant   | 011.44.1644.429263-KGRANT   |  7000.00 |
| CharlesJohnson   | 011.44.1644.429262-CJOHNSON |  6200.00 |
| PatFay           | 603.123.6666-PFAY           |  6000.00 |
| SusanMavris      | 515.123.7777-SMAVRIS        |  6500.00 |
| HermannBaer      | 515.123.8888-HBAER          | 10000.00 |
| WilliamGietz     | 51hr5.123.8181-WGIETZ       |  8300.00 |
+------------------+-----------------------------+----------+
43 rows in set (0.001 sec)
65 rows in set (0.001 sec) 

MariaDB [hr]> select last_name,phone_number,salary,manager_id from employeeswhere manager_id in(100,102,103);
ERROR 1064 (42000): You have an error in your SQL syntax; check the manual that corresponds to your MariaDB server version for the right syntax to use near 'in(100,102,103)' at line 1
MariaDB [hr]> select *from employees where salary between 6000 and 800 and c
ommission_pct is not null or department_id not in(80,90,100) and hire_date<'
1990-01-01';
+-------------+------------+-----------+---------+--------------+------------+---------+---------+----------------+------------+---------------+
| employee_id | first_name | last_name | email   | phone_number | hire_date  | job_id  | salary  | commission_pct | manager_id | department_id |
+-------------+------------+-----------+---------+--------------+------------+---------+---------+----------------+------------+---------------+
|         200 | Jennifer   | Whalen    | JWHALEN | 515.123.4444 | 1987-09-17 | AD_ASST | 4400.00 |           NULL |        101 |            10 |
+-------------+------------+-----------+---------+--------------+------------+---------+---------+----------------+------------+---------------+
1 row in set (0.001 sec)

MariaDB [hr]> select last_name,job_id,hire_date from employees where hire_da
te between '1995-12-12' and '1998-04-17';
+-----------+------------+------------+
| last_name | job_id     | hire_date  |
+-----------+------------+------------+
| Austin    | IT_PROG    | 1997-06-25 |
| Pataballa | IT_PROG    | 1998-02-05 |
| Chen      | FI_ACCOUNT | 1997-09-28 |
| Sciarra   | FI_ACCOUNT | 1997-09-30 |
| Urman     | FI_ACCOUNT | 1998-03-07 |
| Baida     | PU_CLERK   | 1997-12-24 |
| Tobias    | PU_CLERK   | 1997-07-24 |
| Weiss     | ST_MAN     | 1996-07-18 |
| Fripp     | ST_MAN     | 1997-04-10 |
| Vollman   | ST_MAN     | 1997-10-10 |
| Nayer     | ST_CLERK   | 1997-07-16 |
| Bissot    | ST_CLERK   | 1997-08-20 |
| Atkinson  | ST_CLERK   | 1997-10-30 |
| Marlow    | ST_CLERK   | 1997-02-16 |
| Mallin    | ST_CLERK   | 1996-06-14 |
| Stiles    | ST_CLERK   | 1997-10-26 |
| Seo       | ST_CLERK   | 1998-02-12 |
| Patel     | ST_CLERK   | 1998-04-06 |
| Davies    | ST_CLERK   | 1997-01-29 |
| Matos     | ST_CLERK   | 1998-03-15 |
| Russell   | SA_MAN     | 1996-10-01 |
| Partners  | SA_MAN     | 1997-01-05 |
| Errazuriz | SA_MAN     | 1997-03-10 |
| Tucker    | SA_REP     | 1997-01-30 |
| Bernstein | SA_REP     | 1997-03-24 |
| Hall      | SA_REP     | 1997-08-20 |
| Olsen     | SA_REP     | 1998-03-30 |
| King      | SA_REP     | 1996-01-30 |
| Sully     | SA_REP     | 1996-03-04 |
| McEwen    | SA_REP     | 1996-08-01 |
| Smith     | SA_REP     | 1997-03-10 |
| Doran     | SA_REP     | 1997-12-15 |
| Vishney   | SA_REP     | 1997-11-11 |
| Ozer      | SA_REP     | 1997-03-11 |
| Bloom     | SA_REP     | 1998-03-23 |
| Fox       | SA_REP     | 1998-01-24 |
| Abel      | SA_REP     | 1996-05-11 |
| Hutton    | SA_REP     | 1997-03-19 |
| Taylor    | SA_REP     | 1998-03-24 |
| Taylor    | SH_CLERK   | 1998-01-24 |
| Fleaur    | SH_CLERK   | 1998-02-23 |
| Sarchand  | SH_CLERK   | 1996-01-27 |
| Bull      | SH_CLERK   | 1997-02-20 |
| Chung     | SH_CLERK   | 1997-06-14 |
| Dilly     | SH_CLERK   | 1997-08-13 |
| Bell      | SH_CLERK   | 1996-02-04 |
| Everett   | SH_CLERK   | 1997-03-03 |
| Hartstein | MK_MAN     | 1996-02-17 |
| Fay       | MK_REP     | 1997-08-17 |
+-----------+------------+------------+
49 rows in set (0.000 sec)

MariaDB [hr]> select concat(first_name,'-',last_name)as full_name,hire_date,
commission_pct,phone_number,salary from employees where salary >10000 or pho
ne_number like '%__5' order by first_name desc;
+-------------------+------------+----------------+--------------------+----------+
| full_name         | hire_date  | commission_pct | phone_number       | salary   |
+-------------------+------------+----------------+--------------------+----------+
| Steven-King       | 1987-06-17 |           NULL | 515.123.4567       | 24000.00 |
| Shelley-Higgins   | 1994-06-07 |           NULL | 515.123.8080       | 12000.00 |
| Neena-Kochhar     | 1989-09-21 |           NULL | 515.123.4568       | 17000.00 |
| Nancy-Greenberg   | 1994-08-17 |           NULL | 515.124.4569       | 12000.00 |
| Michael-Hartstein | 1996-02-17 |           NULL | 515.123.5555       | 13000.00 |
| Lisa-Ozer         | 1997-03-11 |           0.25 | 011.44.1343.929268 | 11500.00 |
| Lex-De Haan       | 1993-01-13 |           NULL | 515.123.4569       | 17000.00 |
| Karen-Partners    | 1997-01-05 |           0.30 | 011.44.1344.467268 | 13500.00 |
| Jonathon-Taylor   | 1998-03-24 |           0.20 | 011.44.1644.429265 |  8600.00 |
| John-Russell      | 1996-10-01 |           0.40 | 011.44.1344.429268 | 14000.00 |
| Guy-Himuro        | 1998-11-15 |           NULL | 515.127.4565       |  2600.00 |
| Gerald-Cambrault  | 1999-10-15 |           0.30 | 011.44.1344.619268 | 11000.00 |
| Ellen-Abel        | 1996-05-11 |           0.30 | 011.44.1644.429267 | 11000.00 |
| Eleni-Zlotkey     | 2000-01-29 |           0.20 | 011.44.1344.429018 | 10500.00 |
| Den-Raphaely      | 1994-12-07 |           NULL | 515.127.4561       | 11000.00 |
| Clara-Vishney     | 1997-11-11 |           0.25 | 011.44.1346.129268 | 10500.00 |
| Alberto-Errazuriz | 1997-03-10 |           0.30 | 011.44.1344.429278 | 12000.00 |
+-------------------+------------+----------------+--------------------+----------+
17 rows in set (0.001 sec)

MariaDB [hr]> select last_name,salary from employees where salary >12000;
+-----------+----------+
| last_name | salary   |
+-----------+----------+
| King      | 24000.00 |
| Kochhar   | 17000.00 |
| De Haan   | 17000.00 |
| Russell   | 14000.00 |
| Partners  | 13500.00 |
| Hartstein | 13000.00 |
+-----------+----------+
6 rows in set (0.000 sec)

MariaDB [hr]> select last_name,department_id from employees where dapartment_id IN(50,80);
ERROR 1054 (42S22): Unknown column 'dapartment_id' in 'where clause'
MariaDB [hr]> select first_name,salary from employees where commission_pct i
s null;
+-------------+----------+
| first_name  | salary   |
+-------------+----------+
| Steven      | 24000.00 |
| Neena       | 17000.00 |
| Lex         | 17000.00 |
| Alexander   |  9000.00 |
| Bruce       |  6000.00 |
| David       |  4800.00 |
| Valli       |  4800.00 |
| Diana       |  4200.00 |
| Nancy       | 12000.00 |
| Daniel      |  9000.00 |
| John        |  8200.00 |
| Ismael      |  7700.00 |
| Jose Manuel |  7800.00 |
| Luis        |  6900.00 |
| Den         | 11000.00 |
| Alexander   |  3100.00 |
| Shelli      |  2900.00 |
| Sigal       |  2800.00 |
| Guy         |  2600.00 |
| Karen       |  2500.00 |
| Matthew     |  8000.00 |
| Adam        |  8200.00 |
| Payam       |  7900.00 |
| Shanta      |  6500.00 |
| Kevin       |  5800.00 |
| Julia       |  3200.00 |
| Irene       |  2700.00 |
| James       |  2400.00 |
| Steven      |  2200.00 |
| Laura       |  3300.00 |
| Mozhe       |  2800.00 |
| James       |  2500.00 |
| TJ          |  2100.00 |
| Jason       |  3300.00 |
| Michael     |  2900.00 |
| Ki          |  2400.00 |
| Hazel       |  2200.00 |
| Renske      |  3600.00 |
| Stephen     |  3200.00 |
| John        |  2700.00 |
| Joshua      |  2500.00 |
| Trenna      |  3500.00 |
| Curtis      |  3100.00 |
| Randall     |  2600.00 |
| Peter       |  2500.00 |
| Winston     |  3200.00 |
| Jean        |  3100.00 |
| Martha      |  2500.00 |
| Girard      |  2800.00 |
| Nandita     |  4200.00 |
| Alexis      |  4100.00 |
| Julia       |  3400.00 |
| Anthony     |  3000.00 |
| Kelly       |  3800.00 |
| Jennifer    |  3600.00 |
| Timothy     |  2900.00 |
| Randall     |  2500.00 |
| Sarah       |  4000.00 |
| Britney     |  3900.00 |
| Samuel      |  3200.00 |
| Vance       |  2800.00 |
| Alana       |  3100.00 |
| Kevin       |  3000.00 |
| Donald      |  2600.00 |
| Douglas     |  2600.00 |
| Jennifer    |  4400.00 |
| Michael     | 13000.00 |
| Pat         |  6000.00 |
| Susan       |  6500.00 |
| Hermann     | 10000.00 |
| Shelley     | 12000.00 |
| William     |  8300.00 |
+-------------+----------+
72 rows in set (0.001 sec)

MariaDB [hr]> select first_name,salary,manager_id from employees where manag
er_id is not null;
+-------------+----------+------------+
| first_name  | salary   | manager_id |
+-------------+----------+------------+
| Neena       | 17000.00 |        100 |
| Lex         | 17000.00 |        100 |
| Alexander   |  9000.00 |        102 |
| Bruce       |  6000.00 |        103 |
| David       |  4800.00 |        103 |
| Valli       |  4800.00 |        103 |
| Diana       |  4200.00 |        103 |
| Nancy       | 12000.00 |        101 |
| Daniel      |  9000.00 |        108 |
| John        |  8200.00 |        108 |
| Ismael      |  7700.00 |        108 |
| Jose Manuel |  7800.00 |        108 |
| Luis        |  6900.00 |        108 |
| Den         | 11000.00 |        100 |
| Alexander   |  3100.00 |        114 |
| Shelli      |  2900.00 |        114 |
| Sigal       |  2800.00 |        114 |
| Guy         |  2600.00 |        114 |
| Karen       |  2500.00 |        114 |
| Matthew     |  8000.00 |        100 |
| Adam        |  8200.00 |        100 |
| Payam       |  7900.00 |        100 |
| Shanta      |  6500.00 |        100 |
| Kevin       |  5800.00 |        100 |
| Julia       |  3200.00 |        120 |
| Irene       |  2700.00 |        120 |
| James       |  2400.00 |        120 |
| Steven      |  2200.00 |        120 |
| Laura       |  3300.00 |        121 |
| Mozhe       |  2800.00 |        121 |
| James       |  2500.00 |        121 |
| TJ          |  2100.00 |        121 |
| Jason       |  3300.00 |        122 |
| Michael     |  2900.00 |        122 |
| Ki          |  2400.00 |        122 |
| Hazel       |  2200.00 |        122 |
| Renske      |  3600.00 |        123 |
| Stephen     |  3200.00 |        123 |
| John        |  2700.00 |        123 |
| Joshua      |  2500.00 |        123 |
| Trenna      |  3500.00 |        124 |
| Curtis      |  3100.00 |        124 |
| Randall     |  2600.00 |        124 |
| Peter       |  2500.00 |        124 |
| John        | 14000.00 |        100 |
| Karen       | 13500.00 |        100 |
| Alberto     | 12000.00 |        100 |
| Gerald      | 11000.00 |        100 |
| Eleni       | 10500.00 |        100 |
| Peter       | 10000.00 |        145 |
| David       |  9500.00 |        145 |
| Peter       |  9000.00 |        145 |
| Christopher |  8000.00 |        145 |
| Nanette     |  7500.00 |        145 |
| Oliver      |  7000.00 |        145 |
| Janette     | 10000.00 |        146 |
| Patrick     |  9500.00 |        146 |
| Allan       |  9000.00 |        146 |
| Lindsey     |  8000.00 |        146 |
| Louise      |  7500.00 |        146 |
| Sarath      |  7000.00 |        146 |
| Clara       | 10500.00 |        147 |
| Danielle    |  9500.00 |        147 |
| Mattea      |  7200.00 |        147 |
| David       |  6800.00 |        147 |
| Sundar      |  6400.00 |        147 |
| Amit        |  6200.00 |        147 |
| Lisa        | 11500.00 |        148 |
| Harrison    | 10000.00 |        148 |
| Tayler      |  9600.00 |        148 |
| William     |  7400.00 |        148 |
| Elizabeth   |  7300.00 |        148 |
| Sundita     |  6100.00 |        148 |
| Ellen       | 11000.00 |        149 |
| Alyssa      |  8800.00 |        149 |
| Jonathon    |  8600.00 |        149 |
| Jack        |  8400.00 |        149 |
| Kimberely   |  7000.00 |        149 |
| Charles     |  6200.00 |        149 |
| Winston     |  3200.00 |        120 |
| Jean        |  3100.00 |        120 |
| Martha      |  2500.00 |        120 |
| Girard      |  2800.00 |        120 |
| Nandita     |  4200.00 |        121 |
| Alexis      |  4100.00 |        121 |
| Julia       |  3400.00 |        121 |
| Anthony     |  3000.00 |        121 |
| Kelly       |  3800.00 |        122 |
| Jennifer    |  3600.00 |        122 |
| Timothy     |  2900.00 |        122 |
| Randall     |  2500.00 |        122 |
| Sarah       |  4000.00 |        123 |
| Britney     |  3900.00 |        123 |
| Samuel      |  3200.00 |        123 |
| Vance       |  2800.00 |        123 |
| Alana       |  3100.00 |        124 |
| Kevin       |  3000.00 |        124 |
| Donald      |  2600.00 |        124 |
| Douglas     |  2600.00 |        124 |
| Jennifer    |  4400.00 |        101 |
| Michael     | 13000.00 |        100 |
| Pat         |  6000.00 |        201 |
| Susan       |  6500.00 |        101 |
| Hermann     | 10000.00 |        101 |
| Shelley     | 12000.00 |        101 |
| William     |  8300.00 |        205 |
+-------------+----------+------------+
106 rows in set (0.001 sec)

MariaDB [hr]>select lower(first_name),upper(last_name) from employees where
 employee_id between 80 and 150;
+-------------------+------------------+
| lower(first_name) | upper(last_name) |
+-------------------+------------------+
| steven            | KING             |
| neena             | KOCHHAR          |
| lex               | DE HAAN          |
| alexander         | HUNOLD           |
| bruce             | ERNST            |
| david             | AUSTIN           |
| valli             | PATABALLA        |
| diana             | LORENTZ          |
| nancy             | GREENBERG        |
| daniel            | FAVIET           |
| john              | CHEN             |
| ismael            | SCIARRA          |
| jose manuel       | URMAN            |
| luis              | POPP             |
| den               | RAPHAELY         |
| alexander         | KHOO             |
| shelli            | BAIDA            |
| sigal             | TOBIAS           |
| guy               | HIMURO           |
| karen             | COLMENARES       |
| matthew           | WEISS            |
| adam              | FRIPP            |
| payam             | KAUFLING         |
| shanta            | VOLLMAN          |
| kevin             | MOURGOS          |
| julia             | NAYER            |
| irene             | MIKKILINENI      |
| james             | LANDRY           |
| steven            | MARKLE           |
| laura             | BISSOT           |
| mozhe             | ATKINSON         |
| james             | MARLOW           |
| tj                | OLSON            |
| jason             | MALLIN           |
| michael           | ROGERS           |
| ki                | GEE              |
| hazel             | PHILTANKER       |
| renske            | LADWIG           |
| stephen           | STILES           |
| john              | SEO              |
| joshua            | PATEL            |
| trenna            | RAJS             |
| curtis            | DAVIES           |
| randall           | MATOS            |
| peter             | VARGAS           |
| john              | RUSSELL          |
| karen             | PARTNERS         |
| alberto           | ERRAZURIZ        |
| gerald            | CAMBRAULT        |
| eleni             | ZLOTKEY          |
| peter             | TUCKER           |
+-------------------+------------------+
51 rows in set (0.009 sec)

MariaDB [hr]> select concat(first_name,'-',last_name) as full_name from empl
oyees;
+-------------------+
| full_name         |
+-------------------+
| Steven-King       |
| Neena-Kochhar     |
| Lex-De Haan       |
| Alexander-Hunold  |
| Bruce-Ernst       |
| David-Austin      |
| Valli-Pataballa   |
| Diana-Lorentz     |
| Nancy-Greenberg   |
| Daniel-Faviet     |
| John-Chen         |
| Ismael-Sciarra    |
| Jose Manuel-Urman |
| Luis-Popp         |
| Den-Raphaely      |
| Alexander-Khoo    |
| Shelli-Baida      |
| Sigal-Tobias      |
| Guy-Himuro        |
| Karen-Colmenares  |
| Matthew-Weiss     |
| Adam-Fripp        |
| Payam-Kaufling    |
| Shanta-Vollman    |
| Kevin-Mourgos     |
| Julia-Nayer       |
| Irene-Mikkilineni |
| James-Landry      |
| Steven-Markle     |
| Laura-Bissot      |
| Mozhe-Atkinson    |
| James-Marlow      |
| TJ-Olson          |
| Jason-Mallin      |
| Michael-Rogers    |
| Ki-Gee            |
| Hazel-Philtanker  |
| Renske-Ladwig     |
| Stephen-Stiles    |
| John-Seo          |
| Joshua-Patel      |
| Trenna-Rajs       |
| Curtis-Davies     |
| Randall-Matos     |
| Peter-Vargas      |
| John-Russell      |
| Karen-Partners    |
| Alberto-Errazuriz |
| Gerald-Cambrault  |
| Eleni-Zlotkey     |
| Peter-Tucker      |
| David-Bernstein   |
| Peter-Hall        |
| Christopher-Olsen |
| Nanette-Cambrault |
| Oliver-Tuvault    |
| Janette-King      |
| Patrick-Sully     |
| Allan-McEwen      |
| Lindsey-Smith     |
| Louise-Doran      |
| Sarath-Sewall     |
| Clara-Vishney     |
| Danielle-Greene   |
| Mattea-Marvins    |
| David-Lee         |
| Sundar-Ande       |
| Amit-Banda        |
| Lisa-Ozer         |
| Harrison-Bloom    |
| Tayler-Fox        |
| William-Smith     |
| Elizabeth-Bates   |
| Sundita-Kumar     |
| Ellen-Abel        |
| Alyssa-Hutton     |
| Jonathon-Taylor   |
| Jack-Livingston   |
| Kimberely-Grant   |
| Charles-Johnson   |
| Winston-Taylor    |
| Jean-Fleaur       |
| Martha-Sullivan   |
| Girard-Geoni      |
| Nandita-Sarchand  |
| Alexis-Bull       |
| Julia-Dellinger   |
| Anthony-Cabrio    |
| Kelly-Chung       |
| Jennifer-Dilly    |
| Timothy-Gates     |
| Randall-Perkins   |
| Sarah-Bell        |
| Britney-Everett   |
| Samuel-McCain     |
| Vance-Jones       |
| Alana-Walsh       |
| Kevin-Feeney      |
| Donald-OConnell   |
| Douglas-Grant     |
| Jennifer-Whalen   |
| Michael-Hartstein |
| Pat-Fay           |
| Susan-Mavris      |
| Hermann-Baer      |
| Shelley-Higgins   |
| William-Gietz     |
+-------------------+
107 rows in set (0.001 sec)

MariaDB [hr]> select concat(first_name,'-',last_name,'',hire_date) as full_n
ame from employees;
+-----------------------------+
| full_name                   |
+-----------------------------+
| Steven-King1987-06-17       |
| Neena-Kochhar1989-09-21     |
| Lex-De Haan1993-01-13       |
| Alexander-Hunold1990-01-03  |
| Bruce-Ernst1991-05-21       |
| David-Austin1997-06-25      |
| Valli-Pataballa1998-02-05   |
| Diana-Lorentz1999-02-07     |
| Nancy-Greenberg1994-08-17   |
| Daniel-Faviet1994-08-16     |
| John-Chen1997-09-28         |
| Ismael-Sciarra1997-09-30    |
| Jose Manuel-Urman1998-03-07 |
| Luis-Popp1999-12-07         |
| Den-Raphaely1994-12-07      |
| Alexander-Khoo1995-05-18    |
| Shelli-Baida1997-12-24      |
| Sigal-Tobias1997-07-24      |
| Guy-Himuro1998-11-15        |
| Karen-Colmenares1999-08-10  |
| Matthew-Weiss1996-07-18     |
| Adam-Fripp1997-04-10        |
| Payam-Kaufling1995-05-01    |
| Shanta-Vollman1997-10-10    |
| Kevin-Mourgos1999-11-16     |
| Julia-Nayer1997-07-16       |
| Irene-Mikkilineni1998-09-28 |
| James-Landry1999-01-14      |
| Steven-Markle2000-03-08     |
| Laura-Bissot1997-08-20      |
| Mozhe-Atkinson1997-10-30    |
| James-Marlow1997-02-16      |
| TJ-Olson1999-04-10          |
| Jason-Mallin1996-06-14      |
| Michael-Rogers1998-08-26    |
| Ki-Gee1999-12-12            |
| Hazel-Philtanker2000-02-06  |
| Renske-Ladwig1995-07-14     |
| Stephen-Stiles1997-10-26    |
| John-Seo1998-02-12          |
| Joshua-Patel1998-04-06      |
| Trenna-Rajs1995-10-17       |
| Curtis-Davies1997-01-29     |
| Randall-Matos1998-03-15     |
| Peter-Vargas1998-07-09      |
| John-Russell1996-10-01      |
| Karen-Partners1997-01-05    |
| Alberto-Errazuriz1997-03-10 |
| Gerald-Cambrault1999-10-15  |
| Eleni-Zlotkey2000-01-29     |
| Peter-Tucker1997-01-30      |
| David-Bernstein1997-03-24   |
| Peter-Hall1997-08-20        |
| Christopher-Olsen1998-03-30 |
| Nanette-Cambrault1998-12-09 |
| Oliver-Tuvault1999-11-23    |
| Janette-King1996-01-30      |
| Patrick-Sully1996-03-04     |
| Allan-McEwen1996-08-01      |
| Lindsey-Smith1997-03-10     |
| Louise-Doran1997-12-15      |
| Sarath-Sewall1998-11-03     |
| Clara-Vishney1997-11-11     |
| Danielle-Greene1999-03-19   |
| Mattea-Marvins2000-01-24    |
| David-Lee2000-02-23         |
| Sundar-Ande2000-03-24       |
| Amit-Banda2000-04-21        |
| Lisa-Ozer1997-03-11         |
| Harrison-Bloom1998-03-23    |
| Tayler-Fox1998-01-24        |
| William-Smith1999-02-23     |
| Elizabeth-Bates1999-03-24   |
| Sundita-Kumar2000-04-21     |
| Ellen-Abel1996-05-11        |
| Alyssa-Hutton1997-03-19     |
| Jonathon-Taylor1998-03-24   |
| Jack-Livingston1998-04-23   |
| Kimberely-Grant1999-05-24   |
| Charles-Johnson2000-01-04   |
| Winston-Taylor1998-01-24    |
| Jean-Fleaur1998-02-23       |
| Martha-Sullivan1999-06-21   |
| Girard-Geoni2000-02-03      |
| Nandita-Sarchand1996-01-27  |
| Alexis-Bull1997-02-20       |
| Julia-Dellinger1998-06-24   |
| Anthony-Cabrio1999-02-07    |
| Kelly-Chung1997-06-14       |
| Jennifer-Dilly1997-08-13    |
| Timothy-Gates1998-07-11     |
| Randall-Perkins1999-12-19   |
| Sarah-Bell1996-02-04        |
| Britney-Everett1997-03-03   |
| Samuel-McCain1998-07-01     |
| Vance-Jones1999-03-17       |
| Alana-Walsh1998-04-24       |
| Kevin-Feeney1998-05-23      |
| Donald-OConnell1999-06-21   |
| Douglas-Grant2000-01-13     |
| Jennifer-Whalen1987-09-17   |
| Michael-Hartstein1996-02-17 |
| Pat-Fay1997-08-17           |
| Susan-Mavris1994-06-07      |
| Hermann-Baer1994-06-07      |
| Shelley-Higgins1994-06-07   |
| William-Gietz1994-06-07     |
+-----------------------------+
107 rows in set (0.001 sec)

MariaDB [hr]> select last_name from employees where length(last_name)>8;
+-------------+
| last_name   |
+-------------+
| Pataballa   |
| Greenberg   |
| Colmenares  |
| Mikkilineni |
| Philtanker  |
| Errazuriz   |
| Cambrault   |
| Bernstein   |
| Cambrault   |
| Livingston  |
| Dellinger   |
| Hartstein   |
+-------------+
12 rows in set (0.000 sec)

MariaDB [hr]> select replace(phone_number,'515','815')as new_phone_number,fi
rst_name,last_name,phone_number from employees;
+--------------------+-------------+-------------+--------------------+
| new_phone_number   | first_name  | last_name   | phone_number       |
+--------------------+-------------+-------------+--------------------+
| 815.123.4567       | Steven      | King        | 515.123.4567       |
| 815.123.4568       | Neena       | Kochhar     | 515.123.4568       |
| 815.123.4569       | Lex         | De Haan     | 515.123.4569       |
| 590.423.4567       | Alexander   | Hunold      | 590.423.4567       |
| 590.423.4568       | Bruce       | Ernst       | 590.423.4568       |
| 590.423.4569       | David       | Austin      | 590.423.4569       |
| 590.423.4560       | Valli       | Pataballa   | 590.423.4560       |
| 590.423.5567       | Diana       | Lorentz     | 590.423.5567       |
| 815.124.4569       | Nancy       | Greenberg   | 515.124.4569       |
| 815.124.4169       | Daniel      | Faviet      | 515.124.4169       |
| 815.124.4269       | John        | Chen        | 515.124.4269       |
| 815.124.4369       | Ismael      | Sciarra     | 515.124.4369       |
| 815.124.4469       | Jose Manuel | Urman       | 515.124.4469       |
| 815.124.4567       | Luis        | Popp        | 515.124.4567       |
| 815.127.4561       | Den         | Raphaely    | 515.127.4561       |
| 815.127.4562       | Alexander   | Khoo        | 515.127.4562       |
| 815.127.4563       | Shelli      | Baida       | 515.127.4563       |
| 815.127.4564       | Sigal       | Tobias      | 515.127.4564       |
| 815.127.4565       | Guy         | Himuro      | 515.127.4565       |
| 815.127.4566       | Karen       | Colmenares  | 515.127.4566       |
| 650.123.1234       | Matthew     | Weiss       | 650.123.1234       |
| 650.123.2234       | Adam        | Fripp       | 650.123.2234       |
| 650.123.3234       | Payam       | Kaufling    | 650.123.3234       |
| 650.123.4234       | Shanta      | Vollman     | 650.123.4234       |
| 650.123.5234       | Kevin       | Mourgos     | 650.123.5234       |
| 650.124.1214       | Julia       | Nayer       | 650.124.1214       |
| 650.124.1224       | Irene       | Mikkilineni | 650.124.1224       |
| 650.124.1334       | James       | Landry      | 650.124.1334       |
| 650.124.1434       | Steven      | Markle      | 650.124.1434       |
| 650.124.5234       | Laura       | Bissot      | 650.124.5234       |
| 650.124.6234       | Mozhe       | Atkinson    | 650.124.6234       |
| 650.124.7234       | James       | Marlow      | 650.124.7234       |
| 650.124.8234       | TJ          | Olson       | 650.124.8234       |
| 650.127.1934       | Jason       | Mallin      | 650.127.1934       |
| 650.127.1834       | Michael     | Rogers      | 650.127.1834       |
| 650.127.1734       | Ki          | Gee         | 650.127.1734       |
| 650.127.1634       | Hazel       | Philtanker  | 650.127.1634       |
| 650.121.1234       | Renske      | Ladwig      | 650.121.1234       |
| 650.121.2034       | Stephen     | Stiles      | 650.121.2034       |
| 650.121.2019       | John        | Seo         | 650.121.2019       |
| 650.121.1834       | Joshua      | Patel       | 650.121.1834       |
| 650.121.8009       | Trenna      | Rajs        | 650.121.8009       |
| 650.121.2994       | Curtis      | Davies      | 650.121.2994       |
| 650.121.2874       | Randall     | Matos       | 650.121.2874       |
| 650.121.2004       | Peter       | Vargas      | 650.121.2004       |
| 011.44.1344.429268 | John        | Russell     | 011.44.1344.429268 |
| 011.44.1344.467268 | Karen       | Partners    | 011.44.1344.467268 |
| 011.44.1344.429278 | Alberto     | Errazuriz   | 011.44.1344.429278 |
| 011.44.1344.619268 | Gerald      | Cambrault   | 011.44.1344.619268 |
| 011.44.1344.429018 | Eleni       | Zlotkey     | 011.44.1344.429018 |
| 011.44.1344.129268 | Peter       | Tucker      | 011.44.1344.129268 |
| 011.44.1344.345268 | David       | Bernstein   | 011.44.1344.345268 |
| 011.44.1344.478968 | Peter       | Hall        | 011.44.1344.478968 |
| 011.44.1344.498718 | Christopher | Olsen       | 011.44.1344.498718 |
| 011.44.1344.987668 | Nanette     | Cambrault   | 011.44.1344.987668 |
| 011.44.1344.486508 | Oliver      | Tuvault     | 011.44.1344.486508 |
| 011.44.1345.429268 | Janette     | King        | 011.44.1345.429268 |
| 011.44.1345.929268 | Patrick     | Sully       | 011.44.1345.929268 |
| 011.44.1345.829268 | Allan       | McEwen      | 011.44.1345.829268 |
| 011.44.1345.729268 | Lindsey     | Smith       | 011.44.1345.729268 |
| 011.44.1345.629268 | Louise      | Doran       | 011.44.1345.629268 |
| 011.44.1345.529268 | Sarath      | Sewall      | 011.44.1345.529268 |
| 011.44.1346.129268 | Clara       | Vishney     | 011.44.1346.129268 |
| 011.44.1346.229268 | Danielle    | Greene      | 011.44.1346.229268 |
| 011.44.1346.329268 | Mattea      | Marvins     | 011.44.1346.329268 |
| 011.44.1346.529268 | David       | Lee         | 011.44.1346.529268 |
| 011.44.1346.629268 | Sundar      | Ande        | 011.44.1346.629268 |
| 011.44.1346.729268 | Amit        | Banda       | 011.44.1346.729268 |
| 011.44.1343.929268 | Lisa        | Ozer        | 011.44.1343.929268 |
| 011.44.1343.829268 | Harrison    | Bloom       | 011.44.1343.829268 |
| 011.44.1343.729268 | Tayler      | Fox         | 011.44.1343.729268 |
| 011.44.1343.629268 | William     | Smith       | 011.44.1343.629268 |
| 011.44.1343.529268 | Elizabeth   | Bates       | 011.44.1343.529268 |
| 011.44.1343.329268 | Sundita     | Kumar       | 011.44.1343.329268 |
| 011.44.1644.429267 | Ellen       | Abel        | 011.44.1644.429267 |
| 011.44.1644.429266 | Alyssa      | Hutton      | 011.44.1644.429266 |
| 011.44.1644.429265 | Jonathon    | Taylor      | 011.44.1644.429265 |
| 011.44.1644.429264 | Jack        | Livingston  | 011.44.1644.429264 |
| 011.44.1644.429263 | Kimberely   | Grant       | 011.44.1644.429263 |
| 011.44.1644.429262 | Charles     | Johnson     | 011.44.1644.429262 |
| 650.507.9876       | Winston     | Taylor      | 650.507.9876       |
| 650.507.9877       | Jean        | Fleaur      | 650.507.9877       |
| 650.507.9878       | Martha      | Sullivan    | 650.507.9878       |
| 650.507.9879       | Girard      | Geoni       | 650.507.9879       |
| 650.509.1876       | Nandita     | Sarchand    | 650.509.1876       |
| 650.509.2876       | Alexis      | Bull        | 650.509.2876       |
| 650.509.3876       | Julia       | Dellinger   | 650.509.3876       |
| 650.509.4876       | Anthony     | Cabrio      | 650.509.4876       |
| 650.505.1876       | Kelly       | Chung       | 650.505.1876       |
| 650.505.2876       | Jennifer    | Dilly       | 650.505.2876       |
| 650.505.3876       | Timothy     | Gates       | 650.505.3876       |
| 650.505.4876       | Randall     | Perkins     | 650.505.4876       |
| 650.501.1876       | Sarah       | Bell        | 650.501.1876       |
| 650.501.2876       | Britney     | Everett     | 650.501.2876       |
| 650.501.3876       | Samuel      | McCain      | 650.501.3876       |
| 650.501.4876       | Vance       | Jones       | 650.501.4876       |
| 650.507.9811       | Alana       | Walsh       | 650.507.9811       |
| 650.507.9822       | Kevin       | Feeney      | 650.507.9822       |
| 650.507.9833       | Donald      | OConnell    | 650.507.9833       |
| 650.507.9844       | Douglas     | Grant       | 650.507.9844       |
| 815.123.4444       | Jennifer    | Whalen      | 515.123.4444       |
| 815.123.5555       | Michael     | Hartstein   | 515.123.5555       |
| 603.123.6666       | Pat         | Fay         | 603.123.6666       |
| 815.123.7777       | Susan       | Mavris      | 515.123.7777       |
| 815.123.8888       | Hermann     | Baer        | 515.123.8888       |
| 815.123.8080       | Shelley     | Higgins     | 515.123.8080       |
| 51hr5.123.8181     | William     | Gietz       | 51hr5.123.8181     |
+--------------------+-------------+-------------+--------------------+
107 rows in set (0.001 sec)

MariaDB [hr]> select first_name from employees;
+-------------+
| first_name  |
+-------------+
| Steven      |
| Neena       |
| Lex         |
| Alexander   |
| Bruce       |
| David       |
| Valli       |
| Diana       |
| Nancy       |
| Daniel      |
| John        |
| Ismael      |
| Jose Manuel |
| Luis        |
| Den         |
| Alexander   |
| Shelli      |
| Sigal       |
| Guy         |
| Karen       |
| Matthew     |
| Adam        |
| Payam       |
| Shanta      |
| Kevin       |
| Julia       |
| Irene       |
| James       |
| Steven      |
| Laura       |
| Mozhe       |
| James       |
| TJ          |
| Jason       |
| Michael     |
| Ki          |
| Hazel       |
| Renske      |
| Stephen     |
| John        |
| Joshua      |
| Trenna      |
| Curtis      |
| Randall     |
| Peter       |
| John        |
| Karen       |
| Alberto     |
| Gerald      |
| Eleni       |
| Peter       |
| David       |
| Peter       |
| Christopher |
| Nanette     |
| Oliver      |
| Janette     |
| Patrick     |
| Allan       |
| Lindsey     |
| Louise      |
| Sarath      |
| Clara       |
| Danielle    |
| Mattea      |
| David       |
| Sundar      |
| Amit        |
| Lisa        |
| Harrison    |
| Tayler      |
| William     |
| Elizabeth   |
| Sundita     |
| Ellen       |
| Alyssa      |
| Jonathon    |
| Jack        |
| Kimberely   |
| Charles     |
| Winston     |
| Jean        |
| Martha      |
| Girard      |
| Nandita     |
| Alexis      |
| Julia       |
| Anthony     |
| Kelly       |
| Jennifer    |
| Timothy     |
| Randall     |
| Sarah       |
| Britney     |
| Samuel      |
| Vance       |
| Alana       |
| Kevin       |
| Donald      |
| Douglas     |
| Jennifer    |
| Michael     |
| Pat         |
| Susan       |
| Hermann     |
| Shelley     |
| William     |
+-------------+
107 rows in set (0.001 sec)

MariaDB [hr]> select salary from employees;
+----------+
| salary   |
+----------+
| 24000.00 |
| 17000.00 |
| 17000.00 |
|  9000.00 |
|  6000.00 |
|  4800.00 |
|  4800.00 |
|  4200.00 |
| 12000.00 |
|  9000.00 |
|  8200.00 |
|  7700.00 |
|  7800.00 |
|  6900.00 |
| 11000.00 |
|  3100.00 |
|  2900.00 |
|  2800.00 |
|  2600.00 |
|  2500.00 |
|  8000.00 |
|  8200.00 |
|  7900.00 |
|  6500.00 |
|  5800.00 |
|  3200.00 |
|  2700.00 |
|  2400.00 |
|  2200.00 |
|  3300.00 |
|  2800.00 |
|  2500.00 |
|  2100.00 |
|  3300.00 |
|  2900.00 |
|  2400.00 |
|  2200.00 |
|  3600.00 |
|  3200.00 |
|  2700.00 |
|  2500.00 |
|  3500.00 |
|  3100.00 |
|  2600.00 |
|  2500.00 |
| 14000.00 |
| 13500.00 |
| 12000.00 |
| 11000.00 |
| 10500.00 |
| 10000.00 |
|  9500.00 |
|  9000.00 |
|  8000.00 |
|  7500.00 |
|  7000.00 |
| 10000.00 |
|  9500.00 |
|  9000.00 |
|  8000.00 |
|  7500.00 |
|  7000.00 |
| 10500.00 |
|  9500.00 |
|  7200.00 |
|  6800.00 |
|  6400.00 |
|  6200.00 |
| 11500.00 |
| 10000.00 |
|  9600.00 |
|  7400.00 |
|  7300.00 |
|  6100.00 |
| 11000.00 |
|  8800.00 |
|  8600.00 |
|  8400.00 |
|  7000.00 |
|  6200.00 |
|  3200.00 |
|  3100.00 |
|  2500.00 |
|  2800.00 |
|  4200.00 |
|  4100.00 |
|  3400.00 |
|  3000.00 |
|  3800.00 |
|  3600.00 |
|  2900.00 |
|  2500.00 |
|  4000.00 |
|  3900.00 |
|  3200.00 |
|  2800.00 |
|  3100.00 |
|  3000.00 |
|  2600.00 |
|  2600.00 |
|  4400.00 |
| 13000.00 |
|  6000.00 |
|  6500.00 |
| 10000.00 |
| 12000.00 |
|  8300.00 |
+----------+
107 rows in set (0.000 sec)

MariaDB [hr]> select salary,(salary+salary*12/100)as salary_1 from employees
;
+----------+--------------+
| salary   | salary_1     |
+----------+--------------+
| 24000.00 | 26880.000000 |
| 17000.00 | 19040.000000 |
| 17000.00 | 19040.000000 |
|  9000.00 | 10080.000000 |
|  6000.00 |  6720.000000 |
|  4800.00 |  5376.000000 |
|  4800.00 |  5376.000000 |
|  4200.00 |  4704.000000 |
| 12000.00 | 13440.000000 |
|  9000.00 | 10080.000000 |
|  8200.00 |  9184.000000 |
|  7700.00 |  8624.000000 |
|  7800.00 |  8736.000000 |
|  6900.00 |  7728.000000 |
| 11000.00 | 12320.000000 |
|  3100.00 |  3472.000000 |
|  2900.00 |  3248.000000 |
|  2800.00 |  3136.000000 |
|  2600.00 |  2912.000000 |
|  2500.00 |  2800.000000 |
|  8000.00 |  8960.000000 |
|  8200.00 |  9184.000000 |
|  7900.00 |  8848.000000 |
|  6500.00 |  7280.000000 |
|  5800.00 |  6496.000000 |
|  3200.00 |  3584.000000 |
|  2700.00 |  3024.000000 |
|  2400.00 |  2688.000000 |
|  2200.00 |  2464.000000 |
|  3300.00 |  3696.000000 |
|  2800.00 |  3136.000000 |
|  2500.00 |  2800.000000 |
|  2100.00 |  2352.000000 |
|  3300.00 |  3696.000000 |
|  2900.00 |  3248.000000 |
|  2400.00 |  2688.000000 |
|  2200.00 |  2464.000000 |
|  3600.00 |  4032.000000 |
|  3200.00 |  3584.000000 |
|  2700.00 |  3024.000000 |
|  2500.00 |  2800.000000 |
|  3500.00 |  3920.000000 |
|  3100.00 |  3472.000000 |
|  2600.00 |  2912.000000 |
|  2500.00 |  2800.000000 |
| 14000.00 | 15680.000000 |
| 13500.00 | 15120.000000 |
| 12000.00 | 13440.000000 |
| 11000.00 | 12320.000000 |
| 10500.00 | 11760.000000 |
| 10000.00 | 11200.000000 |
|  9500.00 | 10640.000000 |
|  9000.00 | 10080.000000 |
|  8000.00 |  8960.000000 |
|  7500.00 |  8400.000000 |
|  7000.00 |  7840.000000 |
| 10000.00 | 11200.000000 |
|  9500.00 | 10640.000000 |
|  9000.00 | 10080.000000 |
|  8000.00 |  8960.000000 |
|  7500.00 |  8400.000000 |
|  7000.00 |  7840.000000 |
| 10500.00 | 11760.000000 |
|  9500.00 | 10640.000000 |
|  7200.00 |  8064.000000 |
|  6800.00 |  7616.000000 |
|  6400.00 |  7168.000000 |
|  6200.00 |  6944.000000 |
| 11500.00 | 12880.000000 |
| 10000.00 | 11200.000000 |
|  9600.00 | 10752.000000 |
|  7400.00 |  8288.000000 |
|  7300.00 |  8176.000000 |
|  6100.00 |  6832.000000 |
| 11000.00 | 12320.000000 |
|  8800.00 |  9856.000000 |
|  8600.00 |  9632.000000 |
|  8400.00 |  9408.000000 |
|  7000.00 |  7840.000000 |
|  6200.00 |  6944.000000 |
|  3200.00 |  3584.000000 |
|  3100.00 |  3472.000000 |
|  2500.00 |  2800.000000 |
|  2800.00 |  3136.000000 |
|  4200.00 |  4704.000000 |
|  4100.00 |  4592.000000 |
|  3400.00 |  3808.000000 |
|  3000.00 |  3360.000000 |
|  3800.00 |  4256.000000 |
|  3600.00 |  4032.000000 |
|  2900.00 |  3248.000000 |
|  2500.00 |  2800.000000 |
|  4000.00 |  4480.000000 |
|  3900.00 |  4368.000000 |
|  3200.00 |  3584.000000 |
|  2800.00 |  3136.000000 |
|  3100.00 |  3472.000000 |
|  3000.00 |  3360.000000 |
|  2600.00 |  2912.000000 |
|  2600.00 |  2912.000000 |
|  4400.00 |  4928.000000 |
| 13000.00 | 14560.000000 |
|  6000.00 |  6720.000000 |
|  6500.00 |  7280.000000 |
| 10000.00 | 11200.000000 |
| 12000.00 | 13440.000000 |
|  8300.00 |  9296.000000 |
+----------+--------------+
107 rows in set (0.000 sec)

MariaDB [hr]> select salary,round(salary+salary*12\100)as salary_1 from empl
oyees;
ERROR: Unknown command '\1'.
ERROR 1064 (42000): You have an error in your SQL syntax; check the manual that corresponds to your MariaDB server version for the right syntax to use near '\100)as salary_1 from employees' at line 1
MariaDB [hr]> select salary,round(salary+salary*12/100) as salary_1 from emp
loyees;
+----------+----------+
| salary   | salary_1 |
+----------+----------+
| 24000.00 |    26880 |
| 17000.00 |    19040 |
| 17000.00 |    19040 |
|  9000.00 |    10080 |
|  6000.00 |     6720 |
|  4800.00 |     5376 |
|  4800.00 |     5376 |
|  4200.00 |     4704 |
| 12000.00 |    13440 |
|  9000.00 |    10080 |
|  8200.00 |     9184 |
|  7700.00 |     8624 |
|  7800.00 |     8736 |
|  6900.00 |     7728 |
| 11000.00 |    12320 |
|  3100.00 |     3472 |
|  2900.00 |     3248 |
|  2800.00 |     3136 |
|  2600.00 |     2912 |
|  2500.00 |     2800 |
|  8000.00 |     8960 |
|  8200.00 |     9184 |
|  7900.00 |     8848 |
|  6500.00 |     7280 |
|  5800.00 |     6496 |
|  3200.00 |     3584 |
|  2700.00 |     3024 |
|  2400.00 |     2688 |
|  2200.00 |     2464 |
|  3300.00 |     3696 |
|  2800.00 |     3136 |
|  2500.00 |     2800 |
|  2100.00 |     2352 |
|  3300.00 |     3696 |
|  2900.00 |     3248 |
|  2400.00 |     2688 |
|  2200.00 |     2464 |
|  3600.00 |     4032 |
|  3200.00 |     3584 |
|  2700.00 |     3024 |
|  2500.00 |     2800 |
|  3500.00 |     3920 |
|  3100.00 |     3472 |
|  2600.00 |     2912 |
|  2500.00 |     2800 |
| 14000.00 |    15680 |
| 13500.00 |    15120 |
| 12000.00 |    13440 |
| 11000.00 |    12320 |
| 10500.00 |    11760 |
| 10000.00 |    11200 |
|  9500.00 |    10640 |
|  9000.00 |    10080 |
|  8000.00 |     8960 |
|  7500.00 |     8400 |
|  7000.00 |     7840 |
| 10000.00 |    11200 |
|  9500.00 |    10640 |
|  9000.00 |    10080 |
|  8000.00 |     8960 |
|  7500.00 |     8400 |
|  7000.00 |     7840 |
| 10500.00 |    11760 |
|  9500.00 |    10640 |
|  7200.00 |     8064 |
|  6800.00 |     7616 |
|  6400.00 |     7168 |
|  6200.00 |     6944 |
| 11500.00 |    12880 |
| 10000.00 |    11200 |
|  9600.00 |    10752 |
|  7400.00 |     8288 |
|  7300.00 |     8176 |
|  6100.00 |     6832 |
| 11000.00 |    12320 |
|  8800.00 |     9856 |
|  8600.00 |     9632 |
|  8400.00 |     9408 |
|  7000.00 |     7840 |
|  6200.00 |     6944 |
|  3200.00 |     3584 |
|  3100.00 |     3472 |
|  2500.00 |     2800 |
|  2800.00 |     3136 |
|  4200.00 |     4704 |
|  4100.00 |     4592 |
|  3400.00 |     3808 |
|  3000.00 |     3360 |
|  3800.00 |     4256 |
|  3600.00 |     4032 |
|  2900.00 |     3248 |
|  2500.00 |     2800 |
|  4000.00 |     4480 |
|  3900.00 |     4368 |
|  3200.00 |     3584 |
|  2800.00 |     3136 |
|  3100.00 |     3472 |
|  3000.00 |     3360 |
|  2600.00 |     2912 |
|  2600.00 |     2912 |
|  4400.00 |     4928 |
| 13000.00 |    14560 |
|  6000.00 |     6720 |
|  6500.00 |     7280 |
| 10000.00 |    11200 |
| 12000.00 |    13440 |
|  8300.00 |     9296 |
+----------+----------+
107 rows in set (0.001 sec)

MariaDB [hr]> select salary,ceil(salary+salary*12/100) as salary_1 from empl
oyees;
+----------+----------+
| salary   | salary_1 |
+----------+----------+
| 24000.00 |    26880 |
| 17000.00 |    19040 |
| 17000.00 |    19040 |
|  9000.00 |    10080 |
|  6000.00 |     6720 |
|  4800.00 |     5376 |
|  4800.00 |     5376 |
|  4200.00 |     4704 |
| 12000.00 |    13440 |
|  9000.00 |    10080 |
|  8200.00 |     9184 |
|  7700.00 |     8624 |
|  7800.00 |     8736 |
|  6900.00 |     7728 |
| 11000.00 |    12320 |
|  3100.00 |     3472 |
|  2900.00 |     3248 |
|  2800.00 |     3136 |
|  2600.00 |     2912 |
|  2500.00 |     2800 |
|  8000.00 |     8960 |
|  8200.00 |     9184 |
|  7900.00 |     8848 |
|  6500.00 |     7280 |
|  5800.00 |     6496 |
|  3200.00 |     3584 |
|  2700.00 |     3024 |
|  2400.00 |     2688 |
|  2200.00 |     2464 |
|  3300.00 |     3696 |
|  2800.00 |     3136 |
|  2500.00 |     2800 |
|  2100.00 |     2352 |
|  3300.00 |     3696 |
|  2900.00 |     3248 |
|  2400.00 |     2688 |
|  2200.00 |     2464 |
|  3600.00 |     4032 |
|  3200.00 |     3584 |
|  2700.00 |     3024 |
|  2500.00 |     2800 |
|  3500.00 |     3920 |
|  3100.00 |     3472 |
|  2600.00 |     2912 |
|  2500.00 |     2800 |
| 14000.00 |    15680 |
| 13500.00 |    15120 |
| 12000.00 |    13440 |
| 11000.00 |    12320 |
| 10500.00 |    11760 |
| 10000.00 |    11200 |
|  9500.00 |    10640 |
|  9000.00 |    10080 |
|  8000.00 |     8960 |
|  7500.00 |     8400 |
|  7000.00 |     7840 |
| 10000.00 |    11200 |
|  9500.00 |    10640 |
|  9000.00 |    10080 |
|  8000.00 |     8960 |
|  7500.00 |     8400 |
|  7000.00 |     7840 |
| 10500.00 |    11760 |
|  9500.00 |    10640 |
|  7200.00 |     8064 |
|  6800.00 |     7616 |
|  6400.00 |     7168 |
|  6200.00 |     6944 |
| 11500.00 |    12880 |
| 10000.00 |    11200 |
|  9600.00 |    10752 |
|  7400.00 |     8288 |
|  7300.00 |     8176 |
|  6100.00 |     6832 |
| 11000.00 |    12320 |
|  8800.00 |     9856 |
|  8600.00 |     9632 |
|  8400.00 |     9408 |
|  7000.00 |     7840 |
|  6200.00 |     6944 |
|  3200.00 |     3584 |
|  3100.00 |     3472 |
|  2500.00 |     2800 |
|  2800.00 |     3136 |
|  4200.00 |     4704 |
|  4100.00 |     4592 |
|  3400.00 |     3808 |
|  3000.00 |     3360 |
|  3800.00 |     4256 |
|  3600.00 |     4032 |
|  2900.00 |     3248 |
|  2500.00 |     2800 |
|  4000.00 |     4480 |
|  3900.00 |     4368 |
|  3200.00 |     3584 |
|  2800.00 |     3136 |
|  3100.00 |     3472 |
|  3000.00 |     3360 |
|  2600.00 |     2912 |
|  2600.00 |     2912 |
|  4400.00 |     4928 |
| 13000.00 |    14560 |
|  6000.00 |     6720 |
|  6500.00 |     7280 |
| 10000.00 |    11200 |
| 12000.00 |    13440 |
|  8300.00 |     9296 |
+----------+----------+
107 rows in set (0.001 sec)

MariaDB [hr]> select employee_id,first_name,last_name,phone_number,departmen
t_id from employees;
+-------------+-------------+-------------+--------------------+---------------+
| employee_id | first_name  | last_name   | phone_number       | department_id |
+-------------+-------------+-------------+--------------------+---------------+
|         100 | Steven      | King        | 515.123.4567       |
90 |
|         101 | Neena       | Kochhar     | 515.123.4568       |
90 |
|         102 | Lex         | De Haan     | 515.123.4569       |
90 |
|         103 | Alexander   | Hunold      | 590.423.4567       |
60 |
|         104 | Bruce       | Ernst       | 590.423.4568       |
60 |
|         105 | David       | Austin      | 590.423.4569       |
60 |
|         106 | Valli       | Pataballa   | 590.423.4560       |
60 |
|         107 | Diana       | Lorentz     | 590.423.5567       |
60 |
|         108 | Nancy       | Greenberg   | 515.124.4569       |           100 |
|         109 | Daniel      | Faviet      | 515.124.4169       |           100 |
|         110 | John        | Chen        | 515.124.4269       |           100 |
|         111 | Ismael      | Sciarra     | 515.124.4369       |           100 |
|         112 | Jose Manuel | Urman       | 515.124.4469       |           100 |
|         113 | Luis        | Popp        | 515.124.4567       |           100 |
|         114 | Den         | Raphaely    | 515.127.4561       |
30 |
|         115 | Alexander   | Khoo        | 515.127.4562       |
30 |
|         116 | Shelli      | Baida       | 515.127.4563       |
30 |
|         117 | Sigal       | Tobias      | 515.127.4564       |
30 |
|         118 | Guy         | Himuro      | 515.127.4565       |
30 |
|         119 | Karen       | Colmenares  | 515.127.4566       |
30 |
|         120 | Matthew     | Weiss       | 650.123.1234       |
50 |
|         121 | Adam        | Fripp       | 650.123.2234       |
50 |
|         122 | Payam       | Kaufling    | 650.123.3234       |
50 |
|         123 | Shanta      | Vollman     | 650.123.4234       |
50 |
|         124 | Kevin       | Mourgos     | 650.123.5234       |
50 |
|         125 | Julia       | Nayer       | 650.124.1214       |
50 |
|         126 | Irene       | Mikkilineni | 650.124.1224       |
50 |
|         127 | James       | Landry      | 650.124.1334       |
50 |
|         128 | Steven      | Markle      | 650.124.1434       |
50 |
|         129 | Laura       | Bissot      | 650.124.5234       |
50 |
|         130 | Mozhe       | Atkinson    | 650.124.6234       |
50 |
|         131 | James       | Marlow      | 650.124.7234       |
50 |
|         132 | TJ          | Olson       | 650.124.8234       |
50 |
|         133 | Jason       | Mallin      | 650.127.1934       |
50 |
|         134 | Michael     | Rogers      | 650.127.1834       |
50 |
|         135 | Ki          | Gee         | 650.127.1734       |
50 |
|         136 | Hazel       | Philtanker  | 650.127.1634       |
50 |
|         137 | Renske      | Ladwig      | 650.121.1234       |
50 |
|         138 | Stephen     | Stiles      | 650.121.2034       |
50 |
|         139 | John        | Seo         | 650.121.2019       |
50 |
|         140 | Joshua      | Patel       | 650.121.1834       |
50 |
|         141 | Trenna      | Rajs        | 650.121.8009       |
50 |
|         142 | Curtis      | Davies      | 650.121.2994       |
50 |
|         143 | Randall     | Matos       | 650.121.2874       |
50 |
|         144 | Peter       | Vargas      | 650.121.2004       |
50 |
|         145 | John        | Russell     | 011.44.1344.429268 |
80 |
|         146 | Karen       | Partners    | 011.44.1344.467268 |
80 |
|         147 | Alberto     | Errazuriz   | 011.44.1344.429278 |
80 |
|         148 | Gerald      | Cambrault   | 011.44.1344.619268 |
80 |
|         149 | Eleni       | Zlotkey     | 011.44.1344.429018 |
80 |
|         150 | Peter       | Tucker      | 011.44.1344.129268 |
80 |
|         151 | David       | Bernstein   | 011.44.1344.345268 |
80 |
|         152 | Peter       | Hall        | 011.44.1344.478968 |
80 |
|         153 | Christopher | Olsen       | 011.44.1344.498718 |
80 |
|         154 | Nanette     | Cambrault   | 011.44.1344.987668 |
80 |
|         155 | Oliver      | Tuvault     | 011.44.1344.486508 |
80 |
|         156 | Janette     | King        | 011.44.1345.429268 |
80 |
|         157 | Patrick     | Sully       | 011.44.1345.929268 |
80 |
|         158 | Allan       | McEwen      | 011.44.1345.829268 |
80 |
|         159 | Lindsey     | Smith       | 011.44.1345.729268 |
80 |
|         160 | Louise      | Doran       | 011.44.1345.629268 |
80 |
|         161 | Sarath      | Sewall      | 011.44.1345.529268 |
80 |
|         162 | Clara       | Vishney     | 011.44.1346.129268 |
80 |
|         163 | Danielle    | Greene      | 011.44.1346.229268 |
80 |
|         164 | Mattea      | Marvins     | 011.44.1346.329268 |
80 |
|         165 | David       | Lee         | 011.44.1346.529268 |
80 |
|         166 | Sundar      | Ande        | 011.44.1346.629268 |
80 |
|         167 | Amit        | Banda       | 011.44.1346.729268 |
80 |
|         168 | Lisa        | Ozer        | 011.44.1343.929268 |
80 |
|         169 | Harrison    | Bloom       | 011.44.1343.829268 |
80 |
|         170 | Tayler      | Fox         | 011.44.1343.729268 |
80 |
|         171 | William     | Smith       | 011.44.1343.629268 |
80 |
|         172 | Elizabeth   | Bates       | 011.44.1343.529268 |
80 |
|         173 | Sundita     | Kumar       | 011.44.1343.329268 |
80 |
|         174 | Ellen       | Abel        | 011.44.1644.429267 |            80 |
|         175 | Alyssa      | Hutton      | 011.44.1644.429266 |
80 |
|         176 | Jonathon    | Taylor      | 011.44.1644.429265 |
80 |
|         177 | Jack        | Livingston  | 011.44.1644.429264 |
80 |
|         178 | Kimberely   | Grant       | 011.44.1644.429263 |          NULL |
|         179 | Charles     | Johnson     | 011.44.1644.429262 |
80 |
|         180 | Winston     | Taylor      | 650.507.9876       |
50 |
|         181 | Jean        | Fleaur      | 650.507.9877       |
50 |
|         182 | Martha      | Sullivan    | 650.507.9878       |
50 |
|         183 | Girard      | Geoni       | 650.507.9879       |
50 |
|         184 | Nandita     | Sarchand    | 650.509.1876       |
50 |
|         185 | Alexis      | Bull        | 650.509.2876       |
50 |
|         186 | Julia       | Dellinger   | 650.509.3876       |
50 |
|         187 | Anthony     | Cabrio      | 650.509.4876       |
50 |
|         188 | Kelly       | Chung       | 650.505.1876       |
50 |
|         189 | Jennifer    | Dilly       | 650.505.2876       |
50 |
|         190 | Timothy     | Gates       | 650.505.3876       |
50 |
|         191 | Randall     | Perkins     | 650.505.4876       |
50 |
|         192 | Sarah       | Bell        | 650.501.1876       |
50 |
|         193 | Britney     | Everett     | 650.501.2876       |
50 |
|         194 | Samuel      | McCain      | 650.501.3876       |
50 |
|         195 | Vance       | Jones       | 650.501.4876       |
50 |
|         196 | Alana       | Walsh       | 650.507.9811       |
50 |
|         197 | Kevin       | Feeney      | 650.507.9822       |
50 |
|         198 | Donald      | OConnell    | 650.507.9833       |
50 |
|         199 | Douglas     | Grant       | 650.507.9844       |
50 |
|         200 | Jennifer    | Whalen      | 515.123.4444       |
10 |
|         201 | Michael     | Hartstein   | 515.123.5555       |
20 |
|         202 | Pat         | Fay         | 603.123.6666       |
20 |
|         203 | Susan       | Mavris      | 515.123.7777       |
40 |
|         204 | Hermann     | Baer        | 515.123.8888       |
70 |
|         205 | Shelley     | Higgins     | 515.123.8080       |           110 |
|         206 | William     | Gietz       | 51hr5.123.8181     |           110 |
+-------------+-------------+-------------+--------------------+---------------+
107 rows in set (0.001 sec)

MariaDB [hr]> select concat(last_name,'-',first_name)as full_name,concat(phone_number,'-',email)as contact_details from employees;
+-------------------+-----------------------------+
| full_name         | contact_details             |
+-------------------+-----------------------------+
| King-Steven       | 515.123.4567-SKING          |
| Kochhar-Neena     | 515.123.4568-NKOCHHAR       |
| De Haan-Lex       | 515.123.4569-LDEHAAN        |
| Hunold-Alexander  | 590.423.4567-AHUNOLD        |
| Ernst-Bruce       | 590.423.4568-BERNST         |
| Austin-David      | 590.423.4569-DAUSTIN        |
| Pataballa-Valli   | 590.423.4560-VPATABAL       |
| Lorentz-Diana     | 590.423.5567-DLORENTZ       |
| Greenberg-Nancy   | 515.124.4569-NGREENBE       |
| Faviet-Daniel     | 515.124.4169-DFAVIET        |
| Chen-John         | 515.124.4269-JCHEN          |
| Sciarra-Ismael    | 515.124.4369-ISCIARRA       |
| Urman-Jose Manuel | 515.124.4469-JMURMAN        |
| Popp-Luis         | 515.124.4567-LPOPP          |
| Raphaely-Den      | 515.127.4561-DRAPHEAL       |
| Khoo-Alexander    | 515.127.4562-AKHOO          |
| Baida-Shelli      | 515.127.4563-SBAIDA         |
| Tobias-Sigal      | 515.127.4564-STOBIAS        |
| Himuro-Guy        | 515.127.4565-GHIMURO        |
| Colmenares-Karen  | 515.127.4566-KCOLMENA       |
| Weiss-Matthew     | 650.123.1234-MWEISS         |
| Fripp-Adam        | 650.123.2234-AFRIPP         |
| Kaufling-Payam    | 650.123.3234-PKAUFLIN       |
| Vollman-Shanta    | 650.123.4234-SVOLLMAN       |
| Mourgos-Kevin     | 650.123.5234-KMOURGOS       |
| Nayer-Julia       | 650.124.1214-JNAYER         |
| Mikkilineni-Irene | 650.124.1224-IMIKKILI       |
| Landry-James      | 650.124.1334-JLANDRY        |
| Markle-Steven     | 650.124.1434-SMARKLE        |
| Bissot-Laura      | 650.124.5234-LBISSOT        |
| Atkinson-Mozhe    | 650.124.6234-MATKINSO       |
| Marlow-James      | 650.124.7234-JAMRLOW        |
| Olson-TJ          | 650.124.8234-TJOLSON        |
| Mallin-Jason      | 650.127.1934-JMALLIN        |
| Rogers-Michael    | 650.127.1834-MROGERS        |
| Gee-Ki            | 650.127.1734-KGEE           |
| Philtanker-Hazel  | 650.127.1634-HPHILTAN       |
| Ladwig-Renske     | 650.121.1234-RLADWIG        |
| Stiles-Stephen    | 650.121.2034-SSTILES        |
| Seo-John          | 650.121.2019-JSEO           |
| Patel-Joshua      | 650.121.1834-JPATEL         |
| Rajs-Trenna       | 650.121.8009-TRAJS          |
| Davies-Curtis     | 650.121.2994-CDAVIES        |
| Matos-Randall     | 650.121.2874-RMATOS         |
| Vargas-Peter      | 650.121.2004-PVARGAS        |
| Russell-John      | 011.44.1344.429268-JRUSSEL  |
| Partners-Karen    | 011.44.1344.467268-KPARTNER |
| Errazuriz-Alberto | 011.44.1344.429278-AERRAZUR |
| Cambrault-Gerald  | 011.44.1344.619268-GCAMBRAU |
| Zlotkey-Eleni     | 011.44.1344.429018-EZLOTKEY |
| Tucker-Peter      | 011.44.1344.129268-PTUCKER  |
| Bernstein-David   | 011.44.1344.345268-DBERNSTE |
| Hall-Peter        | 011.44.1344.478968-PHALL    |
| Olsen-Christopher | 011.44.1344.498718-COLSEN   |
| Cambrault-Nanette | 011.44.1344.987668-NCAMBRAU |
| Tuvault-Oliver    | 011.44.1344.486508-OTUVAULT |
| King-Janette      | 011.44.1345.429268-JKING    |
| Sully-Patrick     | 011.44.1345.929268-PSULLY   |
| McEwen-Allan      | 011.44.1345.829268-AMCEWEN  |
| Smith-Lindsey     | 011.44.1345.729268-LSMITH   |
| Doran-Louise      | 011.44.1345.629268-LDORAN   |
| Sewall-Sarath     | 011.44.1345.529268-SSEWALL  |
| Vishney-Clara     | 011.44.1346.129268-CVISHNEY |
| Greene-Danielle   | 011.44.1346.229268-DGREENE  |
| Marvins-Mattea    | 011.44.1346.329268-MMARVINS |
| Lee-David         | 011.44.1346.529268-DLEE     |
| Ande-Sundar       | 011.44.1346.629268-SANDE    |
| Banda-Amit        | 011.44.1346.729268-ABANDA   |
| Ozer-Lisa         | 011.44.1343.929268-LOZER    |
| Bloom-Harrison    | 011.44.1343.829268-HBLOOM   |
| Fox-Tayler        | 011.44.1343.729268-TFOX     |
| Smith-William     | 011.44.1343.629268-WSMITH   |
| Bates-Elizabeth   | 011.44.1343.529268-EBATES   |
| Kumar-Sundita     | 011.44.1343.329268-SKUMAR   |
| Abel-Ellen        | 011.44.1644.429267-EABEL    |
| Hutton-Alyssa     | 011.44.1644.429266-AHUTTON  |
| Taylor-Jonathon   | 011.44.1644.429265-JTAYLOR  |
| Livingston-Jack   | 011.44.1644.429264-JLIVINGS |
| Grant-Kimberely   | 011.44.1644.429263-KGRANT   |
| Johnson-Charles   | 011.44.1644.429262-CJOHNSON |
| Taylor-Winston    | 650.507.9876-WTAYLOR        |
| Fleaur-Jean       | 650.507.9877-JFLEAUR        |
| Sullivan-Martha   | 650.507.9878-MSULLIVA       |
| Geoni-Girard      | 650.507.9879-GGEONI         |
| Sarchand-Nandita  | 650.509.1876-NSARCHAN       |
| Bull-Alexis       | 650.509.2876-ABULL          |
| Dellinger-Julia   | 650.509.3876-JDELLING       |
| Cabrio-Anthony    | 650.509.4876-ACABRIO        |
| Chung-Kelly       | 650.505.1876-KCHUNG         |
| Dilly-Jennifer    | 650.505.2876-JDILLY         |
| Gates-Timothy     | 650.505.3876-TGATES         |
| Perkins-Randall   | 650.505.4876-RPERKINS       |
| Bell-Sarah        | 650.501.1876-SBELL          |
| Everett-Britney   | 650.501.2876-BEVERETT       |
| McCain-Samuel     | 650.501.3876-SMCCAIN        |
| Jones-Vance       | 650.501.4876-VJONES         |
| Walsh-Alana       | 650.507.9811-AWALSH         |
| Feeney-Kevin      | 650.507.9822-KFEENEY        |
| OConnell-Donald   | 650.507.9833-DOCONNEL       |
| Grant-Douglas     | 650.507.9844-DGRANT         |
| Whalen-Jennifer   | 515.123.4444-JWHALEN        |
| Hartstein-Michael | 515.123.5555-MHARTSTE       |
| Fay-Pat           | 603.123.6666-PFAY           |
| Mavris-Susan      | 515.123.7777-SMAVRIS        |
| Baer-Hermann      | 515.123.8888-HBAER          |
| Higgins-Shelley   | 515.123.8080-SHIGGINS       |
| Gietz-William     | 51hr5.123.8181-WGIETZ       |
+-------------------+-----------------------------+
107 rows in set (0.001 sec)

MariaDB [hr]> select distinct manager_id from employees;
+------------+
| manager_id |
+------------+
|       NULL |
|        100 |
|        101 |
|        102 |
|        103 |
|        108 |
|        114 |
|        120 |
|        121 |
|        122 |
|        123 |
|        124 |
|        145 |
|        146 |
|        147 |
|        148 |
|        149 |
|        201 |
|        205 |
+------------+
19 rows in set (0.000 sec)

MariaDB [hr]> select concat(last_name,'',job_id)as  EMPLOYEE_AND_TITTLE from employees;
+---------------------+
| EMPLOYEE_AND_TITTLE |
+---------------------+
| KingAD_PRES         |
| KochharAD_VP        |
| De HaanAD_VP        |
| HunoldIT_PROG       |
| ErnstIT_PROG        |
| AustinIT_PROG       |
| PataballaIT_PROG    |
| LorentzIT_PROG      |
| GreenbergFI_MGR     |
| FavietFI_ACCOUNT    |
| ChenFI_ACCOUNT      |
| SciarraFI_ACCOUNT   |
| UrmanFI_ACCOUNT     |
| PoppFI_ACCOUNT      |
| RaphaelyPU_MAN      |
| KhooPU_CLERK        |
| BaidaPU_CLERK       |
| TobiasPU_CLERK      |
| HimuroPU_CLERK      |
| ColmenaresPU_CLERK  |
| WeissST_MAN         |
| FrippST_MAN         |
| KauflingST_MAN      |
| VollmanST_MAN       |
| MourgosST_MAN       |
| NayerST_CLERK       |
| MikkilineniST_CLERK |
| LandryST_CLERK      |
| MarkleST_CLERK      |
| BissotST_CLERK      |
| AtkinsonST_CLERK    |
| MarlowST_CLERK      |
| OlsonST_CLERK       |
| MallinST_CLERK      |
| RogersST_CLERK      |
| GeeST_CLERK         |
| PhiltankerST_CLERK  |
| LadwigST_CLERK      |
| StilesST_CLERK      |
| SeoST_CLERK         |
| PatelST_CLERK       |
| RajsST_CLERK        |
| DaviesST_CLERK      |
| MatosST_CLERK       |
| VargasST_CLERK      |
| RussellSA_MAN       |
| PartnersSA_MAN      |
| ErrazurizSA_MAN     |
| CambraultSA_MAN     |
| ZlotkeySA_MAN       |
| TuckerSA_REP        |
| BernsteinSA_REP     |
| HallSA_REP          |
| OlsenSA_REP         |
| CambraultSA_REP     |
| TuvaultSA_REP       |
| KingSA_REP          |
| SullySA_REP         |
| McEwenSA_REP        |
| SmithSA_REP         |
| DoranSA_REP         |
| SewallSA_REP        |
| VishneySA_REP       |
| GreeneSA_REP        |
| MarvinsSA_REP       |
| LeeSA_REP           |
| AndeSA_REP          |
| BandaSA_REP         |
| OzerSA_REP          |
| BloomSA_REP         |
| FoxSA_REP           |
| SmithSA_REP         |
| BatesSA_REP         |
| KumarSA_REP         |
| AbelSA_REP          |
| HuttonSA_REP        |
| TaylorSA_REP        |
| LivingstonSA_REP    |
| GrantSA_REP         |
| JohnsonSA_REP       |
| TaylorSH_CLERK      |
| FleaurSH_CLERK      |
| SullivanSH_CLERK    |
| GeoniSH_CLERK       |
| SarchandSH_CLERK    |
| BullSH_CLERK        |
| DellingerSH_CLERK   |
| CabrioSH_CLERK      |
| ChungSH_CLERK       |
| DillySH_CLERK       |
| GatesSH_CLERK       |
| PerkinsSH_CLERK     |
| BellSH_CLERK        |
| EverettSH_CLERK     |
| McCainSH_CLERK      |
| JonesSH_CLERK       |
| WalshSH_CLERK       |
| FeeneySH_CLERK      |
| OConnellSH_CLERK    |
| GrantSH_CLERK       |
| WhalenAD_ASST       |
| HartsteinMK_MAN     |
| FayMK_REP           |
| MavrisHR_REP        |
| BaerPR_REP          |
| HigginsAC_MGR       |
| GietzAC_ACCOUNT     |
+---------------------+
107 rows in set (0.000 sec)

MariaDB [hr]>  select min(last_name)from employees;
+----------------+
| min(last_name) |
+----------------+
| Abel           |
+----------------+
1 row in set (0.048 sec)

MariaDB [hr]> select max(last_name)from employees;
+----------------+
| max(last_name) |
+----------------+
| Zlotkey        |
+----------------+
1 row in set (0.000 sec)

MariaDB [hr]> select count(*)as row_count from employees;
+-----------+
| row_count |
+-----------+
|       107 |
+-----------+
1 row in set (0.009 sec)

MariaDB [hr]> select count(commission_pct)from employees where commission_pct is not null;
+-----------------------+
| count(commission_pct) |
+-----------------------+
|                    35 |
+-----------------------+
1 row in set (0.000 sec)

MariaDB [hr]> select count(commission_pct)from employees where commission_pct is null;
+-----------------------+
| count(commission_pct) |
+-----------------------+
|                     0 |
+-----------------------+
1 row in set (0.000 sec)

MariaDB [hr]> select min(salary) as min_sal,avg(salary)as avg_sal,max(salary)as max_sal from employees;
+---------+-------------+----------+
| min_sal | avg_sal     | max_sal  |
+---------+-------------+----------+
| 2100.00 | 6461.682243 | 24000.00 |
+---------+-------------+----------+
1 row in set (0.001 sec)

MariaDB [hr]> select department_id,job_id,avg(salary)from employees group by department_id,job_id;
+---------------+------------+--------------+
| department_id | job_id     | avg(salary)  |
+---------------+------------+--------------+
|          NULL | SA_REP     |  7000.000000 |
|            10 | AD_ASST    |  4400.000000 |
|            20 | MK_MAN     | 13000.000000 |
|            20 | MK_REP     |  6000.000000 |
|            30 | PU_CLERK   |  2780.000000 |
|            30 | PU_MAN     | 11000.000000 |
|            40 | HR_REP     |  6500.000000 |
|            50 | SH_CLERK   |  3215.000000 |
|            50 | ST_CLERK   |  2785.000000 |
|            50 | ST_MAN     |  7280.000000 |
|            60 | IT_PROG    |  5760.000000 |
|            70 | PR_REP     | 10000.000000 |
|            80 | SA_MAN     | 12200.000000 |
|            80 | SA_REP     |  8396.551724 |
|            90 | AD_PRES    | 24000.000000 |
|            90 | AD_VP      | 17000.000000 |
|           100 | FI_ACCOUNT |  7920.000000 |
|           100 | FI_MGR     | 12000.000000 |
|           110 | AC_ACCOUNT |  8300.000000 |
|           110 | AC_MGR     | 12000.000000 |
+---------------+------------+--------------+
20 rows in set (0.001 sec)

MariaDB [hr]> select manager_id, max(salary)from employees group by manager_id;
+------------+-------------+
| manager_id | max(salary) |
+------------+-------------+
|       NULL |    24000.00 |
|        100 |    17000.00 |
|        101 |    12000.00 |
|        102 |     9000.00 |
|        103 |     6000.00 |
|        108 |     9000.00 |
|        114 |     3100.00 |
|        120 |     3200.00 |
|        121 |     4200.00 |
|        122 |     3800.00 |
|        123 |     4000.00 |
|        124 |     3500.00 |
|        145 |    10000.00 |
|        146 |    10000.00 |
|        147 |    10500.00 |
|        148 |    11500.00 |
|        149 |    11000.00 |
|        201 |     6000.00 |
|        205 |     8300.00 |
+------------+-------------+
19 rows in set (0.010 sec)

MariaDB [hr]> select manager_id, max(salary)from employees where salary>10000 group by manager_id;
+------------+-------------+
| manager_id | max(salary) |
+------------+-------------+
|       NULL |    24000.00 |
|        100 |    17000.00 |
|        101 |    12000.00 |
|        147 |    10500.00 |
|        148 |    11500.00 |
|        149 |    11000.00 |
+------------+-------------+
6 rows in set (0.001 sec)

MariaDB [hr]> select job_id, min(salary) from employees group by job_id having min(salary)>7000;
+------------+-------------+
| job_id     | min(salary) |
+------------+-------------+
| AC_ACCOUNT |     8300.00 |
| AC_MGR     |    12000.00 |
| AD_PRES    |    24000.00 |
| AD_VP      |    17000.00 |
| FI_MGR     |    12000.00 |
| MK_MAN     |    13000.00 |
| PR_REP     |    10000.00 |
| PU_MAN     |    11000.00 |
| SA_MAN     |    10500.00 |
+------------+-------------+
9 rows in set (0.009 sec)

MariaDB [hr]> select department_id,avg(salary)from employees where department_id between 20 and 80 group by department_id having avg(salary)>9000;
+---------------+--------------+
| department_id | avg(salary)  |
+---------------+--------------+
|            20 |  9500.000000 |
|            70 | 10000.000000 |
+---------------+--------------+
2 rows in set (0.001 sec)

MariaDB [hr]> select first_name,salary from employees where salary>(select salary from employees where employee_id=103);
+------------+----------+
| first_name | salary   |
+------------+----------+
| Steven     | 24000.00 |
| Neena      | 17000.00 |
| Lex        | 17000.00 |
| Nancy      | 12000.00 |
| Den        | 11000.00 |
| John       | 14000.00 |
| Karen      | 13500.00 |
| Alberto    | 12000.00 |
| Gerald     | 11000.00 |
| Eleni      | 10500.00 |
| Peter      | 10000.00 |
| David      |  9500.00 |
| Janette    | 10000.00 |
| Patrick    |  9500.00 |
| Clara      | 10500.00 |
| Danielle   |  9500.00 |
| Lisa       | 11500.00 |
| Harrison   | 10000.00 |
| Tayler     |  9600.00 |
| Ellen      | 11000.00 |
| Michael    | 13000.00 |
| Hermann    | 10000.00 |
| Shelley    | 12000.00 |
+------------+----------+
23 rows in set (0.001 sec)

MariaDB [hr]> select first_name,last_name,lower(substring(first_name,1,1)||substring(last_name,1,3)||'@oracle.com')as email_address from employees;
+-------------+-------------+---------------+
| first_name  | last_name   | email_address |
+-------------+-------------+---------------+
| Steven      | King        | 0             |
| Neena       | Kochhar     | 0             |
| Lex         | De Haan     | 0             |
| Alexander   | Hunold      | 0             |
| Bruce       | Ernst       | 0             |
| David       | Austin      | 0             |
| Valli       | Pataballa   | 0             |
| Diana       | Lorentz     | 0             |
| Nancy       | Greenberg   | 0             |
| Daniel      | Faviet      | 0             |
| John        | Chen        | 0             |
| Ismael      | Sciarra     | 0             |
| Jose Manuel | Urman       | 0             |
| Luis        | Popp        | 0             |
| Den         | Raphaely    | 0             |
| Alexander   | Khoo        | 0             |
| Shelli      | Baida       | 0             |
| Sigal       | Tobias      | 0             |
| Guy         | Himuro      | 0             |
| Karen       | Colmenares  | 0             |
| Matthew     | Weiss       | 0             |
| Adam        | Fripp       | 0             |
| Payam       | Kaufling    | 0             |
| Shanta      | Vollman     | 0             |
| Kevin       | Mourgos     | 0             |
| Julia       | Nayer       | 0             |
| Irene       | Mikkilineni | 0             |
| James       | Landry      | 0             |
| Steven      | Markle      | 0             |
| Laura       | Bissot      | 0             |
| Mozhe       | Atkinson    | 0             |
| James       | Marlow      | 0             |
| TJ          | Olson       | 0             |
| Jason       | Mallin      | 0             |
| Michael     | Rogers      | 0             |
| Ki          | Gee         | 0             |
| Hazel       | Philtanker  | 0             |
| Renske      | Ladwig      | 0             |
| Stephen     | Stiles      | 0             |
| John        | Seo         | 0             |
| Joshua      | Patel       | 0             |
| Trenna      | Rajs        | 0             |
| Curtis      | Davies      | 0             |
| Randall     | Matos       | 0             |
| Peter       | Vargas      | 0             |
| John        | Russell     | 0             |
| Karen       | Partners    | 0             |
| Alberto     | Errazuriz   | 0             |
| Gerald      | Cambrault   | 0             |
| Eleni       | Zlotkey     | 0             |
| Peter       | Tucker      | 0             |
| David       | Bernstein   | 0             |
| Peter       | Hall        | 0             |
| Christopher | Olsen       | 0             |
| Nanette     | Cambrault   | 0             |
| Oliver      | Tuvault     | 0             |
| Janette     | King        | 0             |
| Patrick     | Sully       | 0             |
| Allan       | McEwen      | 0             |
| Lindsey     | Smith       | 0             |
| Louise      | Doran       | 0             |
| Sarath      | Sewall      | 0             |
| Clara       | Vishney     | 0             |
| Danielle    | Greene      | 0             |
| Mattea      | Marvins     | 0             |
| David       | Lee         | 0             |
| Sundar      | Ande        | 0             |
| Amit        | Banda       | 0             |
| Lisa        | Ozer        | 0             |
| Harrison    | Bloom       | 0             |
| Tayler      | Fox         | 0             |
| William     | Smith       | 0             |
| Elizabeth   | Bates       | 0             |
| Sundita     | Kumar       | 0             |
| Ellen       | Abel        | 0             |
| Alyssa      | Hutton      | 0             |
| Jonathon    | Taylor      | 0             |
| Jack        | Livingston  | 0             |
| Kimberely   | Grant       | 0             |
| Charles     | Johnson     | 0             |
| Winston     | Taylor      | 0             |
| Jean        | Fleaur      | 0             |
| Martha      | Sullivan    | 0             |
| Girard      | Geoni       | 0             |
| Nandita     | Sarchand    | 0             |
| Alexis      | Bull        | 0             |
| Julia       | Dellinger   | 0             |
| Anthony     | Cabrio      | 0             |
| Kelly       | Chung       | 0             |
| Jennifer    | Dilly       | 0             |
| Timothy     | Gates       | 0             |
| Randall     | Perkins     | 0             |
| Sarah       | Bell        | 0             |
| Britney     | Everett     | 0             |
| Samuel      | McCain      | 0             |
| Vance       | Jones       | 0             |
| Alana       | Walsh       | 0             |
| Kevin       | Feeney      | 0             |
| Donald      | OConnell    | 0             |
| Douglas     | Grant       | 0             |
| Jennifer    | Whalen      | 0             |
| Michael     | Hartstein   | 0             |
| Pat         | Fay         | 0             |
| Susan       | Mavris      | 0             |
| Hermann     | Baer        | 0             |
| Shelley     | Higgins     | 0             |
| William     | Gietz       | 0             |
+-------------+-------------+---------------+
107 rows in set, 322 warnings (0.067 sec)

MariaDB [hr]> select first_name,last_name,hire_date,timestampdiff(month,hire_date,curdate())as working_month,timestampdiff(year,hire_date,curdate())as w
orking_year from employees;\
+-------------+-------------+------------+---------------+--------------+
| first_name  | last_name   | hire_date  | working_month | working_year |
+-------------+-------------+------------+---------------+--------------+
| Steven      | King        | 1987-06-17 |           435 |           36 |
| Neena       | Kochhar     | 1989-09-21 |           408 |           34 |
| Lex         | De Haan     | 1993-01-13 |           368 |           30 |
| Alexander   | Hunold      | 1990-01-03 |           404 |           33 |
| Bruce       | Ernst       | 1991-05-21 |           388 |           32 |
| David       | Austin      | 1997-06-25 |           314 |           26 |
| Valli       | Pataballa   | 1998-02-05 |           307 |           25 |
| Diana       | Lorentz     | 1999-02-07 |           295 |           24 |
| Nancy       | Greenberg   | 1994-08-17 |           349 |           29 |
| Daniel      | Faviet      | 1994-08-16 |           349 |           29 |
| John        | Chen        | 1997-09-28 |           311 |           25 |
| Ismael      | Sciarra     | 1997-09-30 |           311 |           25 |
| Jose Manuel | Urman       | 1998-03-07 |           306 |           25 |
| Luis        | Popp        | 1999-12-07 |           285 |           23 |
| Den         | Raphaely    | 1994-12-07 |           345 |           28 |
| Alexander   | Khoo        | 1995-05-18 |           340 |           28 |
| Shelli      | Baida       | 1997-12-24 |           308 |           25 |
| Sigal       | Tobias      | 1997-07-24 |           313 |           26 |
| Guy         | Himuro      | 1998-11-15 |           298 |           24 |
| Karen       | Colmenares  | 1999-08-10 |           289 |           24 |
| Matthew     | Weiss       | 1996-07-18 |           326 |           27 |
| Adam        | Fripp       | 1997-04-10 |           317 |           26 |
| Payam       | Kaufling    | 1995-05-01 |           340 |           28 |
| Shanta      | Vollman     | 1997-10-10 |           311 |           25 |
| Kevin       | Mourgos     | 1999-11-16 |           286 |           23 |
| Julia       | Nayer       | 1997-07-16 |           314 |           26 |
| Irene       | Mikkilineni | 1998-09-28 |           299 |           24 |
| James       | Landry      | 1999-01-14 |           296 |           24 |
| Steven      | Markle      | 2000-03-08 |           282 |           23 |
| Laura       | Bissot      | 1997-08-20 |           313 |           26 |
| Mozhe       | Atkinson    | 1997-10-30 |           310 |           25 |
| James       | Marlow      | 1997-02-16 |           319 |           26 |
| TJ          | Olson       | 1999-04-10 |           293 |           24 |
| Jason       | Mallin      | 1996-06-14 |           327 |           27 |
| Michael     | Rogers      | 1998-08-26 |           300 |           25 |
| Ki          | Gee         | 1999-12-12 |           285 |           23 |
| Hazel       | Philtanker  | 2000-02-06 |           283 |           23 |
| Renske      | Ladwig      | 1995-07-14 |           338 |           28 |
| Stephen     | Stiles      | 1997-10-26 |           310 |           25 |
| John        | Seo         | 1998-02-12 |           307 |           25 |
| Joshua      | Patel       | 1998-04-06 |           305 |           25 |
| Trenna      | Rajs        | 1995-10-17 |           335 |           27 |
| Curtis      | Davies      | 1997-01-29 |           319 |           26 |
| Randall     | Matos       | 1998-03-15 |           306 |           25 |
| Peter       | Vargas      | 1998-07-09 |           302 |           25 |
| John        | Russell     | 1996-10-01 |           323 |           26 |
| Karen       | Partners    | 1997-01-05 |           320 |           26 |
| Alberto     | Errazuriz   | 1997-03-10 |           318 |           26 |
| Gerald      | Cambrault   | 1999-10-15 |           287 |           23 |
| Eleni       | Zlotkey     | 2000-01-29 |           283 |           23 |
| Peter       | Tucker      | 1997-01-30 |           319 |           26 |
| David       | Bernstein   | 1997-03-24 |           317 |           26 |
| Peter       | Hall        | 1997-08-20 |           313 |           26 |
| Christopher | Olsen       | 1998-03-30 |           305 |           25 |
| Nanette     | Cambrault   | 1998-12-09 |           297 |           24 |
| Oliver      | Tuvault     | 1999-11-23 |           285 |           23 |
| Janette     | King        | 1996-01-30 |           331 |           27 |
| Patrick     | Sully       | 1996-03-04 |           330 |           27 |
| Allan       | McEwen      | 1996-08-01 |           325 |           27 |
| Lindsey     | Smith       | 1997-03-10 |           318 |           26 |
| Louise      | Doran       | 1997-12-15 |           309 |           25 |
| Sarath      | Sewall      | 1998-11-03 |           298 |           24 |
| Clara       | Vishney     | 1997-11-11 |           310 |           25 |
| Danielle    | Greene      | 1999-03-19 |           294 |           24 |
| Mattea      | Marvins     | 2000-01-24 |           283 |           23 |
| David       | Lee         | 2000-02-23 |           282 |           23 |
| Sundar      | Ande        | 2000-03-24 |           281 |           23 |
| Amit        | Banda       | 2000-04-21 |           281 |           23 |
| Lisa        | Ozer        | 1997-03-11 |           318 |           26 |
| Harrison    | Bloom       | 1998-03-23 |           305 |           25 |
| Tayler      | Fox         | 1998-01-24 |           307 |           25 |
| William     | Smith       | 1999-02-23 |           294 |           24 |
| Elizabeth   | Bates       | 1999-03-24 |           293 |           24 |
| Sundita     | Kumar       | 2000-04-21 |           281 |           23 |
| Ellen       | Abel        | 1996-05-11 |           328 |           27 |
| Alyssa      | Hutton      | 1997-03-19 |           318 |           26 |
| Jonathon    | Taylor      | 1998-03-24 |           305 |           25 |
| Jack        | Livingston  | 1998-04-23 |           304 |           25 |
| Kimberely   | Grant       | 1999-05-24 |           291 |           24 |
| Charles     | Johnson     | 2000-01-04 |           284 |           23 |
| Winston     | Taylor      | 1998-01-24 |           307 |           25 |
| Jean        | Fleaur      | 1998-02-23 |           306 |           25 |
| Martha      | Sullivan    | 1999-06-21 |           291 |           24 |
| Girard      | Geoni       | 2000-02-03 |           283 |           23 |
| Nandita     | Sarchand    | 1996-01-27 |           331 |           27 |
| Alexis      | Bull        | 1997-02-20 |           319 |           26 |
| Julia       | Dellinger   | 1998-06-24 |           302 |           25 |
| Anthony     | Cabrio      | 1999-02-07 |           295 |           24 |
| Kelly       | Chung       | 1997-06-14 |           315 |           26 |
| Jennifer    | Dilly       | 1997-08-13 |           313 |           26 |
| Timothy     | Gates       | 1998-07-11 |           302 |           25 |
| Randall     | Perkins     | 1999-12-19 |           285 |           23 |
| Sarah       | Bell        | 1996-02-04 |           331 |           27 |
| Britney     | Everett     | 1997-03-03 |           318 |           26 |
| Samuel      | McCain      | 1998-07-01 |           302 |           25 |
| Vance       | Jones       | 1999-03-17 |           294 |           24 |
| Alana       | Walsh       | 1998-04-24 |           304 |           25 |
| Kevin       | Feeney      | 1998-05-23 |           303 |           25 |
| Donald      | OConnell    | 1999-06-21 |           291 |           24 |
| Douglas     | Grant       | 2000-01-13 |           284 |           23 |
| Jennifer    | Whalen      | 1987-09-17 |           432 |           36 |
| Michael     | Hartstein   | 1996-02-17 |           331 |           27 |
| Pat         | Fay         | 1997-08-17 |           313 |           26 |
| Susan       | Mavris      | 1994-06-07 |           351 |           29 |
| Hermann     | Baer        | 1994-06-07 |           351 |           29 |
| Shelley     | Higgins     | 1994-06-07 |           351 |           29 |
| William     | Gietz       | 1994-06-07 |           351 |           29 |
+-------------+-------------+------------+---------------+--------------+
107 rows in set (0.001 sec)

MariaDB [hr]> select first_name,hire_date,date_add(date(hire_date),interval 1 year)as hire_date_roundedyear,date_add(date(hire_date),interval 1 month)as
 hire_date_roundedmonth from employees;
+-------------+------------+-----------------------+------------------------+
| first_name  | hire_date  | hire_date_roundedyear | hire_date_roundedmonth |
+-------------+------------+-----------------------+------------------------+
| Steven      | 1987-06-17 | 1988-06-17            | 1987-07-17
|
| Neena       | 1989-09-21 | 1990-09-21            | 1989-10-21
|
| Lex         | 1993-01-13 | 1994-01-13            | 1993-02-13
|
| Alexander   | 1990-01-03 | 1991-01-03            | 1990-02-03
|
| Bruce       | 1991-05-21 | 1992-05-21            | 1991-06-21
|
| David       | 1997-06-25 | 1998-06-25            | 1997-07-25
|
| Valli       | 1998-02-05 | 1999-02-05            | 1998-03-05
|
| Diana       | 1999-02-07 | 2000-02-07            | 1999-03-07
|
| Nancy       | 1994-08-17 | 1995-08-17            | 1994-09-17
|
| Daniel      | 1994-08-16 | 1995-08-16            | 1994-09-16
|
| John        | 1997-09-28 | 1998-09-28            | 1997-10-28
|
| Ismael      | 1997-09-30 | 1998-09-30            | 1997-10-30
|
| Jose Manuel | 1998-03-07 | 1999-03-07            | 1998-04-07
|
| Luis        | 1999-12-07 | 2000-12-07            | 2000-01-07
|
| Den         | 1994-12-07 | 1995-12-07            | 1995-01-07
|
| Alexander   | 1995-05-18 | 1996-05-18            | 1995-06-18
|
| Shelli      | 1997-12-24 | 1998-12-24            | 1998-01-24
|
| Sigal       | 1997-07-24 | 1998-07-24            | 1997-08-24
|
| Guy         | 1998-11-15 | 1999-11-15            | 1998-12-15
|
| Karen       | 1999-08-10 | 2000-08-10            | 1999-09-10
|
| Matthew     | 1996-07-18 | 1997-07-18            | 1996-08-18
|
| Adam        | 1997-04-10 | 1998-04-10            | 1997-05-10
|
| Payam       | 1995-05-01 | 1996-05-01            | 1995-06-01
|
| Shanta      | 1997-10-10 | 1998-10-10            | 1997-11-10
|
| Kevin       | 1999-11-16 | 2000-11-16            | 1999-12-16
|
| Julia       | 1997-07-16 | 1998-07-16            | 1997-08-16
|
| Irene       | 1998-09-28 | 1999-09-28            | 1998-10-28
|
| James       | 1999-01-14 | 2000-01-14            | 1999-02-14
|
| Steven      | 2000-03-08 | 2001-03-08            | 2000-04-08
|
| Laura       | 1997-08-20 | 1998-08-20            | 1997-09-20
|
| Mozhe       | 1997-10-30 | 1998-10-30            | 1997-11-30
|
| James       | 1997-02-16 | 1998-02-16            | 1997-03-16
|
| TJ          | 1999-04-10 | 2000-04-10            | 1999-05-10
|
| Jason       | 1996-06-14 | 1997-06-14            | 1996-07-14
|
| Michael     | 1998-08-26 | 1999-08-26            | 1998-09-26
|
| Ki          | 1999-12-12 | 2000-12-12            | 2000-01-12
|
| Hazel       | 2000-02-06 | 2001-02-06            | 2000-03-06
|
| Renske      | 1995-07-14 | 1996-07-14            | 1995-08-14
|
| Stephen     | 1997-10-26 | 1998-10-26            | 1997-11-26
|
| John        | 1998-02-12 | 1999-02-12            | 1998-03-12
|
| Joshua      | 1998-04-06 | 1999-04-06            | 1998-05-06
|
| Trenna      | 1995-10-17 | 1996-10-17            | 1995-11-17
|
| Curtis      | 1997-01-29 | 1998-01-29            | 1997-02-28
|
| Randall     | 1998-03-15 | 1999-03-15            | 1998-04-15
|
| Peter       | 1998-07-09 | 1999-07-09            | 1998-08-09
|
| John        | 1996-10-01 | 1997-10-01            | 1996-11-01
|
| Karen       | 1997-01-05 | 1998-01-05            | 1997-02-05
|
| Alberto     | 1997-03-10 | 1998-03-10            | 1997-04-10
|
| Gerald      | 1999-10-15 | 2000-10-15            | 1999-11-15
|
| Eleni       | 2000-01-29 | 2001-01-29            | 2000-02-29
|
| Peter       | 1997-01-30 | 1998-01-30            | 1997-02-28
|
| David       | 1997-03-24 | 1998-03-24            | 1997-04-24
|
| Peter       | 1997-08-20 | 1998-08-20            | 1997-09-20
|
| Christopher | 1998-03-30 | 1999-03-30            | 1998-04-30
|
| Nanette     | 1998-12-09 | 1999-12-09            | 1999-01-09
|
| Oliver      | 1999-11-23 | 2000-11-23            | 1999-12-23
|
| Janette     | 1996-01-30 | 1997-01-30            | 1996-02-29
|
| Patrick     | 1996-03-04 | 1997-03-04            | 1996-04-04
|
| Allan       | 1996-08-01 | 1997-08-01            | 1996-09-01
|
| Lindsey     | 1997-03-10 | 1998-03-10            | 1997-04-10
|
| Louise      | 1997-12-15 | 1998-12-15            | 1998-01-15
|
| Sarath      | 1998-11-03 | 1999-11-03            | 1998-12-03
|
| Clara       | 1997-11-11 | 1998-11-11            | 1997-12-11
|
| Danielle    | 1999-03-19 | 2000-03-19            | 1999-04-19             |
| Mattea      | 2000-01-24 | 2001-01-24            | 2000-02-24
|
| David       | 2000-02-23 | 2001-02-23            | 2000-03-23
|
| Sundar      | 2000-03-24 | 2001-03-24            | 2000-04-24
|
| Amit        | 2000-04-21 | 2001-04-21            | 2000-05-21
|
| Lisa        | 1997-03-11 | 1998-03-11            | 1997-04-11
|
| Harrison    | 1998-03-23 | 1999-03-23            | 1998-04-23
|
| Tayler      | 1998-01-24 | 1999-01-24            | 1998-02-24
|
| William     | 1999-02-23 | 2000-02-23            | 1999-03-23
|
| Elizabeth   | 1999-03-24 | 2000-03-24            | 1999-04-24
|
| Sundita     | 2000-04-21 | 2001-04-21            | 2000-05-21
|
| Ellen       | 1996-05-11 | 1997-05-11            | 1996-06-11
|
| Alyssa      | 1997-03-19 | 1998-03-19            | 1997-04-19
|
| Jonathon    | 1998-03-24 | 1999-03-24            | 1998-04-24
|
| Jack        | 1998-04-23 | 1999-04-23            | 1998-05-23
|
| Kimberely   | 1999-05-24 | 2000-05-24            | 1999-06-24
|
| Charles     | 2000-01-04 | 2001-01-04            | 2000-02-04
|
| Winston     | 1998-01-24 | 1999-01-24            | 1998-02-24
|
| Jean        | 1998-02-23 | 1999-02-23            | 1998-03-23
|
| Martha      | 1999-06-21 | 2000-06-21            | 1999-07-21
|
| Girard      | 2000-02-03 | 2001-02-03            | 2000-03-03
|
| Nandita     | 1996-01-27 | 1997-01-27            | 1996-02-27
|
| Alexis      | 1997-02-20 | 1998-02-20            | 1997-03-20
|
| Julia       | 1998-06-24 | 1999-06-24            | 1998-07-24
|
| Anthony     | 1999-02-07 | 2000-02-07            | 1999-03-07
|
| Kelly       | 1997-06-14 | 1998-06-14            | 1997-07-14
|
| Jennifer    | 1997-08-13 | 1998-08-13            | 1997-09-13
|
| Timothy     | 1998-07-11 | 1999-07-11            | 1998-08-11
|
| Randall     | 1999-12-19 | 2000-12-19            | 2000-01-19
|
| Sarah       | 1996-02-04 | 1997-02-04            | 1996-03-04
|
| Britney     | 1997-03-03 | 1998-03-03            | 1997-04-03
|
| Samuel      | 1998-07-01 | 1999-07-01            | 1998-08-01
|
| Vance       | 1999-03-17 | 2000-03-17            | 1999-04-17
|
| Alana       | 1998-04-24 | 1999-04-24            | 1998-05-24
|
| Kevin       | 1998-05-23 | 1999-05-23            | 1998-06-23
|
| Donald      | 1999-06-21 | 2000-06-21            | 1999-07-21
|
| Douglas     | 2000-01-13 | 2001-01-13            | 2000-02-13
|
| Jennifer    | 1987-09-17 | 1988-09-17            | 1987-10-17
|
| Michael     | 1996-02-17 | 1997-02-17            | 1996-03-17
|
| Pat         | 1997-08-17 | 1998-08-17            | 1997-09-17
|
| Susan       | 1994-06-07 | 1995-06-07            | 1994-07-07
|
| Hermann     | 1994-06-07 | 1995-06-07            | 1994-07-07
|
| Shelley     | 1994-06-07 | 1995-06-07            | 1994-07-07
|
| William     | 1994-06-07 | 1995-06-07            | 1994-07-07
|
+-------------+------------+-----------------------+------------------------+
107 rows in set (0.001 sec)

MariaDB [hr]> select first_name,last_name,salary,ifnull(commission_pct,0) as commissionpercentage from employees;
+-------------+-------------+----------+----------------------+
| first_name  | last_name   | salary   | commissionpercentage |
+-------------+-------------+----------+----------------------+
| Steven      | King        | 24000.00 |                 0.00 |
| Neena       | Kochhar     | 17000.00 |                 0.00 |
| Lex         | De Haan     | 17000.00 |                 0.00 |
| Alexander   | Hunold      |  9000.00 |                 0.00 |
| Bruce       | Ernst       |  6000.00 |                 0.00 |
| David       | Austin      |  4800.00 |                 0.00 |
| Valli       | Pataballa   |  4800.00 |                 0.00 |
| Diana       | Lorentz     |  4200.00 |                 0.00 |
| Nancy       | Greenberg   | 12000.00 |                 0.00 |
| Daniel      | Faviet      |  9000.00 |                 0.00 |
| John        | Chen        |  8200.00 |                 0.00 |
| Ismael      | Sciarra     |  7700.00 |                 0.00 |
| Jose Manuel | Urman       |  7800.00 |                 0.00 |
| Luis        | Popp        |  6900.00 |                 0.00 |
| Den         | Raphaely    | 11000.00 |                 0.00 |
| Alexander   | Khoo        |  3100.00 |                 0.00 |
| Shelli      | Baida       |  2900.00 |                 0.00 |
| Sigal       | Tobias      |  2800.00 |                 0.00 |
| Guy         | Himuro      |  2600.00 |                 0.00 |
| Karen       | Colmenares  |  2500.00 |                 0.00 |
| Matthew     | Weiss       |  8000.00 |                 0.00 |
| Adam        | Fripp       |  8200.00 |                 0.00 |
| Payam       | Kaufling    |  7900.00 |                 0.00 |
| Shanta      | Vollman     |  6500.00 |                 0.00 |
| Kevin       | Mourgos     |  5800.00 |                 0.00 |
| Julia       | Nayer       |  3200.00 |                 0.00 |
| Irene       | Mikkilineni |  2700.00 |                 0.00 |
| James       | Landry      |  2400.00 |                 0.00 |
| Steven      | Markle      |  2200.00 |                 0.00 |
| Laura       | Bissot      |  3300.00 |                 0.00 |
| Mozhe       | Atkinson    |  2800.00 |                 0.00 |
| James       | Marlow      |  2500.00 |                 0.00 |
| TJ          | Olson       |  2100.00 |                 0.00 |
| Jason       | Mallin      |  3300.00 |                 0.00 |
| Michael     | Rogers      |  2900.00 |                 0.00 |
| Ki          | Gee         |  2400.00 |                 0.00 |
| Hazel       | Philtanker  |  2200.00 |                 0.00 |
| Renske      | Ladwig      |  3600.00 |                 0.00 |
| Stephen     | Stiles      |  3200.00 |                 0.00 |
| John        | Seo         |  2700.00 |                 0.00 |
| Joshua      | Patel       |  2500.00 |                 0.00 |
| Trenna      | Rajs        |  3500.00 |                 0.00 |
| Curtis      | Davies      |  3100.00 |                 0.00 |
| Randall     | Matos       |  2600.00 |                 0.00 |
| Peter       | Vargas      |  2500.00 |                 0.00 |
| John        | Russell     | 14000.00 |                 0.40 |
| Karen       | Partners    | 13500.00 |                 0.30 |
| Alberto     | Errazuriz   | 12000.00 |                 0.30 |
| Gerald      | Cambrault   | 11000.00 |                 0.30 |
| Eleni       | Zlotkey     | 10500.00 |                 0.20 |
| Peter       | Tucker      | 10000.00 |                 0.30 |
| David       | Bernstein   |  9500.00 |                 0.25 |
| Peter       | Hall        |  9000.00 |                 0.25 |
| Christopher | Olsen       |  8000.00 |                 0.20 |
| Nanette     | Cambrault   |  7500.00 |                 0.20 |
| Oliver      | Tuvault     |  7000.00 |                 0.15 |
| Janette     | King        | 10000.00 |                 0.35 |
| Patrick     | Sully       |  9500.00 |                 0.35 |
| Allan       | McEwen      |  9000.00 |                 0.35 |
| Lindsey     | Smith       |  8000.00 |                 0.30 |
| Louise      | Doran       |  7500.00 |                 0.30 |
| Sarath      | Sewall      |  7000.00 |                 0.25 |
| Clara       | Vishney     | 10500.00 |                 0.25 |
| Danielle    | Greene      |  9500.00 |                 0.15 |
| Mattea      | Marvins     |  7200.00 |                 0.10 |
| David       | Lee         |  6800.00 |                 0.10 |
| Sundar      | Ande        |  6400.00 |                 0.10 |
| Amit        | Banda       |  6200.00 |                 0.10 |
| Lisa        | Ozer        | 11500.00 |                 0.25 |
| Harrison    | Bloom       | 10000.00 |                 0.20 |
| Tayler      | Fox         |  9600.00 |                 0.20 |
| William     | Smith       |  7400.00 |                 0.15 |
| Elizabeth   | Bates       |  7300.00 |                 0.15 |
| Sundita     | Kumar       |  6100.00 |                 0.10 |
| Ellen       | Abel        | 11000.00 |                 0.30 |
| Alyssa      | Hutton      |  8800.00 |                 0.25 |
| Jonathon    | Taylor      |  8600.00 |                 0.20 |
| Jack        | Livingston  |  8400.00 |                 0.20 |
| Kimberely   | Grant       |  7000.00 |                 0.15 |
| Charles     | Johnson     |  6200.00 |                 0.10 |
| Winston     | Taylor      |  3200.00 |                 0.00 |
| Jean        | Fleaur      |  3100.00 |                 0.00 |
| Martha      | Sullivan    |  2500.00 |                 0.00 |
| Girard      | Geoni       |  2800.00 |                 0.00 |
| Nandita     | Sarchand    |  4200.00 |                 0.00 |
| Alexis      | Bull        |  4100.00 |                 0.00 |
| Julia       | Dellinger   |  3400.00 |                 0.00 |
| Anthony     | Cabrio      |  3000.00 |                 0.00 |
| Kelly       | Chung       |  3800.00 |                 0.00 |
| Jennifer    | Dilly       |  3600.00 |                 0.00 |
| Timothy     | Gates       |  2900.00 |                 0.00 |
| Randall     | Perkins     |  2500.00 |                 0.00 |
| Sarah       | Bell        |  4000.00 |                 0.00 |
| Britney     | Everett     |  3900.00 |                 0.00 |
| Samuel      | McCain      |  3200.00 |                 0.00 |
| Vance       | Jones       |  2800.00 |                 0.00 |
| Alana       | Walsh       |  3100.00 |                 0.00 |
| Kevin       | Feeney      |  3000.00 |                 0.00 |
| Donald      | OConnell    |  2600.00 |                 0.00 |
| Douglas     | Grant       |  2600.00 |                 0.00 |
| Jennifer    | Whalen      |  4400.00 |                 0.00 |
| Michael     | Hartstein   | 13000.00 |                 0.00 |
| Pat         | Fay         |  6000.00 |                 0.00 |
| Susan       | Mavris      |  6500.00 |                 0.00 |
| Hermann     | Baer        | 10000.00 |                 0.00 |
| Shelley     | Higgins     | 12000.00 |                 0.00 |
| William     | Gietz       |  8300.00 |                 0.00 |
+-------------+-------------+----------+----------------------+
107 rows in set (0.001 sec)

MariaDB [hr]> select first_name,last_name,salary,ifnull(commission_pct,'nocommission') as commissionpercentage from employees;
+-------------+-------------+----------+----------------------+
| first_name  | last_name   | salary   | commissionpercentage |
+-------------+-------------+----------+----------------------+
| Steven      | King        | 24000.00 | nocommission         |
| Neena       | Kochhar     | 17000.00 | nocommission         |
| Lex         | De Haan     | 17000.00 | nocommission         |
| Alexander   | Hunold      |  9000.00 | nocommission         |
| Bruce       | Ernst       |  6000.00 | nocommission         |
| David       | Austin      |  4800.00 | nocommission         |
| Valli       | Pataballa   |  4800.00 | nocommission         |
| Diana       | Lorentz     |  4200.00 | nocommission         |
| Nancy       | Greenberg   | 12000.00 | nocommission         |
| Daniel      | Faviet      |  9000.00 | nocommission         |
| John        | Chen        |  8200.00 | nocommission         |
| Ismael      | Sciarra     |  7700.00 | nocommission         |
| Jose Manuel | Urman       |  7800.00 | nocommission         |
| Luis        | Popp        |  6900.00 | nocommission         |
| Den         | Raphaely    | 11000.00 | nocommission         |
| Alexander   | Khoo        |  3100.00 | nocommission         |
| Shelli      | Baida       |  2900.00 | nocommission         |
| Sigal       | Tobias      |  2800.00 | nocommission         |
| Guy         | Himuro      |  2600.00 | nocommission         |
| Karen       | Colmenares  |  2500.00 | nocommission         |
| Matthew     | Weiss       |  8000.00 | nocommission         |
| Adam        | Fripp       |  8200.00 | nocommission         |
| Payam       | Kaufling    |  7900.00 | nocommission         |
| Shanta      | Vollman     |  6500.00 | nocommission         |
| Kevin       | Mourgos     |  5800.00 | nocommission         |
| Julia       | Nayer       |  3200.00 | nocommission         |
| Irene       | Mikkilineni |  2700.00 | nocommission         |
| James       | Landry      |  2400.00 | nocommission         |
| Steven      | Markle      |  2200.00 | nocommission         |
| Laura       | Bissot      |  3300.00 | nocommission         |
| Mozhe       | Atkinson    |  2800.00 | nocommission         |
| James       | Marlow      |  2500.00 | nocommission         |
| TJ          | Olson       |  2100.00 | nocommission         |
| Jason       | Mallin      |  3300.00 | nocommission         |
| Michael     | Rogers      |  2900.00 | nocommission         |
| Ki          | Gee         |  2400.00 | nocommission         |
| Hazel       | Philtanker  |  2200.00 | nocommission         |
| Renske      | Ladwig      |  3600.00 | nocommission         |
| Stephen     | Stiles      |  3200.00 | nocommission         |
| John        | Seo         |  2700.00 | nocommission         |
| Joshua      | Patel       |  2500.00 | nocommission         |
| Trenna      | Rajs        |  3500.00 | nocommission         |
| Curtis      | Davies      |  3100.00 | nocommission         |
| Randall     | Matos       |  2600.00 | nocommission         |
| Peter       | Vargas      |  2500.00 | nocommission         |
| John        | Russell     | 14000.00 | 0.40                 |
| Karen       | Partners    | 13500.00 | 0.30                 |
| Alberto     | Errazuriz   | 12000.00 | 0.30                 |
| Gerald      | Cambrault   | 11000.00 | 0.30                 |
| Eleni       | Zlotkey     | 10500.00 | 0.20                 |
| Peter       | Tucker      | 10000.00 | 0.30                 |
| David       | Bernstein   |  9500.00 | 0.25                 |
| Peter       | Hall        |  9000.00 | 0.25                 |
| Christopher | Olsen       |  8000.00 | 0.20                 |
| Nanette     | Cambrault   |  7500.00 | 0.20                 |
| Oliver      | Tuvault     |  7000.00 | 0.15                 |
| Janette     | King        | 10000.00 | 0.35                 |
| Patrick     | Sully       |  9500.00 | 0.35                 |
| Allan       | McEwen      |  9000.00 | 0.35                 |
| Lindsey     | Smith       |  8000.00 | 0.30                 |
| Louise      | Doran       |  7500.00 | 0.30                 |
| Sarath      | Sewall      |  7000.00 | 0.25                 |
| Clara       | Vishney     | 10500.00 | 0.25                 |
| Danielle    | Greene      |  9500.00 | 0.15                 |
| Mattea      | Marvins     |  7200.00 | 0.10                 |
| David       | Lee         |  6800.00 | 0.10                 |
| Sundar      | Ande        |  6400.00 | 0.10                 |
| Amit        | Banda       |  6200.00 | 0.10                 |
| Lisa        | Ozer        | 11500.00 | 0.25                 |
| Harrison    | Bloom       | 10000.00 | 0.20                 |
| Tayler      | Fox         |  9600.00 | 0.20                 |
| William     | Smith       |  7400.00 | 0.15                 |
| Elizabeth   | Bates       |  7300.00 | 0.15                 |
| Sundita     | Kumar       |  6100.00 | 0.10                 |
| Ellen       | Abel        | 11000.00 | 0.30                 |
| Alyssa      | Hutton      |  8800.00 | 0.25                 |
| Jonathon    | Taylor      |  8600.00 | 0.20                 |
| Jack        | Livingston  |  8400.00 | 0.20                 |
| Kimberely   | Grant       |  7000.00 | 0.15                 |
| Charles     | Johnson     |  6200.00 | 0.10                 |
| Winston     | Taylor      |  3200.00 | nocommission         |
| Jean        | Fleaur      |  3100.00 | nocommission         |
| Martha      | Sullivan    |  2500.00 | nocommission         |
| Girard      | Geoni       |  2800.00 | nocommission         |
| Nandita     | Sarchand    |  4200.00 | nocommission         |
| Alexis      | Bull        |  4100.00 | nocommission         |
| Julia       | Dellinger   |  3400.00 | nocommission         |
| Anthony     | Cabrio      |  3000.00 | nocommission         |
| Kelly       | Chung       |  3800.00 | nocommission         |
| Jennifer    | Dilly       |  3600.00 | nocommission         |
| Timothy     | Gates       |  2900.00 | nocommission         |
| Randall     | Perkins     |  2500.00 | nocommission         |
| Sarah       | Bell        |  4000.00 | nocommission         |
| Britney     | Everett     |  3900.00 | nocommission         |
| Samuel      | McCain      |  3200.00 | nocommission         |
| Vance       | Jones       |  2800.00 | nocommission         |
| Alana       | Walsh       |  3100.00 | nocommission         |
| Kevin       | Feeney      |  3000.00 | nocommission         |
| Donald      | OConnell    |  2600.00 | nocommission         |
| Douglas     | Grant       |  2600.00 | nocommission         |
| Jennifer    | Whalen      |  4400.00 | nocommission         |
| Michael     | Hartstein   | 13000.00 | nocommission         |
| Pat         | Fay         |  6000.00 | nocommission         |
| Susan       | Mavris      |  6500.00 | nocommission         |
| Hermann     | Baer        | 10000.00 | nocommission         |
| Shelley     | Higgins     | 12000.00 | nocommission         |
| William     | Gietz       |  8300.00 | nocommission         |
+-------------+-------------+----------+----------------------+
107 rows in set (0.001 sec)

MariaDB [hr]> select first_name as fn,last_name ln,salary as sal,concat(hire_date,'  ','hd')as hd from employees;
+-------------+-------------+----------+----------------+
| fn          | ln          | sal      | hd             |
+-------------+-------------+----------+----------------+
| Steven      | King        | 24000.00 | 1987-06-17  hd |
| Neena       | Kochhar     | 17000.00 | 1989-09-21  hd |
| Lex         | De Haan     | 17000.00 | 1993-01-13  hd |
| Alexander   | Hunold      |  9000.00 | 1990-01-03  hd |
| Bruce       | Ernst       |  6000.00 | 1991-05-21  hd |
| David       | Austin      |  4800.00 | 1997-06-25  hd |
| Valli       | Pataballa   |  4800.00 | 1998-02-05  hd |
| Diana       | Lorentz     |  4200.00 | 1999-02-07  hd |
| Nancy       | Greenberg   | 12000.00 | 1994-08-17  hd |
| Daniel      | Faviet      |  9000.00 | 1994-08-16  hd |
| John        | Chen        |  8200.00 | 1997-09-28  hd |
| Ismael      | Sciarra     |  7700.00 | 1997-09-30  hd |
| Jose Manuel | Urman       |  7800.00 | 1998-03-07  hd |
| Luis        | Popp        |  6900.00 | 1999-12-07  hd |
| Den         | Raphaely    | 11000.00 | 1994-12-07  hd |
| Alexander   | Khoo        |  3100.00 | 1995-05-18  hd |
| Shelli      | Baida       |  2900.00 | 1997-12-24  hd |
| Sigal       | Tobias      |  2800.00 | 1997-07-24  hd |
| Guy         | Himuro      |  2600.00 | 1998-11-15  hd |
| Karen       | Colmenares  |  2500.00 | 1999-08-10  hd |
| Matthew     | Weiss       |  8000.00 | 1996-07-18  hd |
| Adam        | Fripp       |  8200.00 | 1997-04-10  hd |
| Payam       | Kaufling    |  7900.00 | 1995-05-01  hd |
| Shanta      | Vollman     |  6500.00 | 1997-10-10  hd |
| Kevin       | Mourgos     |  5800.00 | 1999-11-16  hd |
| Julia       | Nayer       |  3200.00 | 1997-07-16  hd |
| Irene       | Mikkilineni |  2700.00 | 1998-09-28  hd |
| James       | Landry      |  2400.00 | 1999-01-14  hd |
| Steven      | Markle      |  2200.00 | 2000-03-08  hd |
| Laura       | Bissot      |  3300.00 | 1997-08-20  hd |
| Mozhe       | Atkinson    |  2800.00 | 1997-10-30  hd |
| James       | Marlow      |  2500.00 | 1997-02-16  hd |
| TJ          | Olson       |  2100.00 | 1999-04-10  hd |
| Jason       | Mallin      |  3300.00 | 1996-06-14  hd |
| Michael     | Rogers      |  2900.00 | 1998-08-26  hd |
| Ki          | Gee         |  2400.00 | 1999-12-12  hd |
| Hazel       | Philtanker  |  2200.00 | 2000-02-06  hd |
| Renske      | Ladwig      |  3600.00 | 1995-07-14  hd |
| Stephen     | Stiles      |  3200.00 | 1997-10-26  hd |
| John        | Seo         |  2700.00 | 1998-02-12  hd |
| Joshua      | Patel       |  2500.00 | 1998-04-06  hd |
| Trenna      | Rajs        |  3500.00 | 1995-10-17  hd |
| Curtis      | Davies      |  3100.00 | 1997-01-29  hd |
| Randall     | Matos       |  2600.00 | 1998-03-15  hd |
| Peter       | Vargas      |  2500.00 | 1998-07-09  hd |
| John        | Russell     | 14000.00 | 1996-10-01  hd |
| Karen       | Partners    | 13500.00 | 1997-01-05  hd |
| Alberto     | Errazuriz   | 12000.00 | 1997-03-10  hd |
| Gerald      | Cambrault   | 11000.00 | 1999-10-15  hd |
| Eleni       | Zlotkey     | 10500.00 | 2000-01-29  hd |
| Peter       | Tucker      | 10000.00 | 1997-01-30  hd |
| David       | Bernstein   |  9500.00 | 1997-03-24  hd |
| Peter       | Hall        |  9000.00 | 1997-08-20  hd |
| Christopher | Olsen       |  8000.00 | 1998-03-30  hd |
| Nanette     | Cambrault   |  7500.00 | 1998-12-09  hd |
| Oliver      | Tuvault     |  7000.00 | 1999-11-23  hd |
| Janette     | King        | 10000.00 | 1996-01-30  hd |
| Patrick     | Sully       |  9500.00 | 1996-03-04  hd |
| Allan       | McEwen      |  9000.00 | 1996-08-01  hd |
| Lindsey     | Smith       |  8000.00 | 1997-03-10  hd |
| Louise      | Doran       |  7500.00 | 1997-12-15  hd |
| Sarath      | Sewall      |  7000.00 | 1998-11-03  hd |
| Clara       | Vishney     | 10500.00 | 1997-11-11  hd |
| Danielle    | Greene      |  9500.00 | 1999-03-19  hd |
| Mattea      | Marvins     |  7200.00 | 2000-01-24  hd |
| David       | Lee         |  6800.00 | 2000-02-23  hd |
| Sundar      | Ande        |  6400.00 | 2000-03-24  hd |
| Amit        | Banda       |  6200.00 | 2000-04-21  hd |
| Lisa        | Ozer        | 11500.00 | 1997-03-11  hd |
| Harrison    | Bloom       | 10000.00 | 1998-03-23  hd |
| Tayler      | Fox         |  9600.00 | 1998-01-24  hd |
| William     | Smith       |  7400.00 | 1999-02-23  hd |
| Elizabeth   | Bates       |  7300.00 | 1999-03-24  hd |
| Sundita     | Kumar       |  6100.00 | 2000-04-21  hd |
| Ellen       | Abel        | 11000.00 | 1996-05-11  hd |
| Alyssa      | Hutton      |  8800.00 | 1997-03-19  hd |
| Jonathon    | Taylor      |  8600.00 | 1998-03-24  hd |
| Jack        | Livingston  |  8400.00 | 1998-04-23  hd |
| Kimberely   | Grant       |  7000.00 | 1999-05-24  hd |
| Charles     | Johnson     |  6200.00 | 2000-01-04  hd |
| Winston     | Taylor      |  3200.00 | 1998-01-24  hd |
| Jean        | Fleaur      |  3100.00 | 1998-02-23  hd |
| Martha      | Sullivan    |  2500.00 | 1999-06-21  hd |
| Girard      | Geoni       |  2800.00 | 2000-02-03  hd |
| Nandita     | Sarchand    |  4200.00 | 1996-01-27  hd |
| Alexis      | Bull        |  4100.00 | 1997-02-20  hd |
| Julia       | Dellinger   |  3400.00 | 1998-06-24  hd |
| Anthony     | Cabrio      |  3000.00 | 1999-02-07  hd |
| Kelly       | Chung       |  3800.00 | 1997-06-14  hd |
| Jennifer    | Dilly       |  3600.00 | 1997-08-13  hd |
| Timothy     | Gates       |  2900.00 | 1998-07-11  hd |
| Randall     | Perkins     |  2500.00 | 1999-12-19  hd |
| Sarah       | Bell        |  4000.00 | 1996-02-04  hd |
| Britney     | Everett     |  3900.00 | 1997-03-03  hd |
| Samuel      | McCain      |  3200.00 | 1998-07-01  hd |
| Vance       | Jones       |  2800.00 | 1999-03-17  hd |
| Alana       | Walsh       |  3100.00 | 1998-04-24  hd |
| Kevin       | Feeney      |  3000.00 | 1998-05-23  hd |
| Donald      | OConnell    |  2600.00 | 1999-06-21  hd |
| Douglas     | Grant       |  2600.00 | 2000-01-13  hd |
| Jennifer    | Whalen      |  4400.00 | 1987-09-17  hd |
| Michael     | Hartstein   | 13000.00 | 1996-02-17  hd |
| Pat         | Fay         |  6000.00 | 1997-08-17  hd |
| Susan       | Mavris      |  6500.00 | 1994-06-07  hd |
| Hermann     | Baer        | 10000.00 | 1994-06-07  hd |
| Shelley     | Higgins     | 12000.00 | 1994-06-07  hd |
| William     | Gietz       |  8300.00 | 1994-06-07  hd |
+-------------+-------------+----------+----------------+
107 rows in set (0.001 sec)

MariaDB [hr]> select d.department_id,avg(e.salary) as avgsalary from departments d join employees e on(d.department_id=e.department_id)group by d.department_id;
+---------------+--------------+
| department_id | avgsalary    |
+---------------+--------------+
|            10 |  4400.000000 |
|            20 |  9500.000000 |
|            30 |  4150.000000 |
|            40 |  6500.000000 |
|            50 |  3475.555556 |
|            60 |  5760.000000 |
|            70 | 10000.000000 |
|            80 |  8955.882353 |
|            90 | 19333.333333 |
|           100 |  8600.000000 |
|           110 | 10150.000000 |
+---------------+--------------+
11 rows in set (0.027 sec)

MariaDB [hr]> select d.department_id,avg(e.salary) as avgsalary from departments d join employees e on(d.department_id=e.department_id)where d.department_id in(50,80)group by d.department_id;
+---------------+-------------+
| department_id | avgsalary   |
+---------------+-------------+
|            50 | 3475.555556 |
|            80 | 8955.882353 |
+---------------+-------------+
2 rows in set (0.001 sec)

MariaDB [hr]> select job_id,count(*)as employee_count from employees group by job_id;
+------------+----------------+
| job_id     | employee_count |
+------------+----------------+
| AC_ACCOUNT |              1 |
| AC_MGR     |              1 |
| AD_ASST    |              1 |
| AD_PRES    |              1 |
| AD_VP      |              2 |
| FI_ACCOUNT |              5 |
| FI_MGR     |              1 |
| HR_REP     |              1 |
| IT_PROG    |              5 |
| MK_MAN     |              1 |
| MK_REP     |              1 |
| PR_REP     |              1 |
| PU_CLERK   |              5 |
| PU_MAN     |              1 |
| SA_MAN     |              5 |
| SA_REP     |             30 |
| SH_CLERK   |             20 |
| ST_CLERK   |             20 |
| ST_MAN     |              5 |
+------------+----------------+
19 rows in set (0.009 sec)

MariaDB [hr]> select job_id,count(*)as employee_count from employees where salary>10000 group by job_id;
+---------+----------------+
| job_id  | employee_count |
+---------+----------------+
| AC_MGR  |              1 |
| AD_PRES |              1 |
| AD_VP   |              2 |
| FI_MGR  |              1 |
| MK_MAN  |              1 |
| PU_MAN  |              1 |
| SA_MAN  |              5 |
| SA_REP  |              3 |
+---------+----------------+
8 rows in set (0.001 sec)

MariaDB [hr]> select job_id,count(*)as employee_count from employees group by job_id having count(*)>2 ;
+------------+----------------+
| job_id     | employee_count |
+------------+----------------+
| FI_ACCOUNT |              5 |
| IT_PROG    |              5 |
| PU_CLERK   |              5 |
| SA_MAN     |              5 |
| SA_REP     |             30 |
| SH_CLERK   |             20 |
| ST_CLERK   |             20 |
| ST_MAN     |              5 |
+------------+----------------+
8 rows in set (0.001 sec)

MariaDB [hr]> select department_id,department_name from departments where location_id=(select location_id from departments where department_id=90);
+---------------+----------------------+
| department_id | department_name      |
+---------------+----------------------+
|            10 | Administration       |
|            30 | Purchasing           |
|            90 | Executive            |
|           100 | Finance              |
|           110 | Accounting           |
|           120 | Treasury             |
|           130 | Corporate Tax        |
|           140 | Control And Credit   |
|           150 | Shareholder Services |
|           160 | Benefits             |
|           170 | Manufacturing        |
|           180 | Construction         |
|           190 | Contracting          |
|           200 | Operations           |
|           210 | IT Support           |
|           220 | NOC                  |
|           230 | IT Helpdesk          |
|           240 | Government Sales     |
|           250 | Retail Sales         |
|           260 | Recruiting           |
|           270 | Payroll              |
+---------------+----------------------+
21 rows in set (0.002 sec)

MariaDB [hr]> select last_name,hire_date from employees where employee_id>101;
+-------------+------------+
| last_name   | hire_date  |
+-------------+------------+
| De Haan     | 1993-01-13 |
| Hunold      | 1990-01-03 |
| Ernst       | 1991-05-21 |
| Austin      | 1997-06-25 |
| Pataballa   | 1998-02-05 |
| Lorentz     | 1999-02-07 |
| Greenberg   | 1994-08-17 |
| Faviet      | 1994-08-16 |
| Chen        | 1997-09-28 |
| Sciarra     | 1997-09-30 |
| Urman       | 1998-03-07 |
| Popp        | 1999-12-07 |
| Raphaely    | 1994-12-07 |
| Khoo        | 1995-05-18 |
| Baida       | 1997-12-24 |
| Tobias      | 1997-07-24 |
| Himuro      | 1998-11-15 |
| Colmenares  | 1999-08-10 |
| Weiss       | 1996-07-18 |
| Fripp       | 1997-04-10 |
| Kaufling    | 1995-05-01 |
| Vollman     | 1997-10-10 |
| Mourgos     | 1999-11-16 |
| Nayer       | 1997-07-16 |
| Mikkilineni | 1998-09-28 |
| Landry      | 1999-01-14 |
| Markle      | 2000-03-08 |
| Bissot      | 1997-08-20 |
| Atkinson    | 1997-10-30 |
| Marlow      | 1997-02-16 |
| Olson       | 1999-04-10 |
| Mallin      | 1996-06-14 |
| Rogers      | 1998-08-26 |
| Gee         | 1999-12-12 |
| Philtanker  | 2000-02-06 |
| Ladwig      | 1995-07-14 |
| Stiles      | 1997-10-26 |
| Seo         | 1998-02-12 |
| Patel       | 1998-04-06 |
| Rajs        | 1995-10-17 |
| Davies      | 1997-01-29 |
| Matos       | 1998-03-15 |
| Vargas      | 1998-07-09 |
| Russell     | 1996-10-01 |
| Partners    | 1997-01-05 |
| Errazuriz   | 1997-03-10 |
| Cambrault   | 1999-10-15 |
| Zlotkey     | 2000-01-29 |
| Tucker      | 1997-01-30 |
| Bernstein   | 1997-03-24 |
| Hall        | 1997-08-20 |
| Olsen       | 1998-03-30 |
| Cambrault   | 1998-12-09 |
| Tuvault     | 1999-11-23 |
| King        | 1996-01-30 |
| Sully       | 1996-03-04 |
| McEwen      | 1996-08-01 |
| Smith       | 1997-03-10 |
| Doran       | 1997-12-15 |
| Sewall      | 1998-11-03 |
| Vishney     | 1997-11-11 |
| Greene      | 1999-03-19 |
| Marvins     | 2000-01-24 |
| Lee         | 2000-02-23 |
| Ande        | 2000-03-24 |
| Banda       | 2000-04-21 |
| Ozer        | 1997-03-11 |
| Bloom       | 1998-03-23 |
| Fox         | 1998-01-24 |
| Smith       | 1999-02-23 |
| Bates       | 1999-03-24 |
| Kumar       | 2000-04-21 |
| Abel        | 1996-05-11 |
| Hutton      | 1997-03-19 |
| Taylor      | 1998-03-24 |
| Livingston  | 1998-04-23 |
| Grant       | 1999-05-24 |
| Johnson     | 2000-01-04 |
| Taylor      | 1998-01-24 |
| Fleaur      | 1998-02-23 |
| Sullivan    | 1999-06-21 |
| Geoni       | 2000-02-03 |
| Sarchand    | 1996-01-27 |
| Bull        | 1997-02-20 |
| Dellinger   | 1998-06-24 |
| Cabrio      | 1999-02-07 |
| Chung       | 1997-06-14 |
| Dilly       | 1997-08-13 |
| Gates       | 1998-07-11 |
| Perkins     | 1999-12-19 |
| Bell        | 1996-02-04 |
| Everett     | 1997-03-03 |
| McCain      | 1998-07-01 |
| Jones       | 1999-03-17 |
| Walsh       | 1998-04-24 |
| Feeney      | 1998-05-23 |
| OConnell    | 1999-06-21 |
| Grant       | 2000-01-13 |
| Whalen      | 1987-09-17 |
| Hartstein   | 1996-02-17 |
| Fay         | 1997-08-17 |
| Mavris      | 1994-06-07 |
| Baer        | 1994-06-07 |
| Higgins     | 1994-06-07 |
| Gietz       | 1994-06-07 |
+-------------+------------+
105 rows in set (0.001 sec)

MariaDB [hr]> select e.first_name,e.last_name,d.department_id from employees e join departments d on(e.department_id=d.department_id) where d.department_id='sales';
Empty set (0.009 sec)

MariaDB [hr]> select e.first_name,e.last_name,d.department_id from employees e join departments d on(e.department_id=d.department_id) where d.department_id='sales';
Empty set (0.000 sec)

MariaDB [hr]> select department_id, department_name from departments where location_id=(select location_id from locations where city ='Toronto');
+---------------+-----------------+
| department_id | department_name |
+---------------+-----------------+
|            20 | Marketing       |
+---------------+-----------------+
1 row in set (0.032 sec)

MariaDB [hr]> select first_name, salary, department_id from employees where department_id =
    -> (select department_id from employees where employee_id=124);
+------------+---------+---------------+
| first_name | salary  | department_id |
+------------+---------+---------------+
| Matthew    | 8000.00 |            50 |
| Adam       | 8200.00 |            50 |
| Payam      | 7900.00 |            50 |
| Shanta     | 6500.00 |            50 |
| Kevin      | 5800.00 |            50 |
| Julia      | 3200.00 |            50 |
| Irene      | 2700.00 |            50 |
| James      | 2400.00 |            50 |
| Steven     | 2200.00 |            50 |
| Laura      | 3300.00 |            50 |
| Mozhe      | 2800.00 |            50 |
| James      | 2500.00 |            50 |
| TJ         | 2100.00 |            50 |
| Jason      | 3300.00 |            50 |
| Michael    | 2900.00 |            50 |
| Ki         | 2400.00 |            50 |
| Hazel      | 2200.00 |            50 |
| Renske     | 3600.00 |            50 |
| Stephen    | 3200.00 |            50 |
| John       | 2700.00 |            50 |
| Joshua     | 2500.00 |            50 |
| Trenna     | 3500.00 |            50 |
| Curtis     | 3100.00 |            50 |
| Randall    | 2600.00 |            50 |
| Peter      | 2500.00 |            50 |
| Winston    | 3200.00 |            50 |
| Jean       | 3100.00 |            50 |
| Martha     | 2500.00 |            50 |
| Girard     | 2800.00 |            50 |
| Nandita    | 4200.00 |            50 |
| Alexis     | 4100.00 |            50 |
| Julia      | 3400.00 |            50 |
| Anthony    | 3000.00 |            50 |
| Kelly      | 3800.00 |            50 |
| Jennifer   | 3600.00 |            50 |
| Timothy    | 2900.00 |            50 |
| Randall    | 2500.00 |            50 |
| Sarah      | 4000.00 |            50 |
| Britney    | 3900.00 |            50 |
| Samuel     | 3200.00 |            50 |
| Vance      | 2800.00 |            50 |
| Alana      | 3100.00 |            50 |
| Kevin      | 3000.00 |            50 |
| Donald     | 2600.00 |            50 |
| Douglas    | 2600.00 |            50 |
+------------+---------+---------------+
45 rows in set (0.001 sec)

MariaDB [hr]> select first_name, salary, department_id from employees where department_id =
    -> (select department_id from employees where employee_id=124);
+------------+---------+---------------+
| first_name | salary  | department_id |
+------------+---------+---------------+
| Matthew    | 8000.00 |            50 |
| Adam       | 8200.00 |            50 |
| Payam      | 7900.00 |            50 |
| Shanta     | 6500.00 |            50 |
| Kevin      | 5800.00 |            50 |
| Julia      | 3200.00 |            50 |
| Irene      | 2700.00 |            50 |
| James      | 2400.00 |            50 |
| Steven     | 2200.00 |            50 |
| Laura      | 3300.00 |            50 |
| Mozhe      | 2800.00 |            50 |
| James      | 2500.00 |            50 |
| TJ         | 2100.00 |            50 |
| Jason      | 3300.00 |            50 |
| Michael    | 2900.00 |            50 |
| Ki         | 2400.00 |            50 |
| Hazel      | 2200.00 |            50 |
| Renske     | 3600.00 |            50 |
| Stephen    | 3200.00 |            50 |
| John       | 2700.00 |            50 |
| Joshua     | 2500.00 |            50 |
| Trenna     | 3500.00 |            50 |
| Curtis     | 3100.00 |            50 |
| Randall    | 2600.00 |            50 |
| Peter      | 2500.00 |            50 |
| Winston    | 3200.00 |            50 |
| Jean       | 3100.00 |            50 |
| Martha     | 2500.00 |            50 |
| Girard     | 2800.00 |            50 |
| Nandita    | 4200.00 |            50 |
| Alexis     | 4100.00 |            50 |
| Julia      | 3400.00 |            50 |
| Anthony    | 3000.00 |            50 |
| Kelly      | 3800.00 |            50 |
| Jennifer   | 3600.00 |            50 |
| Timothy    | 2900.00 |            50 |
| Randall    | 2500.00 |            50 |
| Sarah      | 4000.00 |            50 |
| Britney    | 3900.00 |            50 |
| Samuel     | 3200.00 |            50 |
| Vance      | 2800.00 |            50 |
| Alana      | 3100.00 |            50 |
| Kevin      | 3000.00 |            50 |
| Donald     | 2600.00 |            50 |
| Douglas    | 2600.00 |            50 |
+------------+---------+---------------+
45 rows in set (0.001 sec)

MariaDB [hr]> select first_name, salary, department_id from employees where salary>(select avg(salary) from employees);
+-------------+----------+---------------+
| first_name  | salary   | department_id |
+-------------+----------+---------------+
| Steven      | 24000.00 |            90 |
| Neena       | 17000.00 |            90 |
| Lex         | 17000.00 |            90 |
| Alexander   |  9000.00 |            60 |
| Nancy       | 12000.00 |           100 |
| Daniel      |  9000.00 |           100 |
| John        |  8200.00 |           100 |
| Ismael      |  7700.00 |           100 |
| Jose Manuel |  7800.00 |           100 |
| Luis        |  6900.00 |           100 |
| Den         | 11000.00 |            30 |
| Matthew     |  8000.00 |            50 |
| Adam        |  8200.00 |            50 |
| Payam       |  7900.00 |            50 |
| Shanta      |  6500.00 |            50 |
| John        | 14000.00 |            80 |
| Karen       | 13500.00 |            80 |
| Alberto     | 12000.00 |            80 |
| Gerald      | 11000.00 |            80 |
| Eleni       | 10500.00 |            80 |
| Peter       | 10000.00 |            80 |
| David       |  9500.00 |            80 |
| Peter       |  9000.00 |            80 |
| Christopher |  8000.00 |            80 |
| Nanette     |  7500.00 |            80 |
| Oliver      |  7000.00 |            80 |
| Janette     | 10000.00 |            80 |
| Patrick     |  9500.00 |            80 |
| Allan       |  9000.00 |            80 |
| Lindsey     |  8000.00 |            80 |
| Louise      |  7500.00 |            80 |
| Sarath      |  7000.00 |            80 |
| Clara       | 10500.00 |            80 |
| Danielle    |  9500.00 |            80 |
| Mattea      |  7200.00 |            80 |
| David       |  6800.00 |            80 |
| Lisa        | 11500.00 |            80 |
| Harrison    | 10000.00 |            80 |
| Tayler      |  9600.00 |            80 |
| William     |  7400.00 |            80 |
| Elizabeth   |  7300.00 |            80 |
| Ellen       | 11000.00 |            80 |
| Alyssa      |  8800.00 |            80 |
| Jonathon    |  8600.00 |            80 |
| Jack        |  8400.00 |            80 |
| Kimberely   |  7000.00 |          NULL |
| Michael     | 13000.00 |            20 |
| Susan       |  6500.00 |            40 |
| Hermann     | 10000.00 |            70 |
| Shelley     | 12000.00 |           110 |
| William     |  8300.00 |           110 |
+-------------+----------+---------------+
51 rows in set (0.001 sec)

MariaDB [hr]> select first_name, salary, department_id from employees where salary in (select salary from employees where department_id=20);
+------------+----------+---------------+
| first_name | salary   | department_id |
+------------+----------+---------------+
| Bruce      |  6000.00 |            60 |
| Michael    | 13000.00 |            20 |
| Pat        |  6000.00 |            20 |
+------------+----------+---------------+
3 rows in set (0.001 sec)

MariaDB [hr]> select first_name, salary, department_id from employees where salary >(select max(salary) from employees where department_id=50);
+------------+----------+---------------+
| first_name | salary   | department_id |
+------------+----------+---------------+
| Steven     | 24000.00 |            90 |
| Neena      | 17000.00 |            90 |
| Lex        | 17000.00 |            90 |
| Alexander  |  9000.00 |            60 |
| Nancy      | 12000.00 |           100 |
| Daniel     |  9000.00 |           100 |
| Den        | 11000.00 |            30 |
| John       | 14000.00 |            80 |
| Karen      | 13500.00 |            80 |
| Alberto    | 12000.00 |            80 |
| Gerald     | 11000.00 |            80 |
| Eleni      | 10500.00 |            80 |
| Peter      | 10000.00 |            80 |
| David      |  9500.00 |            80 |
| Peter      |  9000.00 |            80 |
| Janette    | 10000.00 |            80 |
| Patrick    |  9500.00 |            80 |
| Allan      |  9000.00 |            80 |
| Clara      | 10500.00 |            80 |
| Danielle   |  9500.00 |            80 |
| Lisa       | 11500.00 |            80 |
| Harrison   | 10000.00 |            80 |
| Tayler     |  9600.00 |            80 |
| Ellen      | 11000.00 |            80 |
| Alyssa     |  8800.00 |            80 |
| Jonathon   |  8600.00 |            80 |
| Jack       |  8400.00 |            80 |
| Michael    | 13000.00 |            20 |
| Hermann    | 10000.00 |            70 |
| Shelley    | 12000.00 |           110 |
| William    |  8300.00 |           110 |
+------------+----------+---------------+
31 rows in set (0.000 sec)

MariaDB [hr]> select first_name, salary, department_id from employees where salary >(select min(salary) from employees where department_id=60);
+-------------+----------+---------------+
| first_name  | salary   | department_id |
+-------------+----------+---------------+
| Steven      | 24000.00 |            90 |
| Neena       | 17000.00 |            90 |
| Lex         | 17000.00 |            90 |
| Alexander   |  9000.00 |            60 |
| Bruce       |  6000.00 |            60 |
| David       |  4800.00 |            60 |
| Valli       |  4800.00 |            60 |
| Nancy       | 12000.00 |           100 |
| Daniel      |  9000.00 |           100 |
| John        |  8200.00 |           100 |
| Ismael      |  7700.00 |           100 |
| Jose Manuel |  7800.00 |           100 |
| Luis        |  6900.00 |           100 |
| Den         | 11000.00 |            30 |
| Matthew     |  8000.00 |            50 |
| Adam        |  8200.00 |            50 |
| Payam       |  7900.00 |            50 |
| Shanta      |  6500.00 |            50 |
| Kevin       |  5800.00 |            50 |
| John        | 14000.00 |            80 |
| Karen       | 13500.00 |            80 |
| Alberto     | 12000.00 |            80 |
| Gerald      | 11000.00 |            80 |
| Eleni       | 10500.00 |            80 |
| Peter       | 10000.00 |            80 |
| David       |  9500.00 |            80 |
| Peter       |  9000.00 |            80 |
| Christopher |  8000.00 |            80 |
| Nanette     |  7500.00 |            80 |
| Oliver      |  7000.00 |            80 |
| Janette     | 10000.00 |            80 |
| Patrick     |  9500.00 |            80 |
| Allan       |  9000.00 |            80 |
| Lindsey     |  8000.00 |            80 |
| Louise      |  7500.00 |            80 |
| Sarath      |  7000.00 |            80 |
| Clara       | 10500.00 |            80 |
| Danielle    |  9500.00 |            80 |
| Mattea      |  7200.00 |            80 |
| David       |  6800.00 |            80 |
| Sundar      |  6400.00 |            80 |
| Amit        |  6200.00 |            80 |
| Lisa        | 11500.00 |            80 |
| Harrison    | 10000.00 |            80 |
| Tayler      |  9600.00 |            80 |
| William     |  7400.00 |            80 |
| Elizabeth   |  7300.00 |            80 |
| Sundita     |  6100.00 |            80 |
| Ellen       | 11000.00 |            80 |
| Alyssa      |  8800.00 |            80 |
| Jonathon    |  8600.00 |            80 |
| Jack        |  8400.00 |            80 |
| Kimberely   |  7000.00 |          NULL |
| Charles     |  6200.00 |            80 |
| Jennifer    |  4400.00 |            10 |
| Michael     | 13000.00 |            20 |
| Pat         |  6000.00 |            20 |
| Susan       |  6500.00 |            40 |
| Hermann     | 10000.00 |            70 |
| Shelley     | 12000.00 |           110 |
| William     |  8300.00 |           110 |
+-------------+----------+---------------+
61 rows in set (0.001 sec)

MariaDB [hr]> select first_name, salary, department_id from employees where salary >(select min(salary) from employees where department_id=90);
+------------+----------+---------------+
| first_name | salary   | department_id |
+------------+----------+---------------+
| Steven     | 24000.00 |            90 |
+------------+----------+---------------+
1 row in set (0.001 sec)

MariaDB [hr]> select e.first_name, e.salary, e.department_id from employees e join departments d on e.department_id=d.department_id join locations l on d.location_id=l.location_id where l.city='seattle';
+-------------+----------+---------------+
| first_name  | salary   | department_id |
+-------------+----------+---------------+
| Jennifer    |  4400.00 |            10 |
| Den         | 11000.00 |            30 |
| Alexander   |  3100.00 |            30 |
| Shelli      |  2900.00 |            30 |
| Sigal       |  2800.00 |            30 |
| Guy         |  2600.00 |            30 |
| Karen       |  2500.00 |            30 |
| Steven      | 24000.00 |            90 |
| Neena       | 17000.00 |            90 |
| Lex         | 17000.00 |            90 |
| Nancy       | 12000.00 |           100 |
| Daniel      |  9000.00 |           100 |
| John        |  8200.00 |           100 |
| Ismael      |  7700.00 |           100 |
| Jose Manuel |  7800.00 |           100 |
| Luis        |  6900.00 |           100 |
| Shelley     | 12000.00 |           110 |
| William     |  8300.00 |           110 |
+-------------+----------+---------------+
18 rows in set (0.001 sec)

MariaDB [hr]> select e.first_name, e.salary, e.department_id from employees e join employees k on
    -> e.department_id=k.department_id where e.salary<(select avg(salary) from employees) and k.first_name='kevin';
+------------+---------+---------------+
| first_name | salary  | department_id |
+------------+---------+---------------+
| Kevin      | 5800.00 |            50 |
| Kevin      | 5800.00 |            50 |
| Julia      | 3200.00 |            50 |
| Julia      | 3200.00 |            50 |
| Irene      | 2700.00 |            50 |
| Irene      | 2700.00 |            50 |
| James      | 2400.00 |            50 |
| James      | 2400.00 |            50 |
| Steven     | 2200.00 |            50 |
| Steven     | 2200.00 |            50 |
| Laura      | 3300.00 |            50 |
| Laura      | 3300.00 |            50 |
| Mozhe      | 2800.00 |            50 |
| Mozhe      | 2800.00 |            50 |
| James      | 2500.00 |            50 |
| James      | 2500.00 |            50 |
| TJ         | 2100.00 |            50 |
| TJ         | 2100.00 |            50 |
| Jason      | 3300.00 |            50 |
| Jason      | 3300.00 |            50 |
| Michael    | 2900.00 |            50 |
| Michael    | 2900.00 |            50 |
| Ki         | 2400.00 |            50 |
| Ki         | 2400.00 |            50 |
| Hazel      | 2200.00 |            50 |
| Hazel      | 2200.00 |            50 |
| Renske     | 3600.00 |            50 |
| Renske     | 3600.00 |            50 |
| Stephen    | 3200.00 |            50 |
| Stephen    | 3200.00 |            50 |
| John       | 2700.00 |            50 |
| John       | 2700.00 |            50 |
| Joshua     | 2500.00 |            50 |
| Joshua     | 2500.00 |            50 |
| Trenna     | 3500.00 |            50 |
| Trenna     | 3500.00 |            50 |
| Curtis     | 3100.00 |            50 |
| Curtis     | 3100.00 |            50 |
| Randall    | 2600.00 |            50 |
| Randall    | 2600.00 |            50 |
| Peter      | 2500.00 |            50 |
| Peter      | 2500.00 |            50 |
| Winston    | 3200.00 |            50 |
| Winston    | 3200.00 |            50 |
| Jean       | 3100.00 |            50 |
| Jean       | 3100.00 |            50 |
| Martha     | 2500.00 |            50 |
| Martha     | 2500.00 |            50 |
| Girard     | 2800.00 |            50 |
| Girard     | 2800.00 |            50 |
| Nandita    | 4200.00 |            50 |
| Nandita    | 4200.00 |            50 |
| Alexis     | 4100.00 |            50 |
| Alexis     | 4100.00 |            50 |
| Julia      | 3400.00 |            50 |
| Julia      | 3400.00 |            50 |
| Anthony    | 3000.00 |            50 |
| Anthony    | 3000.00 |            50 |
| Kelly      | 3800.00 |            50 |
| Kelly      | 3800.00 |            50 |
| Jennifer   | 3600.00 |            50 |
| Jennifer   | 3600.00 |            50 |
| Timothy    | 2900.00 |            50 |
| Timothy    | 2900.00 |            50 |
| Randall    | 2500.00 |            50 |
| Randall    | 2500.00 |            50 |
| Sarah      | 4000.00 |            50 |
| Sarah      | 4000.00 |            50 |
| Britney    | 3900.00 |            50 |
| Britney    | 3900.00 |            50 |
| Samuel     | 3200.00 |            50 |
| Samuel     | 3200.00 |            50 |
| Vance      | 2800.00 |            50 |
| Vance      | 2800.00 |            50 |
| Alana      | 3100.00 |            50 |
| Alana      | 3100.00 |            50 |
| Kevin      | 3000.00 |            50 |
| Kevin      | 3000.00 |            50 |
| Donald     | 2600.00 |            50 |
| Donald     | 2600.00 |            50 |
| Douglas    | 2600.00 |            50 |
| Douglas    | 2600.00 |            50 |
+------------+---------+---------------+
82 rows in set (0.003 sec)

MariaDB [hr]> SELECT
    ->     e.first_name,
    ->     e.last_name,
    ->     e.department_id,
    ->     d.department_name
    -> FROM
    ->     Employees e
    -> JOIN
    ->     Departments d ON e.department_id = d.department_id;
+-------------+-------------+---------------+------------------+
| first_name  | last_name   | department_id | department_name  |
+-------------+-------------+---------------+------------------+
| Jennifer    | Whalen      |            10 | Administration   |
| Michael     | Hartstein   |            20 | Marketing        |
| Pat         | Fay         |            20 | Marketing        |
| Den         | Raphaely    |            30 | Purchasing       |
| Alexander   | Khoo        |            30 | Purchasing       |
| Shelli      | Baida       |            30 | Purchasing       |
| Sigal       | Tobias      |            30 | Purchasing       |
| Guy         | Himuro      |            30 | Purchasing       |
| Karen       | Colmenares  |            30 | Purchasing       |
| Susan       | Mavris      |            40 | Human Resources  |
| Matthew     | Weiss       |            50 | Shipping         |
| Adam        | Fripp       |            50 | Shipping         |
| Payam       | Kaufling    |            50 | Shipping         |
| Shanta      | Vollman     |            50 | Shipping         |
| Kevin       | Mourgos     |            50 | Shipping         |
| Julia       | Nayer       |            50 | Shipping         |
| Irene       | Mikkilineni |            50 | Shipping         |
| James       | Landry      |            50 | Shipping         |
| Steven      | Markle      |            50 | Shipping         |
| Laura       | Bissot      |            50 | Shipping         |
| Mozhe       | Atkinson    |            50 | Shipping         |
| James       | Marlow      |            50 | Shipping         |
| TJ          | Olson       |            50 | Shipping         |
| Jason       | Mallin      |            50 | Shipping         |
| Michael     | Rogers      |            50 | Shipping         |
| Ki          | Gee         |            50 | Shipping         |
| Hazel       | Philtanker  |            50 | Shipping         |
| Renske      | Ladwig      |            50 | Shipping         |
| Stephen     | Stiles      |            50 | Shipping         |
| John        | Seo         |            50 | Shipping         |
| Joshua      | Patel       |            50 | Shipping         |
| Trenna      | Rajs        |            50 | Shipping         |
| Curtis      | Davies      |            50 | Shipping         |
| Randall     | Matos       |            50 | Shipping         |
| Peter       | Vargas      |            50 | Shipping         |
| Winston     | Taylor      |            50 | Shipping         |
| Jean        | Fleaur      |            50 | Shipping         |
| Martha      | Sullivan    |            50 | Shipping         |
| Girard      | Geoni       |            50 | Shipping         |
| Nandita     | Sarchand    |            50 | Shipping         |
| Alexis      | Bull        |            50 | Shipping         |
| Julia       | Dellinger   |            50 | Shipping         |
| Anthony     | Cabrio      |            50 | Shipping         |
| Kelly       | Chung       |            50 | Shipping         |
| Jennifer    | Dilly       |            50 | Shipping         |
| Timothy     | Gates       |            50 | Shipping         |
| Randall     | Perkins     |            50 | Shipping         |
| Sarah       | Bell        |            50 | Shipping         |
| Britney     | Everett     |            50 | Shipping         |
| Samuel      | McCain      |            50 | Shipping         |
| Vance       | Jones       |            50 | Shipping         |
| Alana       | Walsh       |            50 | Shipping         |
| Kevin       | Feeney      |            50 | Shipping         |
| Donald      | OConnell    |            50 | Shipping         |
| Douglas     | Grant       |            50 | Shipping         |
| Alexander   | Hunold      |            60 | IT               |
| Bruce       | Ernst       |            60 | IT               |
| David       | Austin      |            60 | IT               |
| Valli       | Pataballa   |            60 | IT               |
| Diana       | Lorentz     |            60 | IT               |
| Hermann     | Baer        |            70 | Public Relations |
| John        | Russell     |            80 | Sales            |
| Karen       | Partners    |            80 | Sales            |
| Alberto     | Errazuriz   |            80 | Sales            |
| Gerald      | Cambrault   |            80 | Sales            |
| Eleni       | Zlotkey     |            80 | Sales            |
| Peter       | Tucker      |            80 | Sales            |
| David       | Bernstein   |            80 | Sales            |
| Peter       | Hall        |            80 | Sales            |
| Christopher | Olsen       |            80 | Sales            |
| Nanette     | Cambrault   |            80 | Sales            |
| Oliver      | Tuvault     |            80 | Sales            |
| Janette     | King        |            80 | Sales            |
| Patrick     | Sully       |            80 | Sales            |
| Allan       | McEwen      |            80 | Sales            |
| Lindsey     | Smith       |            80 | Sales            |
| Louise      | Doran       |            80 | Sales            |
| Sarath      | Sewall      |            80 | Sales            |
| Clara       | Vishney     |            80 | Sales            |
| Danielle    | Greene      |            80 | Sales            |
| Mattea      | Marvins     |            80 | Sales            |
| David       | Lee         |            80 | Sales            |
| Sundar      | Ande        |            80 | Sales            |
| Amit        | Banda       |            80 | Sales            |
| Lisa        | Ozer        |            80 | Sales            |
| Harrison    | Bloom       |            80 | Sales            |
| Tayler      | Fox         |            80 | Sales            |
| William     | Smith       |            80 | Sales            |
| Elizabeth   | Bates       |            80 | Sales            |
| Sundita     | Kumar       |            80 | Sales            |
| Ellen       | Abel        |            80 | Sales            |
| Alyssa      | Hutton      |            80 | Sales            |
| Jonathon    | Taylor      |            80 | Sales            |
| Jack        | Livingston  |            80 | Sales            |
| Charles     | Johnson     |            80 | Sales            |
| Steven      | King        |            90 | Executive        |
| Neena       | Kochhar     |            90 | Executive        |
| Lex         | De Haan     |            90 | Executive        |
| Nancy       | Greenberg   |           100 | Finance          |
| Daniel      | Faviet      |           100 | Finance          |
| John        | Chen        |           100 | Finance          |
| Ismael      | Sciarra     |           100 | Finance          |
| Jose Manuel | Urman       |           100 | Finance          |
| Luis        | Popp        |           100 | Finance          |
| Shelley     | Higgins     |           110 | Accounting       |
| William     | Gietz       |           110 | Accounting       |
+-------------+-------------+---------------+------------------+
106 rows in set (0.001 sec)

MariaDB [hr]> SELECT
    ->     e.first_name,
    ->     e.last_name,
    ->     e.department_id,
    ->     d.department_name
    -> FROM
    ->     Employees e
    -> JOIN
    ->     Departments d ON e.department_id = d.department_id
    -> WHERE
    ->     e.department_id IN (50, 90);
+------------+-------------+---------------+-----------------+
| first_name | last_name   | department_id | department_name |
+------------+-------------+---------------+-----------------+
| Steven     | King        |            90 | Executive       |
| Neena      | Kochhar     |            90 | Executive       |
| Lex        | De Haan     |            90 | Executive       |
| Matthew    | Weiss       |            50 | Shipping        |
| Adam       | Fripp       |            50 | Shipping        |
| Payam      | Kaufling    |            50 | Shipping        |
| Shanta     | Vollman     |            50 | Shipping        |
| Kevin      | Mourgos     |            50 | Shipping        |
| Julia      | Nayer       |            50 | Shipping        |
| Irene      | Mikkilineni |            50 | Shipping        |
| James      | Landry      |            50 | Shipping        |
| Steven     | Markle      |            50 | Shipping        |
| Laura      | Bissot      |            50 | Shipping        |
| Mozhe      | Atkinson    |            50 | Shipping        |
| James      | Marlow      |            50 | Shipping        |
| TJ         | Olson       |            50 | Shipping        |
| Jason      | Mallin      |            50 | Shipping        |
| Michael    | Rogers      |            50 | Shipping        |
| Ki         | Gee         |            50 | Shipping        |
| Hazel      | Philtanker  |            50 | Shipping        |
| Renske     | Ladwig      |            50 | Shipping        |
| Stephen    | Stiles      |            50 | Shipping        |
| John       | Seo         |            50 | Shipping        |
| Joshua     | Patel       |            50 | Shipping        |
| Trenna     | Rajs        |            50 | Shipping        |
| Curtis     | Davies      |            50 | Shipping        |
| Randall    | Matos       |            50 | Shipping        |
| Peter      | Vargas      |            50 | Shipping        |
| Winston    | Taylor      |            50 | Shipping        |
| Jean       | Fleaur      |            50 | Shipping        |
| Martha     | Sullivan    |            50 | Shipping        |
| Girard     | Geoni       |            50 | Shipping        |
| Nandita    | Sarchand    |            50 | Shipping        |
| Alexis     | Bull        |            50 | Shipping        |
| Julia      | Dellinger   |            50 | Shipping        |
| Anthony    | Cabrio      |            50 | Shipping        |
| Kelly      | Chung       |            50 | Shipping        |
| Jennifer   | Dilly       |            50 | Shipping        |
| Timothy    | Gates       |            50 | Shipping        |
| Randall    | Perkins     |            50 | Shipping        |
| Sarah      | Bell        |            50 | Shipping        |
| Britney    | Everett     |            50 | Shipping        |
| Samuel     | McCain      |            50 | Shipping        |
| Vance      | Jones       |            50 | Shipping        |
| Alana      | Walsh       |            50 | Shipping        |
| Kevin      | Feeney      |            50 | Shipping        |
| Donald     | OConnell    |            50 | Shipping        |
| Douglas    | Grant       |            50 | Shipping        |
+------------+-------------+---------------+-----------------+
48 rows in set (0.001 sec)

MariaDB [hr]>
MariaDB [hr]> SELECT
    ->     D.department_name,
    ->     L.city,
    ->     L.state_province
    -> FROM
    ->     Departments D
    -> JOIN
    ->     Employees E ON D.department_id = E.department_id
    -> JOIN
    ->     Locations L ON D.location_id = L.location_id
    -> GROUP BY
    ->     D.department_name, L.city, L.state_province;
+------------------+---------------------+----------------+
| department_name  | city                | state_province |
+------------------+---------------------+----------------+
| Accounting       | Seattle             | Washington     |
| Administration   | Seattle             | Washington     |
| Executive        | Seattle             | Washington     |
| Finance          | Seattle             | Washington     |
| Human Resources  | London              | NULL           |
| IT               | Southlake           | Texas          |
| Marketing        | Toronto             | Ontario        |
| Public Relations | Munich              | Bavaria        |
| Purchasing       | Seattle             | Washington     |
| Sales            | Oxford              | Oxford         |
| Shipping         | South San Francisco | California     |
+------------------+---------------------+----------------+
11 rows in set (0.001 sec)

MariaDB [hr]>     CONCAT(E.first_name, ' ', E.last_name) AS full_name,
    ->     D.department_name,
    ->     L.city,
    ->     L.state_province
    -> FROM
    ->     Employees E
    -> JOIN
    ->     Departments D ON E.department_id = D.department_id
    -> JOIN
    ->     Locations L ON D.location_id = L.location_id;
ERROR 1064 (42000): You have an error in your SQL syntax; check the manual that corresponds to your MariaDB server version for the right syntax to use near 'CONCAT(E.first_name, ' ', E.last_name) AS full_name,
    D.department_name, ...' at line 1
MariaDB [hr]> select     CONCAT(E.first_name, ' ', E.last_name) AS full_name,
    ->     D.department_name,
    ->     L.city,
    ->     L.state_province
    -> FROM
    ->     Employees E
    -> JOIN
    ->     Departments D ON E.department_id = D.department_id
    -> JOIN
    ->     Locations L ON D.location_id = L.location_id;
+-------------------+------------------+---------------------+----------------+
| full_name         | department_name  | city                | state_province |
+-------------------+------------------+---------------------+----------------+
| Alexander Hunold  | IT               | Southlake           | Texas          |
| Bruce Ernst       | IT               | Southlake           | Texas          |
| David Austin      | IT               | Southlake           | Texas          |
| Valli Pataballa   | IT               | Southlake           | Texas          |
| Diana Lorentz     | IT               | Southlake           | Texas          |
| Matthew Weiss     | Shipping         | South San Francisco | California     |
| Adam Fripp        | Shipping         | South San Francisco | California     |
| Payam Kaufling    | Shipping         | South San Francisco | California     |
| Shanta Vollman    | Shipping         | South San Francisco | California     |
| Kevin Mourgos     | Shipping         | South San Francisco | California     |
| Julia Nayer       | Shipping         | South San Francisco | California     |
| Irene Mikkilineni | Shipping         | South San Francisco | California     |
| James Landry      | Shipping         | South San Francisco | California     |
| Steven Markle     | Shipping         | South San Francisco | California     |
| Laura Bissot      | Shipping         | South San Francisco | California     |
| Mozhe Atkinson    | Shipping         | South San Francisco | California     |
| James Marlow      | Shipping         | South San Francisco | California     |
| TJ Olson          | Shipping         | South San Francisco | California     |
| Jason Mallin      | Shipping         | South San Francisco | California     |
| Michael Rogers    | Shipping         | South San Francisco | California     |
| Ki Gee            | Shipping         | South San Francisco | California     |
| Hazel Philtanker  | Shipping         | South San Francisco | California     |
| Renske Ladwig     | Shipping         | South San Francisco | California     |
| Stephen Stiles    | Shipping         | South San Francisco | California     |
| John Seo          | Shipping         | South San Francisco | California     |
| Joshua Patel      | Shipping         | South San Francisco | California     |
| Trenna Rajs       | Shipping         | South San Francisco | California     |
| Curtis Davies     | Shipping         | South San Francisco | California     |
| Randall Matos     | Shipping         | South San Francisco | California     |
| Peter Vargas      | Shipping         | South San Francisco | California     |
| Winston Taylor    | Shipping         | South San Francisco | California     |
| Jean Fleaur       | Shipping         | South San Francisco | California     |
| Martha Sullivan   | Shipping         | South San Francisco | California     |
| Girard Geoni      | Shipping         | South San Francisco | California     |
| Nandita Sarchand  | Shipping         | South San Francisco | California     |
| Alexis Bull       | Shipping         | South San Francisco | California     |
| Julia Dellinger   | Shipping         | South San Francisco | California     |
| Anthony Cabrio    | Shipping         | South San Francisco | California     |
| Kelly Chung       | Shipping         | South San Francisco | California     |
| Jennifer Dilly    | Shipping         | South San Francisco | California     |
| Timothy Gates     | Shipping         | South San Francisco | California     |
| Randall Perkins   | Shipping         | South San Francisco | California     |
| Sarah Bell        | Shipping         | South San Francisco | California     |
| Britney Everett   | Shipping         | South San Francisco | California     |
| Samuel McCain     | Shipping         | South San Francisco | California     |
| Vance Jones       | Shipping         | South San Francisco | California     |
| Alana Walsh       | Shipping         | South San Francisco | California     |
| Kevin Feeney      | Shipping         | South San Francisco | California     |
| Donald OConnell   | Shipping         | South San Francisco | California     |
| Douglas Grant     | Shipping         | South San Francisco | California     |
| Jennifer Whalen   | Administration   | Seattle             | Washington     |
| Den Raphaely      | Purchasing       | Seattle             | Washington     |
| Alexander Khoo    | Purchasing       | Seattle             | Washington     |
| Shelli Baida      | Purchasing       | Seattle             | Washington     |
| Sigal Tobias      | Purchasing       | Seattle             | Washington     |
| Guy Himuro        | Purchasing       | Seattle             | Washington     |
| Karen Colmenares  | Purchasing       | Seattle             | Washington     |
| Steven King       | Executive        | Seattle             | Washington     |
| Neena Kochhar     | Executive        | Seattle             | Washington     |
| Lex De Haan       | Executive        | Seattle             | Washington     |
| Nancy Greenberg   | Finance          | Seattle             | Washington     |
| Daniel Faviet     | Finance          | Seattle             | Washington     |
| John Chen         | Finance          | Seattle             | Washington     |
| Ismael Sciarra    | Finance          | Seattle             | Washington     |
| Jose Manuel Urman | Finance          | Seattle             | Washington     |
| Luis Popp         | Finance          | Seattle             | Washington     |
| Shelley Higgins   | Accounting       | Seattle             | Washington     |
| William Gietz     | Accounting       | Seattle             | Washington     |
| Michael Hartstein | Marketing        | Toronto             | Ontario        |
| Pat Fay           | Marketing        | Toronto             | Ontario        |
| Susan Mavris      | Human Resources  | London              | NULL           |
| John Russell      | Sales            | Oxford              | Oxford         |
| Karen Partners    | Sales            | Oxford              | Oxford         |
| Alberto Errazuriz | Sales            | Oxford              | Oxford         |
| Gerald Cambrault  | Sales            | Oxford              | Oxford         |
| Eleni Zlotkey     | Sales            | Oxford              | Oxford         |
| Peter Tucker      | Sales            | Oxford              | Oxford         |
| David Bernstein   | Sales            | Oxford              | Oxford         |
| Peter Hall        | Sales            | Oxford              | Oxford         |
| Christopher Olsen | Sales            | Oxford              | Oxford         |
| Nanette Cambrault | Sales            | Oxford              | Oxford         |
| Oliver Tuvault    | Sales            | Oxford              | Oxford         |
| Janette King      | Sales            | Oxford              | Oxford         |
| Patrick Sully     | Sales            | Oxford              | Oxford         |
| Allan McEwen      | Sales            | Oxford              | Oxford         |
| Lindsey Smith     | Sales            | Oxford              | Oxford         |
| Louise Doran      | Sales            | Oxford              | Oxford         |
| Sarath Sewall     | Sales            | Oxford              | Oxford         |
| Clara Vishney     | Sales            | Oxford              | Oxford         |
| Danielle Greene   | Sales            | Oxford              | Oxford         |
| Mattea Marvins    | Sales            | Oxford              | Oxford         |
| David Lee         | Sales            | Oxford              | Oxford         |
| Sundar Ande       | Sales            | Oxford              | Oxford         |
| Amit Banda        | Sales            | Oxford              | Oxford         |
| Lisa Ozer         | Sales            | Oxford              | Oxford         |
| Harrison Bloom    | Sales            | Oxford              | Oxford         |
| Tayler Fox        | Sales            | Oxford              | Oxford         |
| William Smith     | Sales            | Oxford              | Oxford         |
| Elizabeth Bates   | Sales            | Oxford              | Oxford         |
| Sundita Kumar     | Sales            | Oxford              | Oxford         |
| Ellen Abel        | Sales            | Oxford              | Oxford         |
| Alyssa Hutton     | Sales            | Oxford              | Oxford         |
| Jonathon Taylor   | Sales            | Oxford              | Oxford         |
| Jack Livingston   | Sales            | Oxford              | Oxford         |
| Charles Johnson   | Sales            | Oxford              | Oxford         |
| Hermann Baer      | Public Relations | Munich              | Bavaria        |
+-------------------+------------------+---------------------+----------------+
106 rows in set (0.001 sec)

MariaDB [hr]>concat(e.first_name,' ',e.last_name) as full_name,d.department_name,l.city,l.state_province from employees e inner join departments d on e.department_id=d.department_id inner join locations l on d.location_id=l.location_id where e.last_name like '%a%';
+-------------------+------------------+---------------------+----------------+
| full_name         | depselectartment_name  | city                | state_province |
+-------------------+------------------+---------------------+----------------+
| David Austin      | IT               | Southlake           | Texas          |
| Valli Pataballa   | IT               | Southlake           | Texas          |
| Payam Kaufling    | Shipping         | South San Francisco | California     |
| Shanta Vollman    | Shipping         | South San Francisco | California     |
| Julia Nayer       | Shipping         | South San Francisco | California     |
| James Landry      | Shipping         | South San Francisco | California     |
| Steven Markle     | Shipping         | South San Francisco | California     |
| Mozhe Atkinson    | Shipping         | South San Francisco | California     |
| James Marlow      | Shipping         | South San Francisco | California     |
| Jason Mallin      | Shipping         | South San Francisco | California     |
| Hazel Philtanker  | Shipping         | South San Francisco | California     |
| Renske Ladwig     | Shipping         | South San Francisco | California     |
| Joshua Patel      | Shipping         | South San Francisco | California     |
| Trenna Rajs       | Shipping         | South San Francisco | California     |
| Curtis Davies     | Shipping         | South San Francisco | California     |
| Randall Matos     | Shipping         | South San Francisco | California     |
| Peter Vargas      | Shipping         | South San Francisco | California     |
| Winston Taylor    | Shipping         | South San Francisco | California     |
| Jean Fleaur       | Shipping         | South San Francisco | California     |
| Martha Sullivan   | Shipping         | South San Francisco | California     |
| Nandita Sarchand  | Shipping         | South San Francisco | California     |
| Anthony Cabrio    | Shipping         | South San Francisco | California     |
| Timothy Gates     | Shipping         | South San Francisco | California     |
| Samuel McCain     | Shipping         | South San Francisco | California     |
| Alana Walsh       | Shipping         | South San Francisco | California     |
| Douglas Grant     | Shipping         | South San Francisco | California     |
| Jennifer Whalen   | Administration   | Seattle             | Washington     |
| Den Raphaely      | Purchasing       | Seattle             | Washington     |
| Shelli Baida      | Purchasing       | Seattle             | Washington     |
| Sigal Tobias      | Purchasing       | Seattle             | Washington     |
| Karen Colmenares  | Purchasing       | Seattle             | Washington     |
| Neena Kochhar     | Executive        | Seattle             | Washington     |
| Lex De Haan       | Executive        | Seattle             | Washington     |
| Daniel Faviet     | Finance          | Seattle             | Washington     |
| Ismael Sciarra    | Finance          | Seattle             | Washington     |
| Jose Manuel Urman | Finance          | Seattle             | Washington     |
| Michael Hartstein | Marketing        | Toronto             | Ontario        |
| Pat Fay           | Marketing        | Toronto             | Ontario        |
| Susan Mavris      | Human Resources  | London              | NULL           |
| Karen Partners    | Sales            | Oxford              | Oxford         |
| Alberto Errazuriz | Sales            | Oxford              | Oxford         |
| Gerald Cambrault  | Sales            | Oxford              | Oxford         |
| Peter Hall        | Sales            | Oxford              | Oxford         |
| Nanette Cambrault | Sales            | Oxford              | Oxford         |
| Oliver Tuvault    | Sales            | Oxford              | Oxford         |
| Louise Doran      | Sales            | Oxford              | Oxford         |
| Sarath Sewall     | Sales            | Oxford              | Oxford         |
| Mattea Marvins    | Sales            | Oxford              | Oxford         |
| Sundar Ande       | Sales            | Oxford              | Oxford         |
| Amit Banda        | Sales            | Oxford              | Oxford         |
| Elizabeth Bates   | Sales            | Oxford              | Oxford         |
| Sundita Kumar     | Sales            | Oxford              | Oxford         |
| Ellen Abel        | Sales            | Oxford              | Oxford         |
| Jonathon Taylor   | Sales            | Oxford              | Oxford         |
| Hermann Baer      | Public Relations | Munich              | Bavaria        |
+-------------------+------------------+---------------------+----------------+
55 rows in set (0.001 sec)

MariaDB [hr]> SELECT e.first_name, e.last_name, d.department_number, d.department_name
    -> FROM Employees e
    -> LEFT JOIN Departments d ON e.department_id = d.department_id;
ERROR 1054 (42S22): Unknown column 'd.department_number' in 'field list'
MariaDB [hr]>
MariaDB [hr]> select e.first_name,e.last_name,d.department_id,d.department_name from employees e left join departments d on (e.department_id=d.department_id);
+-------------+-------------+---------------+------------------+
| first_name  | last_name   | department_id | department_name  |
+-------------+-------------+---------------+------------------+
| Steven      | King        |            90 | Executive        |
| Neena       | Kochhar     |            90 | Executive        |
| Lex         | De Haan     |            90 | Executive        |
| Alexander   | Hunold      |            60 | IT               |
| Bruce       | Ernst       |            60 | IT               |
| David       | Austin      |            60 | IT               |
| Valli       | Pataballa   |            60 | IT               |
| Diana       | Lorentz     |            60 | IT               |
| Nancy       | Greenberg   |           100 | Finance          |
| Daniel      | Faviet      |           100 | Finance          |
| John        | Chen        |           100 | Finance          |
| Ismael      | Sciarra     |           100 | Finance          |
| Jose Manuel | Urman       |           100 | Finance          |
| Luis        | Popp        |           100 | Finance          |
| Den         | Raphaely    |            30 | Purchasing       |
| Alexander   | Khoo        |            30 | Purchasing       |
| Shelli      | Baida       |            30 | Purchasing       |
| Sigal       | Tobias      |            30 | Purchasing       |
| Guy         | Himuro      |            30 | Purchasing       |
| Karen       | Colmenares  |            30 | Purchasing       |
| Matthew     | Weiss       |            50 | Shipping         |
| Adam        | Fripp       |            50 | Shipping         |
| Payam       | Kaufling    |            50 | Shipping         |
| Shanta      | Vollman     |            50 | Shipping         |
| Kevin       | Mourgos     |            50 | Shipping         |
| Julia       | Nayer       |            50 | Shipping         |
| Irene       | Mikkilineni |            50 | Shipping         |
| James       | Landry      |            50 | Shipping         |
| Steven      | Markle      |            50 | Shipping         |
| Laura       | Bissot      |            50 | Shipping         |
| Mozhe       | Atkinson    |            50 | Shipping         |
| James       | Marlow      |            50 | Shipping         |
| TJ          | Olson       |            50 | Shipping         |
| Jason       | Mallin      |            50 | Shipping         |
| Michael     | Rogers      |            50 | Shipping         |
| Ki          | Gee         |            50 | Shipping         |
| Hazel       | Philtanker  |            50 | Shipping         |
| Renske      | Ladwig      |            50 | Shipping         |
| Stephen     | Stiles      |            50 | Shipping         |
| John        | Seo         |            50 | Shipping         |
| Joshua      | Patel       |            50 | Shipping         |
| Trenna      | Rajs        |            50 | Shipping         |
| Curtis      | Davies      |            50 | Shipping         |
| Randall     | Matos       |            50 | Shipping         |
| Peter       | Vargas      |            50 | Shipping         |
| John        | Russell     |            80 | Sales            |
| Karen       | Partners    |            80 | Sales            |
| Alberto     | Errazuriz   |            80 | Sales            |
| Gerald      | Cambrault   |            80 | Sales            |
| Eleni       | Zlotkey     |            80 | Sales            |
| Peter       | Tucker      |            80 | Sales            |
| David       | Bernstein   |            80 | Sales            |
| Peter       | Hall        |            80 | Sales            |
| Christopher | Olsen       |            80 | Sales            |
| Nanette     | Cambrault   |            80 | Sales            |
| Oliver      | Tuvault     |            80 | Sales            |
| Janette     | King        |            80 | Sales            |
| Patrick     | Sully       |            80 | Sales            |
| Allan       | McEwen      |            80 | Sales            |
| Lindsey     | Smith       |            80 | Sales            |
| Louise      | Doran       |            80 | Sales            |
| Sarath      | Sewall      |            80 | Sales            |
| Clara       | Vishney     |            80 | Sales            |
| Danielle    | Greene      |            80 | Sales            |
| Mattea      | Marvins     |            80 | Sales            |
| David       | Lee         |            80 | Sales            |
| Sundar      | Ande        |            80 | Sales            |
| Amit        | Banda       |            80 | Sales            |
| Lisa        | Ozer        |            80 | Sales            |
| Harrison    | Bloom       |            80 | Sales            |
| Tayler      | Fox         |            80 | Sales            |
| William     | Smith       |            80 | Sales            |
| Elizabeth   | Bates       |            80 | Sales            |
| Sundita     | Kumar       |            80 | Sales            |
| Ellen       | Abel        |            80 | Sales            |
| Alyssa      | Hutton      |            80 | Sales            |
| Jonathon    | Taylor      |            80 | Sales            |
| Jack        | Livingston  |            80 | Sales            |
| Kimberely   | Grant       |          NULL | NULL             |
| Charles     | Johnson     |            80 | Sales            |
| Winston     | Taylor      |            50 | Shipping         |
| Jean        | Fleaur      |            50 | Shipping         |
| Martha      | Sullivan    |            50 | Shipping         |
| Girard      | Geoni       |            50 | Shipping         |
| Nandita     | Sarchand    |            50 | Shipping         |
| Alexis      | Bull        |            50 | Shipping         |
| Julia       | Dellinger   |            50 | Shipping         |
| Anthony     | Cabrio      |            50 | Shipping         |
| Kelly       | Chung       |            50 | Shipping         |
| Jennifer    | Dilly       |            50 | Shipping         |
| Timothy     | Gates       |            50 | Shipping         |
| Randall     | Perkins     |            50 | Shipping         |
| Sarah       | Bell        |            50 | Shipping         |
| Britney     | Everett     |            50 | Shipping         |
| Samuel      | McCain      |            50 | Shipping         |
| Vance       | Jones       |            50 | Shipping         |
| Alana       | Walsh       |            50 | Shipping         |
| Kevin       | Feeney      |            50 | Shipping         |
| Donald      | OConnell    |            50 | Shipping         |
| Douglas     | Grant       |            50 | Shipping         |
| Jennifer    | Whalen      |            10 | Administration   |
| Michael     | Hartstein   |            20 | Marketing        |
| Pat         | Fay         |            20 | Marketing        |
| Susan       | Mavris      |            40 | Human Resources  |
| Hermann     | Baer        |            70 | Public Relations |
| Shelley     | Higgins     |           110 | Accounting       |
| William     | Gietz       |           110 | Accounting       |
+-------------+-------------+---------------+------------------+
107 rows in set (0.001 sec)

MariaDB [hr]> select e.first_name, e.last_name, d.department_id, d.department_name from employees e left join departments d on e.department_id = d.department_id;
+-------------+-------------+---------------+------------------+
| first_name  | last_name   | department_id | department_name  |
+-------------+-------------+---------------+------------------+
| Steven      | King        |            90 | Executive        |
| Neena       | Kochhar     |            90 | Executive        |
| Lex         | De Haan     |            90 | Executive        |
| Alexander   | Hunold      |            60 | IT               |
| Bruce       | Ernst       |            60 | IT               |
| David       | Austin      |            60 | IT               |
| Valli       | Pataballa   |            60 | IT               |
| Diana       | Lorentz     |            60 | IT               |
| Nancy       | Greenberg   |           100 | Finance          |
| Daniel      | Faviet      |           100 | Finance          |
| John        | Chen        |           100 | Finance          |
| Ismael      | Sciarra     |           100 | Finance          |
| Jose Manuel | Urman       |           100 | Finance          |
| Luis        | Popp        |           100 | Finance          |
| Den         | Raphaely    |            30 | Purchasing       |
| Alexander   | Khoo        |            30 | Purchasing       |
| Shelli      | Baida       |            30 | Purchasing       |
| Sigal       | Tobias      |            30 | Purchasing       |
| Guy         | Himuro      |            30 | Purchasing       |
| Karen       | Colmenares  |            30 | Purchasing       |
| Matthew     | Weiss       |            50 | Shipping         |
| Adam        | Fripp       |            50 | Shipping         |
| Payam       | Kaufling    |            50 | Shipping         |
| Shanta      | Vollman     |            50 | Shipping         |
| Kevin       | Mourgos     |            50 | Shipping         |
| Julia       | Nayer       |            50 | Shipping         |
| Irene       | Mikkilineni |            50 | Shipping         |
| James       | Landry      |            50 | Shipping         |
| Steven      | Markle      |            50 | Shipping         |
| Laura       | Bissot      |            50 | Shipping         |
| Mozhe       | Atkinson    |            50 | Shipping         |
| James       | Marlow      |            50 | Shipping         |
| TJ          | Olson       |            50 | Shipping         |
| Jason       | Mallin      |            50 | Shipping         |
| Michael     | Rogers      |            50 | Shipping         |
| Ki          | Gee         |            50 | Shipping         |
| Hazel       | Philtanker  |            50 | Shipping         |
| Renske      | Ladwig      |            50 | Shipping         |
| Stephen     | Stiles      |            50 | Shipping         |
| John        | Seo         |            50 | Shipping         |
| Joshua      | Patel       |            50 | Shipping         |
| Trenna      | Rajs        |            50 | Shipping         |
| Curtis      | Davies      |            50 | Shipping         |
| Randall     | Matos       |            50 | Shipping         |
| Peter       | Vargas      |            50 | Shipping         |
| John        | Russell     |            80 | Sales            |
| Karen       | Partners    |            80 | Sales            |
| Alberto     | Errazuriz   |            80 | Sales            |
| Gerald      | Cambrault   |            80 | Sales            |
| Eleni       | Zlotkey     |            80 | Sales            |
| Peter       | Tucker      |            80 | Sales            |
| David       | Bernstein   |            80 | Sales            |
| Peter       | Hall        |            80 | Sales            |
| Christopher | Olsen       |            80 | Sales            |
| Nanette     | Cambrault   |            80 | Sales            |
| Oliver      | Tuvault     |            80 | Sales            |
| Janette     | King        |            80 | Sales            |
| Patrick     | Sully       |            80 | Sales            |
| Allan       | McEwen      |            80 | Sales            |
| Lindsey     | Smith       |            80 | Sales            |
| Louise      | Doran       |            80 | Sales            |
| Sarath      | Sewall      |            80 | Sales            |
| Clara       | Vishney     |            80 | Sales            |
| Danielle    | Greene      |            80 | Sales            |
| Mattea      | Marvins     |            80 | Sales            |
| David       | Lee         |            80 | Sales            |
| Sundar      | Ande        |            80 | Sales            |
| Amit        | Banda       |            80 | Sales            |
| Lisa        | Ozer        |            80 | Sales            |
| Harrison    | Bloom       |            80 | Sales            |
| Tayler      | Fox         |            80 | Sales            |
| William     | Smith       |            80 | Sales            |
| Elizabeth   | Bates       |            80 | Sales            |
| Sundita     | Kumar       |            80 | Sales            |
| Ellen       | Abel        |            80 | Sales            |
| Alyssa      | Hutton      |            80 | Sales            |
| Jonathon    | Taylor      |            80 | Sales            |
| Jack        | Livingston  |            80 | Sales            |
| Kimberely   | Grant       |          NULL | NULL             |
| Charles     | Johnson     |            80 | Sales            |
| Winston     | Taylor      |            50 | Shipping         |
| Jean        | Fleaur      |            50 | Shipping         |
| Martha      | Sullivan    |            50 | Shipping         |
| Girard      | Geoni       |            50 | Shipping         |
| Nandita     | Sarchand    |            50 | Shipping         |
| Alexis      | Bull        |            50 | Shipping         |
| Julia       | Dellinger   |            50 | Shipping         |
| Anthony     | Cabrio      |            50 | Shipping         |
| Kelly       | Chung       |            50 | Shipping         |
| Jennifer    | Dilly       |            50 | Shipping         |
| Timothy     | Gates       |            50 | Shipping         |
| Randall     | Perkins     |            50 | Shipping         |
| Sarah       | Bell        |            50 | Shipping         |
| Britney     | Everett     |            50 | Shipping         |
| Samuel      | McCain      |            50 | Shipping         |
| Vance       | Jones       |            50 | Shipping         |
| Alana       | Walsh       |            50 | Shipping         |
| Kevin       | Feeney      |            50 | Shipping         |
| Donald      | OConnell    |            50 | Shipping         |
| Douglas     | Grant       |            50 | Shipping         |
| Jennifer    | Whalen      |            10 | Administration   |
| Michael     | Hartstein   |            20 | Marketing        |
| Pat         | Fay         |            20 | Marketing        |
| Susan       | Mavris      |            40 | Human Resources  |
| Hermann     | Baer        |            70 | Public Relations |
| Shelley     | Higgins     |           110 | Accounting       |
| William     | Gietz       |           110 | Accounting       |
+-------------+-------------+---------------+------------------+
107 rows in set (0.001 sec)

MariaDB [hr]> select e1.last_name as employee_last_name, e2.last_name as manager_last_name from Employees e1 left join Employees e2 on (e1.manager_id = e2.employee_id);
+--------------------+-------------------+
| employee_last_name | manager_last_name |
+--------------------+-------------------+
| King               | NULL              |
| Kochhar            | King              |
| De Haan            | King              |
| Hunold             | De Haan           |
| Ernst              | Hunold            |
| Austin             | Hunold            |
| Pataballa          | Hunold            |
| Lorentz            | Hunold            |
| Greenberg          | Kochhar           |
| Faviet             | Greenberg         |
| Chen               | Greenberg         |
| Sciarra            | Greenberg         |
| Urman              | Greenberg         |
| Popp               | Greenberg         |
| Raphaely           | King              |
| Khoo               | Raphaely          |
| Baida              | Raphaely          |
| Tobias             | Raphaely          |
| Himuro             | Raphaely          |
| Colmenares         | Raphaely          |
| Weiss              | King              |
| Fripp              | King              |
| Kaufling           | King              |
| Vollman            | King              |
| Mourgos            | King              |
| Nayer              | Weiss             |
| Mikkilineni        | Weiss             |
| Landry             | Weiss             |
| Markle             | Weiss             |
| Bissot             | Fripp             |
| Atkinson           | Fripp             |
| Marlow             | Fripp             |
| Olson              | Fripp             |
| Mallin             | Kaufling          |
| Rogers             | Kaufling          |
| Gee                | Kaufling          |
| Philtanker         | Kaufling          |
| Ladwig             | Vollman           |
| Stiles             | Vollman           |
| Seo                | Vollman           |
| Patel              | Vollman           |
| Rajs               | Mourgos           |
| Davies             | Mourgos           |
| Matos              | Mourgos           |
| Vargas             | Mourgos           |
| Russell            | King              |
| Partners           | King              |
| Errazuriz          | King              |
| Cambrault          | King              |
| Zlotkey            | King              |
| Tucker             | Russell           |
| Bernstein          | Russell           |
| Hall               | Russell           |
| Olsen              | Russell           |
| Cambrault          | Russell           |
| Tuvault            | Russell           |
| King               | Partners          |
| Sully              | Partners          |
| McEwen             | Partners          |
| Smith              | Partners          |
| Doran              | Partners          |
| Sewall             | Partners          |
| Vishney            | Errazuriz         |
| Greene             | Errazuriz         |
| Marvins            | Errazuriz         |
| Lee                | Errazuriz         |
| Ande               | Errazuriz         |
| Banda              | Errazuriz         |
| Ozer               | Cambrault         |
| Bloom              | Cambrault         |
| Fox                | Cambrault         |
| Smith              | Cambrault         |
| Bates              | Cambrault         |
| Kumar              | Cambrault         |
| Abel               | Zlotkey           |
| Hutton             | Zlotkey           |
| Taylor             | Zlotkey           |
| Livingston         | Zlotkey           |
| Grant              | Zlotkey           |
| Johnson            | Zlotkey           |
| Taylor             | Weiss             |
| Fleaur             | Weiss             |
| Sullivan           | Weiss             |
| Geoni              | Weiss             |
| Sarchand           | Fripp             |
| Bull               | Fripp             |
| Dellinger          | Fripp             |
| Cabrio             | Fripp             |
| Chung              | Kaufling          |
| Dilly              | Kaufling          |
| Gates              | Kaufling          |
| Perkins            | Kaufling          |
| Bell               | Vollman           |
| Everett            | Vollman           |
| McCain             | Vollman           |
| Jones              | Vollman           |
| Walsh              | Mourgos           |
| Feeney             | Mourgos           |
| OConnell           | Mourgos           |
| Grant              | Mourgos           |
| Whalen             | Kochhar           |
| Hartstein          | King              |
| Fay                | Hartstein         |
| Mavris             | Kochhar           |
| Baer               | Kochhar           |
| Higgins            | Kochhar           |
| Gietz              | Higgins           |
+--------------------+-------------------+
107 rows in set (0.001 sec)

MariaDB [hr]> select e1.last_name as employee_last_name, ifnull(e2.last_name, 'no manager') as manager_last_name from employees e1 left join employees e2 on (e1.manager_id = e2.employee_id);
+--------------------+-------------------+
| employee_last_name | manager_last_name |
+--------------------+-------------------+
| King               | no manager        |
| Kochhar            | King              |
| De Haan            | King              |
| Hunold             | De Haan           |
| Ernst              | Hunold            |
| Austin             | Hunold            |
| Pataballa          | Hunold            |
| Lorentz            | Hunold            |
| Greenberg          | Kochhar           |
| Faviet             | Greenberg         |
| Chen               | Greenberg         |
| Sciarra            | Greenberg         |
| Urman              | Greenberg         |
| Popp               | Greenberg         |
| Raphaely           | King              |
| Khoo               | Raphaely          |
| Baida              | Raphaely          |
| Tobias             | Raphaely          |
| Himuro             | Raphaely          |
| Colmenares         | Raphaely          |
| Weiss              | King              |
| Fripp              | King              |
| Kaufling           | King              |
| Vollman            | King              |
| Mourgos            | King              |
| Nayer              | Weiss             |
| Mikkilineni        | Weiss             |
| Landry             | Weiss             |
| Markle             | Weiss             |
| Bissot             | Fripp             |
| Atkinson           | Fripp             |
| Marlow             | Fripp             |
| Olson              | Fripp             |
| Mallin             | Kaufling          |
| Rogers             | Kaufling          |
| Gee                | Kaufling          |
| Philtanker         | Kaufling          |
| Ladwig             | Vollman           |
| Stiles             | Vollman           |
| Seo                | Vollman           |
| Patel              | Vollman           |
| Rajs               | Mourgos           |
| Davies             | Mourgos           |
| Matos              | Mourgos           |
| Vargas             | Mourgos           |
| Russell            | King              |
| Partners           | King              |
| Errazuriz          | King              |
| Cambrault          | King              |
| Zlotkey            | King              |
| Tucker             | Russell           |
| Bernstein          | Russell           |
| Hall               | Russell           |
| Olsen              | Russell           |
| Cambrault          | Russell           |
| Tuvault            | Russell           |
| King               | Partners          |
| Sully              | Partners          |
| McEwen             | Partners          |
| Smith              | Partners          |
| Doran              | Partners          |
| Sewall             | Partners          |
| Vishney            | Errazuriz         |
| Greene             | Errazuriz         |
| Marvins            | Errazuriz         |
| Lee                | Errazuriz         |
| Ande               | Errazuriz         |
| Banda              | Errazuriz         |
| Ozer               | Cambrault         |
| Bloom              | Cambrault         |
| Fox                | Cambrault         |
| Smith              | Cambrault         |
| Bates              | Cambrault         |
| Kumar              | Cambrault         |
| Abel               | Zlotkey           |
| Hutton             | Zlotkey           |
| Taylor             | Zlotkey           |
| Livingston         | Zlotkey           |
| Grant              | Zlotkey           |
| Johnson            | Zlotkey           |
| Taylor             | Weiss             |
| Fleaur             | Weiss             |
| Sullivan           | Weiss             |
| Geoni              | Weiss             |
| Sarchand           | Fripp             |
| Bull               | Fripp             |
| Dellinger          | Fripp             |
| Cabrio             | Fripp             |
| Chung              | Kaufling          |
| Dilly              | Kaufling          |
| Gates              | Kaufling          |
| Perkins            | Kaufling          |
| Bell               | Vollman           |
| Everett            | Vollman           |
| McCain             | Vollman           |
| Jones              | Vollman           |
| Walsh              | Mourgos           |
| Feeney             | Mourgos           |
| OConnell           | Mourgos           |
| Grant              | Mourgos           |
| Whalen             | Kochhar           |
| Hartstein          | King              |
| Fay                | Hartstein         |
| Mavris             | Kochhar           |
| Baer               | Kochhar           |
| Higgins            | Kochhar           |
| Gietz              | Higgins           |
+--------------------+-------------------+
107 rows in set (0.001 sec)

MariaDB [hr]> select e.first_name, e.last_name, e.department_id from employees e where e.department_id = (select department_id from employees where last_name = 'King');
ERROR 1242 (21000): Subquery returns more than 1 row
MariaDB [hr]> select e.first_name, e.last_name, e.department_id from employees e where e.department_id = (select department_id from employees where last_name = 'King' limit 1);
+------------+-----------+---------------+
| first_name | last_name | department_id |
+------------+-----------+---------------+
| Steven     | King      |            90 |
| Neena      | Kochhar   |            90 |
| Lex        | De Haan   |            90 |
+------------+-----------+---------------+
3 rows in set (0.001 sec)

MariaDB [hr]> select last_name,salary from employees where<(select(salary) from employees where employee_id=103);
ERROR 1064 (42000): You have an error in your SQL syntax; check the manual that corresponds to your MariaDB server version for the right syntax to use near'<(select(salary) from employees where employee_id=103)' at line 1
MariaDB [hr]> select last_name,salary from employees where<(select(salary) from employees where employee_id=103);
ERROR 1064 (42000): You have an error in your SQL syntax; check the manual that corresponds to your MariaDB server version for the right syntax to use near'<(select(salary) from employees where employee_id=103)' at line 1
MariaDB [hr]> select last_name,salary from employees where<(select salary from employees where employee_id=103);
ERROR 1064 (42000): You have an error in your SQL syntax; check the manual that corresponds to your MariaDB server version for the right syntax to use near'<(select salary from employees where employee_id=103)' at line 1
MariaDB [hr]> select last_name,salary from employees where salary <(select salary from employees where employee_id=103);
+-------------+---------+
| last_name   | salary  |
+-------------+---------+
| Ernst       | 6000.00 |
| Austin      | 4800.00 |
| Pataballa   | 4800.00 |
| Lorentz     | 4200.00 |
| Chen        | 8200.00 |
| Sciarra     | 7700.00 |
| Urman       | 7800.00 |
| Popp        | 6900.00 |
| Khoo        | 3100.00 |
| Baida       | 2900.00 |
| Tobias      | 2800.00 |
| Himuro      | 2600.00 |
| Colmenares  | 2500.00 |
| Weiss       | 8000.00 |
| Fripp       | 8200.00 |
| Kaufling    | 7900.00 |
| Vollman     | 6500.00 |
| Mourgos     | 5800.00 |
| Nayer       | 3200.00 |
| Mikkilineni | 2700.00 |
| Landry      | 2400.00 |
| Markle      | 2200.00 |
| Bissot      | 3300.00 |
| Atkinson    | 2800.00 |
| Marlow      | 2500.00 |
| Olson       | 2100.00 |
| Mallin      | 3300.00 |
| Rogers      | 2900.00 |
| Gee         | 2400.00 |
| Philtanker  | 2200.00 |
| Ladwig      | 3600.00 |
| Stiles      | 3200.00 |
| Seo         | 2700.00 |
| Patel       | 2500.00 |
| Rajs        | 3500.00 |
| Davies      | 3100.00 |
| Matos       | 2600.00 |
| Vargas      | 2500.00 |
| Olsen       | 8000.00 |
| Cambrault   | 7500.00 |
| Tuvault     | 7000.00 |
| Smith       | 8000.00 |
| Doran       | 7500.00 |
| Sewall      | 7000.00 |
| Marvins     | 7200.00 |
| Lee         | 6800.00 |
| Ande        | 6400.00 |
| Banda       | 6200.00 |
| Smith       | 7400.00 |
| Bates       | 7300.00 |
| Kumar       | 6100.00 |
| Hutton      | 8800.00 |
| Taylor      | 8600.00 |
| Livingston  | 8400.00 |
| Grant       | 7000.00 |
| Johnson     | 6200.00 |
| Taylor      | 3200.00 |
| Fleaur      | 3100.00 |
| Sullivan    | 2500.00 |
| Geoni       | 2800.00 |
| Sarchand    | 4200.00 |
| Bull        | 4100.00 |
| Dellinger   | 3400.00 |
| Cabrio      | 3000.00 |
| Chung       | 3800.00 |
| Dilly       | 3600.00 |
| Gates       | 2900.00 |
| Perkins     | 2500.00 |
| Bell        | 4000.00 |
| Everett     | 3900.00 |
| McCain      | 3200.00 |
| Jones       | 2800.00 |
| Walsh       | 3100.00 |
| Feeney      | 3000.00 |
| OConnell    | 2600.00 |
| Grant       | 2600.00 |
| Whalen      | 4400.00 |
| Fay         | 6000.00 |
| Mavris      | 6500.00 |
| Gietz       | 8300.00 |
+-------------+---------+
80 rows in set (0.001 sec)

MariaDB [hr]>